Archive member included because of file (symbol)

c:/sunplus/s_core~1.1/gnu/bin/../lib/gcc/score-elf/4.2.1/../../../../score-elf/lib/mel\libc.a(abort.o)
                              Debug\libgloss.o (abort)
c:/sunplus/s_core~1.1/gnu/bin/../lib/gcc/score-elf/4.2.1/../../../../score-elf/lib/mel\libc.a(memcmp.o)
                              Debug\ff.o (memcmp)
c:/sunplus/s_core~1.1/gnu/bin/../lib/gcc/score-elf/4.2.1/../../../../score-elf/lib/mel\libc.a(memcpy.o)
                              Debug\ff.o (memcpy)
c:/sunplus/s_core~1.1/gnu/bin/../lib/gcc/score-elf/4.2.1/../../../../score-elf/lib/mel\libc.a(memset.o)
                              Debug\ff.o (memset)
c:/sunplus/s_core~1.1/gnu/bin/../lib/gcc/score-elf/4.2.1/../../../../score-elf/lib/mel\libc.a(signal.o)
                              c:/sunplus/s_core~1.1/gnu/bin/../lib/gcc/score-elf/4.2.1/../../../../score-elf/lib/mel\libc.a(abort.o) (raise)
c:/sunplus/s_core~1.1/gnu/bin/../lib/gcc/score-elf/4.2.1/../../../../score-elf/lib/mel\libc.a(strchr.o)
                              Debug\ff.o (strchr)
c:/sunplus/s_core~1.1/gnu/bin/../lib/gcc/score-elf/4.2.1/../../../../score-elf/lib/mel\libc.a(syswrite.o)
                              Debug\libgloss.o (write)
c:/sunplus/s_core~1.1/gnu/bin/../lib/gcc/score-elf/4.2.1/../../../../score-elf/lib/mel\libc.a(impure.o)
                              c:/sunplus/s_core~1.1/gnu/bin/../lib/gcc/score-elf/4.2.1/../../../../score-elf/lib/mel\libc.a(signal.o) (_impure_ptr)
c:/sunplus/s_core~1.1/gnu/bin/../lib/gcc/score-elf/4.2.1/../../../../score-elf/lib/mel\libc.a(mallocr.o)
                              c:/sunplus/s_core~1.1/gnu/bin/../lib/gcc/score-elf/4.2.1/../../../../score-elf/lib/mel\libc.a(signal.o) (_malloc_r)
c:/sunplus/s_core~1.1/gnu/bin/../lib/gcc/score-elf/4.2.1/../../../../score-elf/lib/mel\libc.a(mlock.o)
                              c:/sunplus/s_core~1.1/gnu/bin/../lib/gcc/score-elf/4.2.1/../../../../score-elf/lib/mel\libc.a(mallocr.o) (__malloc_lock)
c:/sunplus/s_core~1.1/gnu/bin/../lib/gcc/score-elf/4.2.1/../../../../score-elf/lib/mel\libc.a(freer.o)
                              c:/sunplus/s_core~1.1/gnu/bin/../lib/gcc/score-elf/4.2.1/../../../../score-elf/lib/mel\libc.a(mallocr.o) (_free_r)

Allocating common symbols
Common symbol       size              file

fs                  0x230             Debug\ff.o
controller          0x5               Debug\hs_controller.o

Memory Configuration

Name             Origin             Length             Attributes
*default*        0x0000000000000000 0xffffffffffffffff

Linker script and memory map

LOAD Obj.lst
LOAD Debug\hyperscan_startup.o
LOAD Debug\main.o
LOAD Debug\libgloss.o
LOAD Debug\discpu_funcs.o
LOAD Debug\change_clk.o
LOAD Debug\uart.o
LOAD Debug\tv.o
LOAD Debug\norflash.o
LOAD Debug\sys_isr.o
LOAD Debug\sys_irq.o
LOAD Debug\i2c.o
LOAD Debug\hs_controller.o
LOAD Debug\ff.o
LOAD Debug\diskio.o
LOAD Lib.lst
LOAD c:/sunplus/s_core~1.1/gnu/bin/../lib/gcc/score-elf/4.2.1/../../../../score-elf/lib/mel\libm.a
LOAD c:/sunplus/s_core~1.1/gnu/bin/../lib/gcc/score-elf/4.2.1/../../../../score-elf/lib/mel\libc.a
LOAD c:/sunplus/s_core~1.1/gnu/bin/../lib/gcc/score-elf/4.2.1/mel\libgcc.a
LOAD c:/sunplus/s_core~1.1/gnu/bin/../lib/gcc/score-elf/4.2.1/mel\libgcc.a
LOAD c:/sunplus/s_core~1.1/gnu/bin/../lib/gcc/score-elf/4.2.1/../../../../score-elf/lib/mel\libc.a
LOAD c:/sunplus/s_core~1.1/gnu/bin/../lib/gcc/score-elf/4.2.1/mel\libgcc.a
START GROUP
LOAD c:/sunplus/s_core~1.1/gnu/bin/../lib/gcc/score-elf/4.2.1/../../../../score-elf/lib/mel\libc.a
LOAD c:/sunplus/s_core~1.1/gnu/bin/../lib/gcc/score-elf/4.2.1/../../../../score-elf/lib/mel\libm.a
LOAD c:/sunplus/s_core~1.1/gnu/bin/../lib/gcc/score-elf/4.2.1/mel\libgcc.a
END GROUP

.exception      0x00000000a00901fc      0x2c4
 *(.exception_vec)
 .exception_vec
                0x00000000a00901fc      0x2c4 Debug\sys_isr.o
                0x00000000a00901fc                norm_debug_vec

.stack          0x00000000a0fffff0        0x0
                0x00000000a0fffff0                _stack = .
 *(.stack)
                0x00000000a0091000                . = 0xa0091000

.interp
 *(.interp)

.hash
 *(.hash)

.dynsym
 *(.dynsym)

.dynstr
 *(.dynstr)

.gnu.version
 *(.gnu.version)

.gnu.version_d
 *(.gnu.version_d)

.gnu.version_r
 *(.gnu.version_r)

.rel.dyn        0x00000000a0091000        0x0
 *(.rel.init)
 *(.rel.text .rel.text.* .rel.gnu.linkonce.t.*)
 *(.rel.fini)
 *(.rel.rodata .rel.rodata.* .rel.gnu.linkonce.r.*)
 *(.rel.data .rel.data.* .rel.gnu.linkonce.d.*)
 *(.rel.tdata .rel.tdata.* .rel.gnu.linkonce.td.*)
 *(.rel.tbss .rel.tbss.* .rel.gnu.linkonce.tb.*)
 *(.rel.ctors)
 *(.rel.dtors)
 *(.rel.got)
 *(.rel.sdata .rel.sdata.* .rel.gnu.linkonce.s.*)
 *(.rel.sbss .rel.sbss.* .rel.gnu.linkonce.sb.*)
 *(.rel.sdata2 .rel.sdata2.* .rel.gnu.linkonce.s2.*)
 *(.rel.sbss2 .rel.sbss2.* .rel.gnu.linkonce.sb2.*)
 *(.rel.bss .rel.bss.* .rel.gnu.linkonce.b.*)
 .rel.dyn       0x0000000000000000        0x0 c:/sunplus/s_core~1.1/gnu/bin/../lib/gcc/score-elf/4.2.1/../../../../score-elf/lib/mel\libc.a(mallocr.o)

.rela.dyn
 *(.rela.init)
 *(.rela.text .rela.text.* .rela.gnu.linkonce.t.*)
 *(.rela.fini)
 *(.rela.rodata .rela.rodata.* .rela.gnu.linkonce.r.*)
 *(.rela.data .rela.data.* .rela.gnu.linkonce.d.*)
 *(.rela.tdata .rela.tdata.* .rela.gnu.linkonce.td.*)
 *(.rela.tbss .rela.tbss.* .rela.gnu.linkonce.tb.*)
 *(.rela.ctors)
 *(.rela.dtors)
 *(.rela.got)
 *(.rela.sdata .rela.sdata.* .rela.gnu.linkonce.s.*)
 *(.rela.sbss .rela.sbss.* .rela.gnu.linkonce.sb.*)
 *(.rela.sdata2 .rela.sdata2.* .rela.gnu.linkonce.s2.*)
 *(.rela.sbss2 .rela.sbss2.* .rela.gnu.linkonce.sb2.*)
 *(.rela.bss .rela.bss.* .rela.gnu.linkonce.b.*)

.rel.plt
 *(.rel.plt)

.rela.plt
 *(.rela.plt)

.hardware_init  0x00000000a0091000       0x94
 *(.hardware_init)
 .hardware_init
                0x00000000a0091000       0x94 Debug\hyperscan_startup.o
                0x00000000a0091000                _hardware_init

.init
 *(.init)

.plt
 *(.plt)

.text           0x00000000a0091094     0x7c7c
 *(.text .stub .text.* .gnu.linkonce.t.*)
 .text          0x00000000a0091094        0x0 Debug\hyperscan_startup.o
 .text          0x00000000a0091094       0x6c Debug\main.o
                0x00000000a0091094                irq55_handler
                0x00000000a00910b0                main
 .text          0x00000000a0091100      0x3c0 Debug\libgloss.o
                0x00000000a0091430                _getpid
                0x00000000a00913b0                _lseek_r
                0x00000000a0091488                _kill_r
                0x00000000a00913c8                _fstat_r
                0x00000000a00913e8                isatty
                0x00000000a0091440                _getpid_r
                0x00000000a0091320                _sbrk_r
                0x00000000a0091180                _read_r
                0x00000000a0091100                _putc_r
                0x00000000a00912d4                _open_r
                0x00000000a00912ec                _close_r
                0x00000000a0091250                _write_r
                0x00000000a0091450                _kill
                0x00000000a0091300                _exit
 .text          0x00000000a00914c0       0xa4 Debug\discpu_funcs.o
                0x00000000a00914f0                jumpto_extrom_cpu_poweronn
                0x00000000a0091510                jumpto_extrom_change_cpuclk
                0x00000000a0091500                jumpto_extrom_cpu_warmrstn
                0x00000000a00914c0                jumpto_extrom_discpu_clk
                0x00000000a00914d0                jumpto_extrom_discpu_miu_clk
                0x00000000a00914e0                jumpto_extrom_discpu_miu_clk_pll
 .text          0x00000000a0091564      0x4dc Debug\change_clk.o
                0x00000000a00919b0                PLL_change_func
                0x00000000a0091564                change_clk
 .text          0x00000000a0091a40       0xd8 Debug\uart.o
                0x00000000a0091a4c                uart_sendchar
                0x00000000a0091a9c                uart_getchar
                0x00000000a0091a40                uart_init
 .text          0x00000000a0091b18      0x5bc Debug\tv.o
                0x00000000a0091e0c                tv_printcolor
                0x00000000a0091c18                tv_buffer_set
                0x00000000a009201c                tv_fadeout
                0x00000000a0091c88                tv_hue
                0x00000000a0091c68                tv_saturation
                0x00000000a0091c4c                tv_buffer_sel
                0x00000000a0091b6c                tv_init
                0x00000000a0091ca8                tv_fade
                0x00000000a0091cc8                tv_print
                0x00000000a0092074                tv_fadein
                0x00000000a0091f44                tv_printhex
                0x00000000a0091b18                tv_clearscreen
 .text          0x00000000a00920d4      0x3d0 Debug\norflash.o
                0x00000000a0092248                norflash_sectorerase
                0x00000000a009210c                norflash_chiperase
                0x00000000a0092470                norflash_delay
                0x00000000a0092300                norflash_write32
                0x00000000a0092190                norflash_blockerase
                0x00000000a00923a8                norflash_wordwrite
                0x00000000a009241c                norflash_setaddress
                0x00000000a00920d4                norflash_init
 .text          0x00000000a00924a4        0x0 Debug\sys_isr.o
 .text          0x00000000a00924a4      0x12c Debug\sys_irq.o
                0x00000000a00924b0                attach_isr
                0x00000000a0092568                irq_dispatch
 .text          0x00000000a00925d0      0x164 Debug\i2c.o
                0x00000000a00926ac                i2c_write8
                0x00000000a0092620                i2c_read8
                0x00000000a00925d0                i2c_init
 .text          0x00000000a0092734      0x138 Debug\hs_controller.o
                0x00000000a0092734                hs_controller_init
                0x00000000a0092788                hs_controller_read
 .text          0x00000000a009286c     0x4fd0 Debug\ff.o
                0x00000000a0096eb0                f_gets
                0x00000000a0097190                f_printf
                0x00000000a0096c0c                f_rename
                0x00000000a0096710                f_truncate
                0x00000000a009637c                f_closedir
                0x00000000a0096894                f_unlink
                0x00000000a00970d4                f_putc
                0x00000000a0097124                f_puts
                0x00000000a0095eb0                f_close
                0x00000000a0095600                f_read
                0x00000000a00963c0                f_readdir
                0x00000000a0095d90                f_sync
                0x00000000a00950c8                f_mount
                0x00000000a0096264                f_opendir
                0x00000000a0095f0c                f_lseek
                0x00000000a0096464                f_stat
                0x00000000a0095948                f_write
                0x00000000a00951c0                f_open
                0x00000000a0096a14                f_mkdir
                0x00000000a00964f8                f_getfree
 .text          0x00000000a009783c      0x220 Debug\diskio.o
                0x00000000a00978a8                USB_disk_initialize
                0x00000000a0097924                DiskB_ReadSector
                0x00000000a00979c0                disk_initialize
                0x00000000a00979ac                disk_status
                0x00000000a0097a44                disk_ioctl
                0x00000000a009783c                DiskB_Initial
                0x00000000a0097968                DiskB_WriteSector
                0x00000000a0097a14                disk_write
                0x00000000a00979e4                disk_read
 .text          0x00000000a0097a5c       0x14 c:/sunplus/s_core~1.1/gnu/bin/../lib/gcc/score-elf/4.2.1/../../../../score-elf/lib/mel\libc.a(abort.o)
                0x00000000a0097a5c                abort
 .text          0x00000000a0097a70       0x90 c:/sunplus/s_core~1.1/gnu/bin/../lib/gcc/score-elf/4.2.1/../../../../score-elf/lib/mel\libc.a(memcmp.o)
                0x00000000a0097a70                memcmp
 .text          0x00000000a0097b00       0xb0 c:/sunplus/s_core~1.1/gnu/bin/../lib/gcc/score-elf/4.2.1/../../../../score-elf/lib/mel\libc.a(memcpy.o)
                0x00000000a0097b00                memcpy
 .text          0x00000000a0097bb0       0xb4 c:/sunplus/s_core~1.1/gnu/bin/../lib/gcc/score-elf/4.2.1/../../../../score-elf/lib/mel\libc.a(memset.o)
                0x00000000a0097bb0                memset
 .text          0x00000000a0097c64      0x2a8 c:/sunplus/s_core~1.1/gnu/bin/../lib/gcc/score-elf/4.2.1/../../../../score-elf/lib/mel\libc.a(signal.o)
                0x00000000a0097e6c                _signal_r
                0x00000000a0097d90                _raise_r
                0x00000000a0097ce0                __sigtramp_r
                0x00000000a0097ee4                signal
                0x00000000a0097cd0                _init_signal
                0x00000000a0097c64                _init_signal_r
                0x00000000a0097d70                __sigtramp
                0x00000000a0097e4c                raise
 .text          0x00000000a0097f0c       0xfc c:/sunplus/s_core~1.1/gnu/bin/../lib/gcc/score-elf/4.2.1/../../../../score-elf/lib/mel\libc.a(strchr.o)
                0x00000000a0097f0c                strchr
 .text          0x00000000a0098008       0x28 c:/sunplus/s_core~1.1/gnu/bin/../lib/gcc/score-elf/4.2.1/../../../../score-elf/lib/mel\libc.a(syswrite.o)
                0x00000000a0098008                write
 .text          0x00000000a0098030        0x0 c:/sunplus/s_core~1.1/gnu/bin/../lib/gcc/score-elf/4.2.1/../../../../score-elf/lib/mel\libc.a(impure.o)
 .text          0x00000000a0098030      0x8ac c:/sunplus/s_core~1.1/gnu/bin/../lib/gcc/score-elf/4.2.1/../../../../score-elf/lib/mel\libc.a(mallocr.o)
                0x00000000a0098030                _malloc_r
 .text          0x00000000a00988dc        0x8 c:/sunplus/s_core~1.1/gnu/bin/../lib/gcc/score-elf/4.2.1/../../../../score-elf/lib/mel\libc.a(mlock.o)
                0x00000000a00988e0                __malloc_unlock
                0x00000000a00988dc                __malloc_lock
 .text          0x00000000a00988e4      0x42c c:/sunplus/s_core~1.1/gnu/bin/../lib/gcc/score-elf/4.2.1/../../../../score-elf/lib/mel\libc.a(freer.o)
                0x00000000a0098a00                _free_r
                0x00000000a00988e4                _malloc_trim_r
 *(.gnu.warning)
 *(.glue_7t)
 *(.glue_7)

.fini
 *(.fini)
                0x00000000a0098d10                PROVIDE (__etext, .)
                0x00000000a0098d10                PROVIDE (_etext, .)
                0x00000000a0098d10                PROVIDE (etext, .)

.rodata         0x00000000a0098d10     0x11bc
 *(.rodata .rodata.* .gnu.linkonce.r.*)
 .rodata        0x00000000a0098d10       0x10 Debug\main.o
 .rodata        0x00000000a0098d20       0x10 Debug\libgloss.o
 .rodata        0x00000000a0098d30       0x74 Debug\change_clk.o
 .rodata        0x00000000a0098da4     0x1004 Debug\tv.o
                0x00000000a0098da4                font
 .rodata        0x00000000a0099da8      0x120 Debug\ff.o
 .rodata.str1.4
                0x00000000a0099ec8        0x4 c:/sunplus/s_core~1.1/gnu/bin/../lib/gcc/score-elf/4.2.1/../../../../score-elf/lib/mel\libc.a(impure.o)

.rodata1
 *(.rodata1)

.sdata2
 *(.sdata2 .sdata2.* .gnu.linkonce.s2.*)

.sbss2
 *(.sbss2 .sbss2.* .gnu.linkonce.sb2.*)

.eh_frame_hdr
 *(.eh_frame_hdr)
                0x00000000a0099fcc                . = (ALIGN (0x100) + (. & 0xff))
                0x00000000a0099fcc                . = ALIGN (0x4)
                0x00000000a0099fcc                PROVIDE (__preinit_array_start, .)

.preinit_array
 *(.preinit_array)
                0x00000000a0099fcc                PROVIDE (__preinit_array_end, .)
                0x00000000a0099fcc                PROVIDE (__init_array_start, .)

.init_array
 *(.init_array)
                0x00000000a0099fcc                PROVIDE (__init_array_end, .)
                0x00000000a0099fcc                PROVIDE (__fini_array_start, .)

.fini_array
 *(.fini_array)
                0x00000000a0099fcc                PROVIDE (__fini_array_end, .)

.data           0x00000000a0099fd0      0x798
                0x00000000a0099fd0                __data_start = .
 *(.data .data.* .gnu.linkonce.d.*)
 .data          0x00000000a0099fd0        0x0 Debug\hyperscan_startup.o
 .data          0x00000000a0099fd0        0x0 Debug\main.o
 .data          0x00000000a0099fd0        0x0 Debug\libgloss.o
 .data          0x00000000a0099fd0        0x0 Debug\discpu_funcs.o
 .data          0x00000000a0099fd0        0x0 Debug\change_clk.o
 .data          0x00000000a0099fd0        0x0 Debug\uart.o
 .data          0x00000000a0099fd0        0x0 Debug\tv.o
 .data          0x00000000a0099fd0        0x0 Debug\norflash.o
 .data          0x00000000a0099fd0        0x0 Debug\sys_isr.o
 .data          0x00000000a0099fd0        0x0 Debug\sys_irq.o
 .data          0x00000000a0099fd0        0x0 Debug\i2c.o
 .data          0x00000000a0099fd0        0x0 Debug\hs_controller.o
 .data          0x00000000a0099fd0        0x0 Debug\ff.o
 .data          0x00000000a0099fd0        0x0 Debug\diskio.o
 .data          0x00000000a0099fd0        0x0 c:/sunplus/s_core~1.1/gnu/bin/../lib/gcc/score-elf/4.2.1/../../../../score-elf/lib/mel\libc.a(abort.o)
 .data          0x00000000a0099fd0        0x0 c:/sunplus/s_core~1.1/gnu/bin/../lib/gcc/score-elf/4.2.1/../../../../score-elf/lib/mel\libc.a(memcmp.o)
 .data          0x00000000a0099fd0        0x0 c:/sunplus/s_core~1.1/gnu/bin/../lib/gcc/score-elf/4.2.1/../../../../score-elf/lib/mel\libc.a(memcpy.o)
 .data          0x00000000a0099fd0        0x0 c:/sunplus/s_core~1.1/gnu/bin/../lib/gcc/score-elf/4.2.1/../../../../score-elf/lib/mel\libc.a(memset.o)
 .data          0x00000000a0099fd0        0x0 c:/sunplus/s_core~1.1/gnu/bin/../lib/gcc/score-elf/4.2.1/../../../../score-elf/lib/mel\libc.a(signal.o)
 .data          0x00000000a0099fd0        0x0 c:/sunplus/s_core~1.1/gnu/bin/../lib/gcc/score-elf/4.2.1/../../../../score-elf/lib/mel\libc.a(strchr.o)
 .data          0x00000000a0099fd0        0x0 c:/sunplus/s_core~1.1/gnu/bin/../lib/gcc/score-elf/4.2.1/../../../../score-elf/lib/mel\libc.a(syswrite.o)
 .data          0x00000000a0099fd0      0x388 c:/sunplus/s_core~1.1/gnu/bin/../lib/gcc/score-elf/4.2.1/../../../../score-elf/lib/mel\libc.a(impure.o)
                0x00000000a0099fd0                _impure_ptr
 .data          0x00000000a009a358      0x410 c:/sunplus/s_core~1.1/gnu/bin/../lib/gcc/score-elf/4.2.1/../../../../score-elf/lib/mel\libc.a(mallocr.o)
                0x00000000a009a764                __malloc_sbrk_base
                0x00000000a009a358                __malloc_av_
                0x00000000a009a760                __malloc_trim_threshold
 .data          0x00000000a009a768        0x0 c:/sunplus/s_core~1.1/gnu/bin/../lib/gcc/score-elf/4.2.1/../../../../score-elf/lib/mel\libc.a(mlock.o)
 .data          0x00000000a009a768        0x0 c:/sunplus/s_core~1.1/gnu/bin/../lib/gcc/score-elf/4.2.1/../../../../score-elf/lib/mel\libc.a(freer.o)

.data1
 *(.data1)

.tdata
 *(.tdata .tdata.* .gnu.linkonce.td.*)

.tbss
 *(.tbss .tbss.* .gnu.linkonce.tb.*)
 *(.tcommon)

.eh_frame
 *(.eh_frame)

.gcc_except_table
 *(.gcc_except_table)

.dynamic
 *(.dynamic)

.ctors
 *crtbegin.o(.ctors)
 *(EXCLUDE_FILE(*crtend.o) .ctors)
 *(SORT(.ctors.*))
 *(.ctors)

.dtors
 *crtbegin.o(.dtors)
 *(EXCLUDE_FILE(*crtend.o) .dtors)
 *(SORT(.dtors.*))
 *(.dtors)

.jcr
 *(.jcr)

.got
 *(.got.plt)
 *(.got)
                0x00000000a009e768                _gp = (. + 0x4000)

.sdata          0x00000000a009a768        0x4
                0x00000000a009a768                _sdata_start = .
 *(.sdata .sdata.* .gnu.linkonce.s.*)
 .sdata         0x00000000a009a768        0x4 Debug\main.o
                0x00000000a009a768                fb
                0x00000000a009a76c                _edata = .
                0x00000000a009a76c                PROVIDE (edata, .)
                0x00000000a009a76c                . = ALIGN (0x4)
                0x00000000a009a76c                __bss_start = .
                0x00000000a009a76c                __bss_start__ = .

.sbss           0x00000000a009a76c       0x11
                0x00000000a009a76c                PROVIDE (__sbss_start, .)
                0x00000000a009a76c                PROVIDE (___sbss_start, .)
 *(.dynsbss)
 *(.sbss .sbss.* .gnu.linkonce.sb.*)
 .sbss          0x00000000a009a76c        0x4 Debug\libgloss.o
 .sbss          0x00000000a009a770        0x8 Debug\ff.o
 *(.scommon)
 .scommon       0x00000000a009a778        0x5 Debug\hs_controller.o
                0x00000000a009a778                controller
                0x00000000a009a77d                PROVIDE (__sbss_end, .)
                0x00000000a009a77d                PROVIDE (___sbss_end, .)
                0x00000000a009e768                _gp = (_sdata_start + 0x4000)

.bss            0x00000000a009a780    0x80360
 *(.dynbss)
 *(.bss .bss.* .gnu.linkonce.b.*)
 .bss           0x00000000a009a780        0x0 Debug\hyperscan_startup.o
 .bss           0x00000000a009a780        0x0 Debug\main.o
 .bss           0x00000000a009a780    0x80000 Debug\libgloss.o
 .bss           0x00000000a011a780        0x0 Debug\discpu_funcs.o
 .bss           0x00000000a011a780        0x0 Debug\change_clk.o
 .bss           0x00000000a011a780        0x0 Debug\uart.o
 .bss           0x00000000a011a780        0x0 Debug\tv.o
 .bss           0x00000000a011a780        0x0 Debug\norflash.o
 .bss           0x00000000a011a780        0x0 Debug\sys_isr.o
 .bss           0x00000000a011a780       0xfc Debug\sys_irq.o
 .bss           0x00000000a011a87c        0x0 Debug\i2c.o
 .bss           0x00000000a011a87c        0x0 Debug\hs_controller.o
 .bss           0x00000000a011a87c        0x0 Debug\ff.o
 .bss           0x00000000a011a87c        0x0 Debug\diskio.o
 .bss           0x00000000a011a87c        0x0 c:/sunplus/s_core~1.1/gnu/bin/../lib/gcc/score-elf/4.2.1/../../../../score-elf/lib/mel\libc.a(abort.o)
 .bss           0x00000000a011a87c        0x0 c:/sunplus/s_core~1.1/gnu/bin/../lib/gcc/score-elf/4.2.1/../../../../score-elf/lib/mel\libc.a(memcmp.o)
 .bss           0x00000000a011a87c        0x0 c:/sunplus/s_core~1.1/gnu/bin/../lib/gcc/score-elf/4.2.1/../../../../score-elf/lib/mel\libc.a(memcpy.o)
 .bss           0x00000000a011a87c        0x0 c:/sunplus/s_core~1.1/gnu/bin/../lib/gcc/score-elf/4.2.1/../../../../score-elf/lib/mel\libc.a(memset.o)
 .bss           0x00000000a011a87c        0x0 c:/sunplus/s_core~1.1/gnu/bin/../lib/gcc/score-elf/4.2.1/../../../../score-elf/lib/mel\libc.a(signal.o)
 .bss           0x00000000a011a87c        0x0 c:/sunplus/s_core~1.1/gnu/bin/../lib/gcc/score-elf/4.2.1/../../../../score-elf/lib/mel\libc.a(strchr.o)
 .bss           0x00000000a011a87c        0x0 c:/sunplus/s_core~1.1/gnu/bin/../lib/gcc/score-elf/4.2.1/../../../../score-elf/lib/mel\libc.a(syswrite.o)
 .bss           0x00000000a011a87c        0x0 c:/sunplus/s_core~1.1/gnu/bin/../lib/gcc/score-elf/4.2.1/../../../../score-elf/lib/mel\libc.a(impure.o)
 .bss           0x00000000a011a87c       0x34 c:/sunplus/s_core~1.1/gnu/bin/../lib/gcc/score-elf/4.2.1/../../../../score-elf/lib/mel\libc.a(mallocr.o)
                0x00000000a011a87c                __malloc_top_pad
                0x00000000a011a880                __malloc_max_sbrked_mem
                0x00000000a011a888                __malloc_current_mallinfo
                0x00000000a011a884                __malloc_max_total_mem
 .bss           0x00000000a011a8b0        0x0 c:/sunplus/s_core~1.1/gnu/bin/../lib/gcc/score-elf/4.2.1/../../../../score-elf/lib/mel\libc.a(mlock.o)
 .bss           0x00000000a011a8b0        0x0 c:/sunplus/s_core~1.1/gnu/bin/../lib/gcc/score-elf/4.2.1/../../../../score-elf/lib/mel\libc.a(freer.o)
 *(COMMON)
 COMMON         0x00000000a011a8b0      0x230 Debug\ff.o
                0x00000000a011a8b0                fs
                0x00000000a011aae0                . = ALIGN (0x4)
                0x00000000a011aae0                . = ALIGN (0x4)
                0x00000000a011aae0                _end = .
                0x00000000a011aae0                _bss_end__ = .
                0x00000000a011aae0                __bss_end__ = .
                0x00000000a011aae0                __end__ = .
                0x00000000a011aae0                PROVIDE (end, .)

.stab
 *(.stab)

.stabstr
 *(.stabstr)

.stab.excl
 *(.stab.excl)

.stab.exclstr
 *(.stab.exclstr)

.stab.index
 *(.stab.index)

.stab.indexstr
 *(.stab.indexstr)

.comment        0x0000000000000000      0x18c
 *(.comment)
 .comment       0x0000000000000000       0x12 Debug\main.o
 .comment       0x0000000000000012       0x12 Debug\libgloss.o
 .comment       0x0000000000000024       0x12 Debug\change_clk.o
 .comment       0x0000000000000036       0x12 Debug\uart.o
 .comment       0x0000000000000048       0x12 Debug\tv.o
 .comment       0x000000000000005a       0x12 Debug\norflash.o
 .comment       0x000000000000006c       0x12 Debug\sys_irq.o
 .comment       0x000000000000007e       0x12 Debug\i2c.o
 .comment       0x0000000000000090       0x12 Debug\hs_controller.o
 .comment       0x00000000000000a2       0x12 Debug\ff.o
 .comment       0x00000000000000b4       0x12 Debug\diskio.o
 .comment       0x00000000000000c6       0x12 c:/sunplus/s_core~1.1/gnu/bin/../lib/gcc/score-elf/4.2.1/../../../../score-elf/lib/mel\libc.a(abort.o)
 .comment       0x00000000000000d8       0x12 c:/sunplus/s_core~1.1/gnu/bin/../lib/gcc/score-elf/4.2.1/../../../../score-elf/lib/mel\libc.a(memcmp.o)
 .comment       0x00000000000000ea       0x12 c:/sunplus/s_core~1.1/gnu/bin/../lib/gcc/score-elf/4.2.1/../../../../score-elf/lib/mel\libc.a(memcpy.o)
 .comment       0x00000000000000fc       0x12 c:/sunplus/s_core~1.1/gnu/bin/../lib/gcc/score-elf/4.2.1/../../../../score-elf/lib/mel\libc.a(memset.o)
 .comment       0x000000000000010e       0x12 c:/sunplus/s_core~1.1/gnu/bin/../lib/gcc/score-elf/4.2.1/../../../../score-elf/lib/mel\libc.a(signal.o)
 .comment       0x0000000000000120       0x12 c:/sunplus/s_core~1.1/gnu/bin/../lib/gcc/score-elf/4.2.1/../../../../score-elf/lib/mel\libc.a(strchr.o)
 .comment       0x0000000000000132       0x12 c:/sunplus/s_core~1.1/gnu/bin/../lib/gcc/score-elf/4.2.1/../../../../score-elf/lib/mel\libc.a(syswrite.o)
 .comment       0x0000000000000144       0x12 c:/sunplus/s_core~1.1/gnu/bin/../lib/gcc/score-elf/4.2.1/../../../../score-elf/lib/mel\libc.a(impure.o)
 .comment       0x0000000000000156       0x12 c:/sunplus/s_core~1.1/gnu/bin/../lib/gcc/score-elf/4.2.1/../../../../score-elf/lib/mel\libc.a(mallocr.o)
 .comment       0x0000000000000168       0x12 c:/sunplus/s_core~1.1/gnu/bin/../lib/gcc/score-elf/4.2.1/../../../../score-elf/lib/mel\libc.a(mlock.o)
 .comment       0x000000000000017a       0x12 c:/sunplus/s_core~1.1/gnu/bin/../lib/gcc/score-elf/4.2.1/../../../../score-elf/lib/mel\libc.a(freer.o)

.debug
 *(.debug)

.line
 *(.line)

.debug_srcinfo
 *(.debug_srcinfo)

.debug_sfnames
 *(.debug_sfnames)

.debug_aranges  0x0000000000000000      0x1c0
 *(.debug_aranges)
 .debug_aranges
                0x0000000000000000       0x20 Debug\hyperscan_startup.o
 .debug_aranges
                0x0000000000000020       0x20 Debug\main.o
 .debug_aranges
                0x0000000000000040       0x20 Debug\libgloss.o
 .debug_aranges
                0x0000000000000060       0x20 Debug\discpu_funcs.o
 .debug_aranges
                0x0000000000000080       0x20 Debug\change_clk.o
 .debug_aranges
                0x00000000000000a0       0x20 Debug\uart.o
 .debug_aranges
                0x00000000000000c0       0x20 Debug\tv.o
 .debug_aranges
                0x00000000000000e0       0x20 Debug\norflash.o
 .debug_aranges
                0x0000000000000100       0x20 Debug\sys_isr.o
 .debug_aranges
                0x0000000000000120       0x20 Debug\sys_irq.o
 .debug_aranges
                0x0000000000000140       0x20 Debug\i2c.o
 .debug_aranges
                0x0000000000000160       0x20 Debug\hs_controller.o
 .debug_aranges
                0x0000000000000180       0x20 Debug\ff.o
 .debug_aranges
                0x00000000000001a0       0x20 Debug\diskio.o

.debug_pubnames
                0x0000000000000000      0x589
 *(.debug_pubnames)
 .debug_pubnames
                0x0000000000000000       0x34 Debug\main.o
 .debug_pubnames
                0x0000000000000034       0xbb Debug\libgloss.o
 .debug_pubnames
                0x00000000000000ef       0x35 Debug\change_clk.o
 .debug_pubnames
                0x0000000000000124       0x43 Debug\uart.o
 .debug_pubnames
                0x0000000000000167       0xd3 Debug\tv.o
 .debug_pubnames
                0x000000000000023a       0xc3 Debug\norflash.o
 .debug_pubnames
                0x00000000000002fd       0x32 Debug\sys_irq.o
 .debug_pubnames
                0x000000000000032f       0x3c Debug\i2c.o
 .debug_pubnames
                0x000000000000036b       0x4f Debug\hs_controller.o
 .debug_pubnames
                0x00000000000003ba      0x111 Debug\ff.o
 .debug_pubnames
                0x00000000000004cb       0xbe Debug\diskio.o

.debug_info     0x0000000000000000     0x4daa
 *(.debug_info .gnu.linkonce.wi.*)
 .debug_info    0x0000000000000000       0xc8 Debug\hyperscan_startup.o
 .debug_info    0x00000000000000c8      0x14c Debug\main.o
 .debug_info    0x0000000000000214     0x1115 Debug\libgloss.o
 .debug_info    0x0000000000001329       0xa5 Debug\discpu_funcs.o
 .debug_info    0x00000000000013ce      0x37d Debug\change_clk.o
 .debug_info    0x000000000000174b      0x15f Debug\uart.o
 .debug_info    0x00000000000018aa      0x4f6 Debug\tv.o
 .debug_info    0x0000000000001da0      0x28a Debug\norflash.o
 .debug_info    0x000000000000202a       0xa0 Debug\sys_isr.o
 .debug_info    0x00000000000020ca      0x201 Debug\sys_irq.o
 .debug_info    0x00000000000022cb      0x151 Debug\i2c.o
 .debug_info    0x000000000000241c      0x2d7 Debug\hs_controller.o
 .debug_info    0x00000000000026f3     0x2104 Debug\ff.o
 .debug_info    0x00000000000047f7      0x5b3 Debug\diskio.o

.debug_abbrev   0x0000000000000000      0x957
 *(.debug_abbrev)
 .debug_abbrev  0x0000000000000000       0x14 Debug\hyperscan_startup.o
 .debug_abbrev  0x0000000000000014       0x72 Debug\main.o
 .debug_abbrev  0x0000000000000086      0x1ce Debug\libgloss.o
 .debug_abbrev  0x0000000000000254       0x14 Debug\discpu_funcs.o
 .debug_abbrev  0x0000000000000268       0xb5 Debug\change_clk.o
 .debug_abbrev  0x000000000000031d       0x69 Debug\uart.o
 .debug_abbrev  0x0000000000000386       0xa8 Debug\tv.o
 .debug_abbrev  0x000000000000042e       0x97 Debug\norflash.o
 .debug_abbrev  0x00000000000004c5       0x14 Debug\sys_isr.o
 .debug_abbrev  0x00000000000004d9       0xa8 Debug\sys_irq.o
 .debug_abbrev  0x0000000000000581       0x80 Debug\i2c.o
 .debug_abbrev  0x0000000000000601       0xcf Debug\hs_controller.o
 .debug_abbrev  0x00000000000006d0      0x190 Debug\ff.o
 .debug_abbrev  0x0000000000000860       0xf7 Debug\diskio.o

.debug_line     0x0000000000000000     0x13a6
 *(.debug_line)
 .debug_line    0x0000000000000000       0xac Debug\hyperscan_startup.o
 .debug_line    0x00000000000000ac       0x8d Debug\main.o
 .debug_line    0x0000000000000139      0x198 Debug\libgloss.o
 .debug_line    0x00000000000002d1       0x99 Debug\discpu_funcs.o
 .debug_line    0x000000000000036a       0xfd Debug\change_clk.o
 .debug_line    0x0000000000000467       0x77 Debug\uart.o
 .debug_line    0x00000000000004de      0x12e Debug\tv.o
 .debug_line    0x000000000000060c       0xd2 Debug\norflash.o
 .debug_line    0x00000000000006de      0x128 Debug\sys_isr.o
 .debug_line    0x0000000000000806       0x8a Debug\sys_irq.o
 .debug_line    0x0000000000000890       0x83 Debug\i2c.o
 .debug_line    0x0000000000000913       0xf8 Debug\hs_controller.o
 .debug_line    0x0000000000000a0b      0x85e Debug\ff.o
 .debug_line    0x0000000000001269      0x13d Debug\diskio.o

.debug_frame    0x0000000000000000      0xdf8
 *(.debug_frame)
 .debug_frame   0x0000000000000000       0x48 Debug\main.o
 .debug_frame   0x0000000000000048      0x184 Debug\libgloss.o
 .debug_frame   0x00000000000001cc       0x50 Debug\change_clk.o
 .debug_frame   0x000000000000021c       0x5c Debug\uart.o
 .debug_frame   0x0000000000000278      0x15c Debug\tv.o
 .debug_frame   0x00000000000003d4      0x100 Debug\norflash.o
 .debug_frame   0x00000000000004d4       0x64 Debug\sys_irq.o
 .debug_frame   0x0000000000000538       0x60 Debug\i2c.o
 .debug_frame   0x0000000000000598       0x5c Debug\hs_controller.o
 .debug_frame   0x00000000000005f4      0x6e4 Debug\ff.o
 .debug_frame   0x0000000000000cd8      0x120 Debug\diskio.o

.debug_str      0x0000000000000000       0x9c
 *(.debug_str)
 .debug_str     0x0000000000000000       0x1f Debug\libgloss.o
 .debug_str     0x000000000000001f       0x45 Debug\change_clk.o
 .debug_str     0x0000000000000064       0x1b Debug\tv.o
 .debug_str     0x000000000000007f        0xf Debug\ff.o
 .debug_str     0x000000000000008e        0xe Debug\diskio.o

.debug_loc      0x0000000000000000     0x1ae7
 *(.debug_loc)
 .debug_loc     0x0000000000000000       0x6e Debug\main.o
 .debug_loc     0x000000000000006e      0x2c6 Debug\libgloss.o
 .debug_loc     0x0000000000000334       0x88 Debug\change_clk.o
 .debug_loc     0x00000000000003bc       0x8d Debug\uart.o
 .debug_loc     0x0000000000000449      0x288 Debug\tv.o
 .debug_loc     0x00000000000006d1      0x1e8 Debug\norflash.o
 .debug_loc     0x00000000000008b9       0xa5 Debug\sys_irq.o
 .debug_loc     0x000000000000095e       0x99 Debug\i2c.o
 .debug_loc     0x00000000000009f7       0x9e Debug\hs_controller.o
 .debug_loc     0x0000000000000a95      0xe27 Debug\ff.o
 .debug_loc     0x00000000000018bc      0x22b Debug\diskio.o

.debug_macinfo
 *(.debug_macinfo)

.debug_weaknames
 *(.debug_weaknames)

.debug_funcnames
 *(.debug_funcnames)

.debug_typenames
 *(.debug_typenames)

.debug_varnames
 *(.debug_varnames)
OUTPUT(Debug\hyperscan.elf elf32-littlescore)

.pdr            0x0000000000000000     0x1080
 .pdr           0x0000000000000000        0x0 Debug\hyperscan_startup.o
 .pdr           0x0000000000000000       0x40 Debug\main.o
 .pdr           0x0000000000000040      0x1c0 Debug\libgloss.o
 .pdr           0x0000000000000200        0x0 Debug\discpu_funcs.o
 .pdr           0x0000000000000200       0x40 Debug\change_clk.o
 .pdr           0x0000000000000240       0x60 Debug\uart.o
 .pdr           0x00000000000002a0      0x180 Debug\tv.o
 .pdr           0x0000000000000420      0x100 Debug\norflash.o
 .pdr           0x0000000000000520        0x0 Debug\sys_isr.o
 .pdr           0x0000000000000520       0x60 Debug\sys_irq.o
 .pdr           0x0000000000000580       0x60 Debug\i2c.o
 .pdr           0x00000000000005e0       0x40 Debug\hs_controller.o
 .pdr           0x0000000000000620      0x6e0 Debug\ff.o
 .pdr           0x0000000000000d00      0x120 Debug\diskio.o
 .pdr           0x0000000000000e20       0x20 c:/sunplus/s_core~1.1/gnu/bin/../lib/gcc/score-elf/4.2.1/../../../../score-elf/lib/mel\libc.a(abort.o)
 .pdr           0x0000000000000e40       0x20 c:/sunplus/s_core~1.1/gnu/bin/../lib/gcc/score-elf/4.2.1/../../../../score-elf/lib/mel\libc.a(memcmp.o)
 .pdr           0x0000000000000e60       0x20 c:/sunplus/s_core~1.1/gnu/bin/../lib/gcc/score-elf/4.2.1/../../../../score-elf/lib/mel\libc.a(memcpy.o)
 .pdr           0x0000000000000e80       0x20 c:/sunplus/s_core~1.1/gnu/bin/../lib/gcc/score-elf/4.2.1/../../../../score-elf/lib/mel\libc.a(memset.o)
 .pdr           0x0000000000000ea0      0x100 c:/sunplus/s_core~1.1/gnu/bin/../lib/gcc/score-elf/4.2.1/../../../../score-elf/lib/mel\libc.a(signal.o)
 .pdr           0x0000000000000fa0       0x20 c:/sunplus/s_core~1.1/gnu/bin/../lib/gcc/score-elf/4.2.1/../../../../score-elf/lib/mel\libc.a(strchr.o)
 .pdr           0x0000000000000fc0       0x20 c:/sunplus/s_core~1.1/gnu/bin/../lib/gcc/score-elf/4.2.1/../../../../score-elf/lib/mel\libc.a(syswrite.o)
 .pdr           0x0000000000000fe0        0x0 c:/sunplus/s_core~1.1/gnu/bin/../lib/gcc/score-elf/4.2.1/../../../../score-elf/lib/mel\libc.a(impure.o)
 .pdr           0x0000000000000fe0       0x20 c:/sunplus/s_core~1.1/gnu/bin/../lib/gcc/score-elf/4.2.1/../../../../score-elf/lib/mel\libc.a(mallocr.o)
 .pdr           0x0000000000001000       0x40 c:/sunplus/s_core~1.1/gnu/bin/../lib/gcc/score-elf/4.2.1/../../../../score-elf/lib/mel\libc.a(mlock.o)
 .pdr           0x0000000000001040       0x40 c:/sunplus/s_core~1.1/gnu/bin/../lib/gcc/score-elf/4.2.1/../../../../score-elf/lib/mel\libc.a(freer.o)
