Archive member included because of file (symbol)

c:/sunplus/s_core~1.1/gnu/bin/../lib/gcc/score-elf/4.2.1/../../../../score-elf/lib/mel\libc.a(abort.o)
                              Debug\libgloss.o (abort)
c:/sunplus/s_core~1.1/gnu/bin/../lib/gcc/score-elf/4.2.1/../../../../score-elf/lib/mel\libc.a(exit.o)
                              c:/sunplus/s_core~1.1/gnu/bin/../lib/gcc/score-elf/4.2.1/mel/crti.o (exit)
c:/sunplus/s_core~1.1/gnu/bin/../lib/gcc/score-elf/4.2.1/../../../../score-elf/lib/mel\libc.a(impure.o)
                              c:/sunplus/s_core~1.1/gnu/bin/../lib/gcc/score-elf/4.2.1/../../../../score-elf/lib/mel\libc.a(exit.o) (_impure_ptr)
c:/sunplus/s_core~1.1/gnu/bin/../lib/gcc/score-elf/4.2.1/../../../../score-elf/lib/mel\libc.a(malloc.o)
                              Debug\main.o (malloc)
c:/sunplus/s_core~1.1/gnu/bin/../lib/gcc/score-elf/4.2.1/../../../../score-elf/lib/mel\libc.a(mallocr.o)
                              c:/sunplus/s_core~1.1/gnu/bin/../lib/gcc/score-elf/4.2.1/../../../../score-elf/lib/mel\libc.a(malloc.o) (_malloc_r)
c:/sunplus/s_core~1.1/gnu/bin/../lib/gcc/score-elf/4.2.1/../../../../score-elf/lib/mel\libc.a(memcmp.o)
                              Debug\ff.o (memcmp)
c:/sunplus/s_core~1.1/gnu/bin/../lib/gcc/score-elf/4.2.1/../../../../score-elf/lib/mel\libc.a(memcpy.o)
                              Debug\main.o (memcpy)
c:/sunplus/s_core~1.1/gnu/bin/../lib/gcc/score-elf/4.2.1/../../../../score-elf/lib/mel\libc.a(memset.o)
                              Debug\ff.o (memset)
c:/sunplus/s_core~1.1/gnu/bin/../lib/gcc/score-elf/4.2.1/../../../../score-elf/lib/mel\libc.a(mlock.o)
                              c:/sunplus/s_core~1.1/gnu/bin/../lib/gcc/score-elf/4.2.1/../../../../score-elf/lib/mel\libc.a(mallocr.o) (__malloc_lock)
c:/sunplus/s_core~1.1/gnu/bin/../lib/gcc/score-elf/4.2.1/../../../../score-elf/lib/mel\libc.a(printf.o)
                              Debug\main.o (printf)
c:/sunplus/s_core~1.1/gnu/bin/../lib/gcc/score-elf/4.2.1/../../../../score-elf/lib/mel\libc.a(puts.o)
                              Debug\main.o (puts)
c:/sunplus/s_core~1.1/gnu/bin/../lib/gcc/score-elf/4.2.1/../../../../score-elf/lib/mel\libc.a(signal.o)
                              c:/sunplus/s_core~1.1/gnu/bin/../lib/gcc/score-elf/4.2.1/../../../../score-elf/lib/mel\libc.a(abort.o) (raise)
c:/sunplus/s_core~1.1/gnu/bin/../lib/gcc/score-elf/4.2.1/../../../../score-elf/lib/mel\libc.a(sprintf.o)
                              Debug\main.o (sprintf)
c:/sunplus/s_core~1.1/gnu/bin/../lib/gcc/score-elf/4.2.1/../../../../score-elf/lib/mel\libc.a(strchr.o)
                              Debug\ff.o (strchr)
c:/sunplus/s_core~1.1/gnu/bin/../lib/gcc/score-elf/4.2.1/../../../../score-elf/lib/mel\libc.a(strcmp.o)
                              Debug\main.o (strcmp)
c:/sunplus/s_core~1.1/gnu/bin/../lib/gcc/score-elf/4.2.1/../../../../score-elf/lib/mel\libc.a(strcpy.o)
                              Debug\main.o (strcpy)
c:/sunplus/s_core~1.1/gnu/bin/../lib/gcc/score-elf/4.2.1/../../../../score-elf/lib/mel\libc.a(strlen.o)
                              Debug\main.o (strlen)
c:/sunplus/s_core~1.1/gnu/bin/../lib/gcc/score-elf/4.2.1/../../../../score-elf/lib/mel\libc.a(strncpy.o)
                              Debug\main.o (strncpy)
c:/sunplus/s_core~1.1/gnu/bin/../lib/gcc/score-elf/4.2.1/../../../../score-elf/lib/mel\libc.a(syswrite.o)
                              Debug\libgloss.o (write)
c:/sunplus/s_core~1.1/gnu/bin/../lib/gcc/score-elf/4.2.1/../../../../score-elf/lib/mel\libc.a(vfprintf.o)
                              c:/sunplus/s_core~1.1/gnu/bin/../lib/gcc/score-elf/4.2.1/../../../../score-elf/lib/mel\libc.a(printf.o) (vfprintf)
c:/sunplus/s_core~1.1/gnu/bin/../lib/gcc/score-elf/4.2.1/../../../../score-elf/lib/mel\libc.a(wcrtomb.o)
                              c:/sunplus/s_core~1.1/gnu/bin/../lib/gcc/score-elf/4.2.1/../../../../score-elf/lib/mel\libc.a(vfprintf.o) (_wcrtomb_r)
c:/sunplus/s_core~1.1/gnu/bin/../lib/gcc/score-elf/4.2.1/../../../../score-elf/lib/mel\libc.a(wcsrtombs.o)
                              c:/sunplus/s_core~1.1/gnu/bin/../lib/gcc/score-elf/4.2.1/../../../../score-elf/lib/mel\libc.a(vfprintf.o) (_wcsrtombs_r)
c:/sunplus/s_core~1.1/gnu/bin/../lib/gcc/score-elf/4.2.1/../../../../score-elf/lib/mel\libc.a(wctomb_r.o)
                              c:/sunplus/s_core~1.1/gnu/bin/../lib/gcc/score-elf/4.2.1/../../../../score-elf/lib/mel\libc.a(wcrtomb.o) (_wctomb_r)
c:/sunplus/s_core~1.1/gnu/bin/../lib/gcc/score-elf/4.2.1/../../../../score-elf/lib/mel\libc.a(wsetup.o)
                              c:/sunplus/s_core~1.1/gnu/bin/../lib/gcc/score-elf/4.2.1/../../../../score-elf/lib/mel\libc.a(vfprintf.o) (__swsetup)
c:/sunplus/s_core~1.1/gnu/bin/../lib/gcc/score-elf/4.2.1/../../../../score-elf/lib/mel\libc.a(dtoa.o)
                              c:/sunplus/s_core~1.1/gnu/bin/../lib/gcc/score-elf/4.2.1/../../../../score-elf/lib/mel\libc.a(vfprintf.o) (_dtoa_r)
c:/sunplus/s_core~1.1/gnu/bin/../lib/gcc/score-elf/4.2.1/../../../../score-elf/lib/mel\libc.a(fflush.o)
                              c:/sunplus/s_core~1.1/gnu/bin/../lib/gcc/score-elf/4.2.1/../../../../score-elf/lib/mel\libc.a(vfprintf.o) (fflush)
c:/sunplus/s_core~1.1/gnu/bin/../lib/gcc/score-elf/4.2.1/../../../../score-elf/lib/mel\libc.a(findfp.o)
                              c:/sunplus/s_core~1.1/gnu/bin/../lib/gcc/score-elf/4.2.1/../../../../score-elf/lib/mel\libc.a(vfprintf.o) (__sinit)
c:/sunplus/s_core~1.1/gnu/bin/../lib/gcc/score-elf/4.2.1/../../../../score-elf/lib/mel\libc.a(freer.o)
                              c:/sunplus/s_core~1.1/gnu/bin/../lib/gcc/score-elf/4.2.1/../../../../score-elf/lib/mel\libc.a(malloc.o) (_free_r)
c:/sunplus/s_core~1.1/gnu/bin/../lib/gcc/score-elf/4.2.1/../../../../score-elf/lib/mel\libc.a(fvwrite.o)
                              c:/sunplus/s_core~1.1/gnu/bin/../lib/gcc/score-elf/4.2.1/../../../../score-elf/lib/mel\libc.a(puts.o) (__sfvwrite)
c:/sunplus/s_core~1.1/gnu/bin/../lib/gcc/score-elf/4.2.1/../../../../score-elf/lib/mel\libc.a(fwalk.o)
                              c:/sunplus/s_core~1.1/gnu/bin/../lib/gcc/score-elf/4.2.1/../../../../score-elf/lib/mel\libc.a(fflush.o) (_fwalk)
c:/sunplus/s_core~1.1/gnu/bin/../lib/gcc/score-elf/4.2.1/../../../../score-elf/lib/mel\libc.a(locale.o)
                              c:/sunplus/s_core~1.1/gnu/bin/../lib/gcc/score-elf/4.2.1/../../../../score-elf/lib/mel\libc.a(vfprintf.o) (localeconv)
c:/sunplus/s_core~1.1/gnu/bin/../lib/gcc/score-elf/4.2.1/../../../../score-elf/lib/mel\libc.a(makebuf.o)
                              c:/sunplus/s_core~1.1/gnu/bin/../lib/gcc/score-elf/4.2.1/../../../../score-elf/lib/mel\libc.a(wsetup.o) (__smakebuf)
c:/sunplus/s_core~1.1/gnu/bin/../lib/gcc/score-elf/4.2.1/../../../../score-elf/lib/mel\libc.a(memchr.o)
                              c:/sunplus/s_core~1.1/gnu/bin/../lib/gcc/score-elf/4.2.1/../../../../score-elf/lib/mel\libc.a(vfprintf.o) (memchr)
c:/sunplus/s_core~1.1/gnu/bin/../lib/gcc/score-elf/4.2.1/../../../../score-elf/lib/mel\libc.a(memmove.o)
                              c:/sunplus/s_core~1.1/gnu/bin/../lib/gcc/score-elf/4.2.1/../../../../score-elf/lib/mel\libc.a(fvwrite.o) (memmove)
c:/sunplus/s_core~1.1/gnu/bin/../lib/gcc/score-elf/4.2.1/../../../../score-elf/lib/mel\libc.a(mprec.o)
                              c:/sunplus/s_core~1.1/gnu/bin/../lib/gcc/score-elf/4.2.1/../../../../score-elf/lib/mel\libc.a(dtoa.o) (_Bfree)
c:/sunplus/s_core~1.1/gnu/bin/../lib/gcc/score-elf/4.2.1/../../../../score-elf/lib/mel\libc.a(reallocr.o)
                              c:/sunplus/s_core~1.1/gnu/bin/../lib/gcc/score-elf/4.2.1/../../../../score-elf/lib/mel\libc.a(fvwrite.o) (_realloc_r)
c:/sunplus/s_core~1.1/gnu/bin/../lib/gcc/score-elf/4.2.1/../../../../score-elf/lib/mel\libc.a(s_isinf.o)
                              c:/sunplus/s_core~1.1/gnu/bin/../lib/gcc/score-elf/4.2.1/../../../../score-elf/lib/mel\libc.a(vfprintf.o) (isinf)
c:/sunplus/s_core~1.1/gnu/bin/../lib/gcc/score-elf/4.2.1/../../../../score-elf/lib/mel\libc.a(s_isnan.o)
                              c:/sunplus/s_core~1.1/gnu/bin/../lib/gcc/score-elf/4.2.1/../../../../score-elf/lib/mel\libc.a(vfprintf.o) (isnan)
c:/sunplus/s_core~1.1/gnu/bin/../lib/gcc/score-elf/4.2.1/../../../../score-elf/lib/mel\libc.a(stdio.o)
                              c:/sunplus/s_core~1.1/gnu/bin/../lib/gcc/score-elf/4.2.1/../../../../score-elf/lib/mel\libc.a(findfp.o) (__sclose)
c:/sunplus/s_core~1.1/gnu/bin/../lib/gcc/score-elf/4.2.1/../../../../score-elf/lib/mel\libc.a(callocr.o)
                              c:/sunplus/s_core~1.1/gnu/bin/../lib/gcc/score-elf/4.2.1/../../../../score-elf/lib/mel\libc.a(mprec.o) (_calloc_r)
c:/sunplus/s_core~1.1/gnu/bin/../lib/gcc/score-elf/4.2.1/../../../../score-elf/lib/mel\libc.a(errno.o)
                              c:/sunplus/s_core~1.1/gnu/bin/../lib/gcc/score-elf/4.2.1/../../../../score-elf/lib/mel\libc.a(fvwrite.o) (__errno)
c:/sunplus/s_core~1.1/gnu/bin/../lib/gcc/score-elf/4.2.1/mel\libgcc.a(_addsub_df.o)
                              c:/sunplus/s_core~1.1/gnu/bin/../lib/gcc/score-elf/4.2.1/../../../../score-elf/lib/mel\libc.a(dtoa.o) (__subdf3)
c:/sunplus/s_core~1.1/gnu/bin/../lib/gcc/score-elf/4.2.1/mel\libgcc.a(_muldf3.o)
                              c:/sunplus/s_core~1.1/gnu/bin/../lib/gcc/score-elf/4.2.1/../../../../score-elf/lib/mel\libc.a(dtoa.o) (__muldf3)
c:/sunplus/s_core~1.1/gnu/bin/../lib/gcc/score-elf/4.2.1/mel\libgcc.a(_divdf3.o)
                              c:/sunplus/s_core~1.1/gnu/bin/../lib/gcc/score-elf/4.2.1/../../../../score-elf/lib/mel\libc.a(dtoa.o) (__divdf3)
c:/sunplus/s_core~1.1/gnu/bin/../lib/gcc/score-elf/4.2.1/mel\libgcc.a(_clz64.o)
                              c:/sunplus/s_core~1.1/gnu/bin/../lib/gcc/score-elf/4.2.1/mel\libgcc.a(_muldf3.o) (countLeadingZeros64)
c:/sunplus/s_core~1.1/gnu/bin/../lib/gcc/score-elf/4.2.1/mel\libgcc.a(_floatsidf.o)
                              c:/sunplus/s_core~1.1/gnu/bin/../lib/gcc/score-elf/4.2.1/../../../../score-elf/lib/mel\libc.a(dtoa.o) (__floatsidf)
c:/sunplus/s_core~1.1/gnu/bin/../lib/gcc/score-elf/4.2.1/mel\libgcc.a(_floatunsidf.o)
                              c:/sunplus/s_core~1.1/gnu/bin/../lib/gcc/score-elf/4.2.1/../../../../score-elf/lib/mel\libc.a(dtoa.o) (__floatunsidf)
c:/sunplus/s_core~1.1/gnu/bin/../lib/gcc/score-elf/4.2.1/mel\libgcc.a(_fixdfsi.o)
                              c:/sunplus/s_core~1.1/gnu/bin/../lib/gcc/score-elf/4.2.1/../../../../score-elf/lib/mel\libc.a(dtoa.o) (__fixdfsi)
c:/sunplus/s_core~1.1/gnu/bin/../lib/gcc/score-elf/4.2.1/mel\libgcc.a(_fpcmp_parts_df.o)
                              c:/sunplus/s_core~1.1/gnu/bin/../lib/gcc/score-elf/4.2.1/../../../../score-elf/lib/mel\libc.a(dtoa.o) (__gtdf2)
c:/sunplus/s_core~1.1/gnu/bin/../lib/gcc/score-elf/4.2.1/mel\libgcc.a(_clz32.o)
                              c:/sunplus/s_core~1.1/gnu/bin/../lib/gcc/score-elf/4.2.1/mel\libgcc.a(_floatsidf.o) (countLeadingZeros32)

Allocating common symbols
Common symbol       size              file

fs                  0x230             Debug\main.o
controller          0x5               Debug\main.o

Memory Configuration

Name             Origin             Length             Attributes
*default*        0x0000000000000000 0xffffffffffffffff

Linker script and memory map

LOAD c:/sunplus/s_core~1.1/gnu/bin/../lib/gcc/score-elf/4.2.1/mel/crti.o
LOAD c:/sunplus/s_core~1.1/gnu/bin/../lib/gcc/score-elf/4.2.1/mel/crtbegin.o
LOAD Obj.lst
LOAD Debug\hyperscan_startup.o
LOAD Debug\main.o
LOAD Debug\libgloss.o
LOAD Debug\uart.o
LOAD Debug\tv.o
LOAD Debug\norflash.o
LOAD Debug\sys_isr.o
LOAD Debug\sys_irq.o
LOAD Debug\i2c.o
LOAD Debug\hs_controller.o
LOAD Debug\ff.o
LOAD Debug\diskio.o
LOAD Lib.lst
LOAD c:/sunplus/s_core~1.1/gnu/bin/../lib/gcc/score-elf/4.2.1/../../../../score-elf/lib/mel\libm.a
LOAD c:/sunplus/s_core~1.1/gnu/bin/../lib/gcc/score-elf/4.2.1/../../../../score-elf/lib/mel\libc.a
LOAD c:/sunplus/s_core~1.1/gnu/bin/../lib/gcc/score-elf/4.2.1/mel\libgcc.a
LOAD c:/sunplus/s_core~1.1/gnu/bin/../lib/gcc/score-elf/4.2.1/mel\libgcc.a
LOAD c:/sunplus/s_core~1.1/gnu/bin/../lib/gcc/score-elf/4.2.1/../../../../score-elf/lib/mel\libc.a
LOAD c:/sunplus/s_core~1.1/gnu/bin/../lib/gcc/score-elf/4.2.1/mel\libgcc.a
LOAD c:/sunplus/s_core~1.1/gnu/bin/../lib/gcc/score-elf/4.2.1/mel/crtend.o
LOAD c:/sunplus/s_core~1.1/gnu/bin/../lib/gcc/score-elf/4.2.1/mel/crtn.o
START GROUP
LOAD c:/sunplus/s_core~1.1/gnu/bin/../lib/gcc/score-elf/4.2.1/../../../../score-elf/lib/mel\libc.a
LOAD c:/sunplus/s_core~1.1/gnu/bin/../lib/gcc/score-elf/4.2.1/../../../../score-elf/lib/mel\libm.a
LOAD c:/sunplus/s_core~1.1/gnu/bin/../lib/gcc/score-elf/4.2.1/mel\libgcc.a
END GROUP

.exception      0x00000000a005d1fc      0x244
 *(.exception_vec)
 .exception_vec
                0x00000000a005d1fc      0x244 Debug\sys_isr.o
                0x00000000a005d204                int1_vec

.stack          0x00000000a0fffff0        0x0
                0x00000000a0fffff0                _stack = .
 *(.stack)
                0x00000000a005e000                . = 0xa005e000

.interp
 *(.interp)

.hash
 *(.hash)

.dynsym
 *(.dynsym)

.dynstr
 *(.dynstr)

.gnu.version
 *(.gnu.version)

.gnu.version_d
 *(.gnu.version_d)

.gnu.version_r
 *(.gnu.version_r)

.rel.dyn        0x00000000a005e000        0x0
 *(.rel.init)
 *(.rel.text .rel.text.* .rel.gnu.linkonce.t.*)
 *(.rel.fini)
 *(.rel.rodata .rel.rodata.* .rel.gnu.linkonce.r.*)
 *(.rel.data .rel.data.* .rel.gnu.linkonce.d.*)
 *(.rel.tdata .rel.tdata.* .rel.gnu.linkonce.td.*)
 *(.rel.tbss .rel.tbss.* .rel.gnu.linkonce.tb.*)
 *(.rel.ctors)
 *(.rel.dtors)
 *(.rel.got)
 *(.rel.sdata .rel.sdata.* .rel.gnu.linkonce.s.*)
 *(.rel.sbss .rel.sbss.* .rel.gnu.linkonce.sb.*)
 *(.rel.sdata2 .rel.sdata2.* .rel.gnu.linkonce.s2.*)
 *(.rel.sbss2 .rel.sbss2.* .rel.gnu.linkonce.sb2.*)
 *(.rel.bss .rel.bss.* .rel.gnu.linkonce.b.*)
 .rel.dyn       0x0000000000000000        0x0 c:/sunplus/s_core~1.1/gnu/bin/../lib/gcc/score-elf/4.2.1/../../../../score-elf/lib/mel\libc.a(mallocr.o)

.rela.dyn
 *(.rela.init)
 *(.rela.text .rela.text.* .rela.gnu.linkonce.t.*)
 *(.rela.fini)
 *(.rela.rodata .rela.rodata.* .rela.gnu.linkonce.r.*)
 *(.rela.data .rela.data.* .rela.gnu.linkonce.d.*)
 *(.rela.tdata .rela.tdata.* .rela.gnu.linkonce.td.*)
 *(.rela.tbss .rela.tbss.* .rela.gnu.linkonce.tb.*)
 *(.rela.ctors)
 *(.rela.dtors)
 *(.rela.got)
 *(.rela.sdata .rela.sdata.* .rela.gnu.linkonce.s.*)
 *(.rela.sbss .rela.sbss.* .rela.gnu.linkonce.sb.*)
 *(.rela.sdata2 .rela.sdata2.* .rela.gnu.linkonce.s2.*)
 *(.rela.sbss2 .rela.sbss2.* .rela.gnu.linkonce.sb2.*)
 *(.rela.bss .rela.bss.* .rela.gnu.linkonce.b.*)

.rel.plt
 *(.rel.plt)

.rela.plt
 *(.rela.plt)

.hardware_init  0x00000000a005e000       0x20
 *(.hardware_init)
 .hardware_init
                0x00000000a005e000       0x20 Debug\hyperscan_startup.o
                0x00000000a005e000                _hardware_init

.init           0x00000000a005e020       0x70
 *(.init)
 .init          0x00000000a005e020       0x5c c:/sunplus/s_core~1.1/gnu/bin/../lib/gcc/score-elf/4.2.1/mel/crti.o
                0x00000000a005e06c                _init_argv
                0x00000000a005e074                _init
                0x00000000a005e020                _start
 .init          0x00000000a005e07c        0x4 c:/sunplus/s_core~1.1/gnu/bin/../lib/gcc/score-elf/4.2.1/mel/crtbegin.o
 .init          0x00000000a005e080        0x4 c:/sunplus/s_core~1.1/gnu/bin/../lib/gcc/score-elf/4.2.1/mel/crtend.o
 .init          0x00000000a005e084        0xc c:/sunplus/s_core~1.1/gnu/bin/../lib/gcc/score-elf/4.2.1/mel/crtn.o

.plt
 *(.plt)

.text           0x00000000a005e090     0xcdb8
 *(.text .stub .text.* .gnu.linkonce.t.*)
 .text          0x00000000a005e090        0x0 c:/sunplus/s_core~1.1/gnu/bin/../lib/gcc/score-elf/4.2.1/mel/crti.o
 .text          0x00000000a005e090       0xe4 c:/sunplus/s_core~1.1/gnu/bin/../lib/gcc/score-elf/4.2.1/mel/crtbegin.o
 .text          0x00000000a005e174        0x0 Debug\hyperscan_startup.o
 .text          0x00000000a005e174      0xd6c Debug\main.o
                0x00000000a005e46c                iso_lseek_callback
                0x00000000a005e7fc                load_directory_list
                0x00000000a005e334                menu_border
                0x00000000a005e734                execute_binary
                0x00000000a005e1b0                box
                0x00000000a005e174                draw_pixel
                0x00000000a005e3e4                iso_init_callback
                0x00000000a005e420                iso_close_callback
                0x00000000a005e9e8                main
                0x00000000a005e5b8                iso_read_callback
                0x00000000a005e90c                get_dir_list_size
                0x00000000a005e680                iso_open_callback
 .text          0x00000000a005eee0      0x214 Debug\libgloss.o
                0x00000000a005ef8c                _getpid
                0x00000000a005ef64                _lseek_r
                0x00000000a005efa8                _kill_r
                0x00000000a005ef6c                _fstat_r
                0x00000000a005ef7c                isatty
                0x00000000a005ef90                _getpid_r
                0x00000000a005efbc                _sbrk_r
                0x00000000a005f020                _read_r
                0x00000000a005eee0                _putc_r
                0x00000000a005ef38                _open_r
                0x00000000a005ef40                _close_r
                0x00000000a005f0ac                _write_r
                0x00000000a005ef94                _kill
                0x00000000a005ef48                _exit
 .text          0x00000000a005f0f4      0x114 Debug\uart.o
                0x00000000a005f0f8                uart_sendchar
                0x00000000a005f128                uart_getchar
                0x00000000a005f174                uart_enable_interface
                0x00000000a005f0f4                uart_init
                0x00000000a005f1d0                uart_print_string
                0x00000000a005f1b0                uart_read_byte
                0x00000000a005f184                uart_write_byte
 .text          0x00000000a005f208      0x368 Debug\tv.o
                0x00000000a005f334                tv_printcolor
                0x00000000a005f230                tv_buffer_set
                0x00000000a005f474                tv_fadeout
                0x00000000a005f264                tv_hue
                0x00000000a005f254                tv_saturation
                0x00000000a005f248                tv_buffer_sel
                0x00000000a005f4bc                tv_init
                0x00000000a005f274                tv_fade
                0x00000000a005f284                tv_print
                0x00000000a005f498                tv_fadein
                0x00000000a005f3ec                tv_printhex
                0x00000000a005f208                tv_clearscreen
 .text          0x00000000a005f570      0x21c Debug\norflash.o
                0x00000000a005f6b4                norflash_sectorerase
                0x00000000a005f670                norflash_chiperase
                0x00000000a005f66c                norflash_delay
                0x00000000a005f5fc                norflash_write32
                0x00000000a005f720                norflash_blockerase
                0x00000000a005f598                norflash_wordwrite
                0x00000000a005f5d4                norflash_setaddress
                0x00000000a005f570                norflash_init
 .text          0x00000000a005f78c        0x0 Debug\sys_isr.o
 .text          0x00000000a005f78c       0xe4 Debug\sys_irq.o
                0x00000000a005f78c                attach_isr
                0x00000000a005f83c                irq_dispatch
 .text          0x00000000a005f870       0xcc Debug\i2c.o
                0x00000000a005f8f8                i2c_write8
                0x00000000a005f8ac                i2c_read8
                0x00000000a005f870                i2c_init
 .text          0x00000000a005f93c       0xe0 Debug\hs_controller.o
                0x00000000a005f9e4                hs_controller_init
                0x00000000a005f93c                hs_controller_read
 .text          0x00000000a005fa1c     0x3254 Debug\ff.o
                0x00000000a0060bc0                f_gets
                0x00000000a006149c                f_printf
                0x00000000a0062674                f_rename
                0x00000000a0062184                f_truncate
                0x00000000a005fcf4                f_closedir
                0x00000000a00629c0                f_unlink
                0x00000000a00618f4                f_putc
                0x00000000a00618b0                f_puts
                0x00000000a0062bc8                f_close
                0x00000000a0060994                f_read
                0x00000000a0061f6c                f_readdir
                0x00000000a0062afc                f_sync
                0x00000000a0062c00                f_mount
                0x00000000a0061dd0                f_opendir
                0x00000000a0060f18                f_lseek
                0x00000000a0061d54                f_stat
                0x00000000a0061118                f_write
                0x00000000a0062278                f_open
                0x00000000a0062818                f_mkdir
                0x00000000a00607e4                f_getfree
 .text          0x00000000a0062c70      0x158 Debug\diskio.o
                0x00000000a0062cc4                USB_disk_initialize
                0x00000000a0062d10                DiskB_ReadSector
                0x00000000a0062d6c                disk_initialize
                0x00000000a0062d68                disk_status
                0x00000000a0062dc4                disk_ioctl
                0x00000000a0062c70                DiskB_Initial
                0x00000000a0062d3c                DiskB_WriteSector
                0x00000000a0062da4                disk_write
                0x00000000a0062d84                disk_read
 .text          0x00000000a0062dc8       0x14 c:/sunplus/s_core~1.1/gnu/bin/../lib/gcc/score-elf/4.2.1/../../../../score-elf/lib/mel\libc.a(abort.o)
                0x00000000a0062dc8                abort
 .text          0x00000000a0062ddc       0xd4 c:/sunplus/s_core~1.1/gnu/bin/../lib/gcc/score-elf/4.2.1/../../../../score-elf/lib/mel\libc.a(exit.o)
                0x00000000a0062ddc                exit
 .text          0x00000000a0062eb0        0x0 c:/sunplus/s_core~1.1/gnu/bin/../lib/gcc/score-elf/4.2.1/../../../../score-elf/lib/mel\libc.a(impure.o)
 .text          0x00000000a0062eb0       0x40 c:/sunplus/s_core~1.1/gnu/bin/../lib/gcc/score-elf/4.2.1/../../../../score-elf/lib/mel\libc.a(malloc.o)
                0x00000000a0062ed0                malloc
                0x00000000a0062eb0                free
 .text          0x00000000a0062ef0      0x8ac c:/sunplus/s_core~1.1/gnu/bin/../lib/gcc/score-elf/4.2.1/../../../../score-elf/lib/mel\libc.a(mallocr.o)
                0x00000000a0062ef0                _malloc_r
 .text          0x00000000a006379c       0x90 c:/sunplus/s_core~1.1/gnu/bin/../lib/gcc/score-elf/4.2.1/../../../../score-elf/lib/mel\libc.a(memcmp.o)
                0x00000000a006379c                memcmp
 .text          0x00000000a006382c       0xb0 c:/sunplus/s_core~1.1/gnu/bin/../lib/gcc/score-elf/4.2.1/../../../../score-elf/lib/mel\libc.a(memcpy.o)
                0x00000000a006382c                memcpy
 .text          0x00000000a00638dc       0xb4 c:/sunplus/s_core~1.1/gnu/bin/../lib/gcc/score-elf/4.2.1/../../../../score-elf/lib/mel\libc.a(memset.o)
                0x00000000a00638dc                memset
 .text          0x00000000a0063990        0x8 c:/sunplus/s_core~1.1/gnu/bin/../lib/gcc/score-elf/4.2.1/../../../../score-elf/lib/mel\libc.a(mlock.o)
                0x00000000a0063994                __malloc_unlock
                0x00000000a0063990                __malloc_lock
 .text          0x00000000a0063998       0x4c c:/sunplus/s_core~1.1/gnu/bin/../lib/gcc/score-elf/4.2.1/../../../../score-elf/lib/mel\libc.a(printf.o)
                0x00000000a0063998                printf
                0x00000000a00639c4                _printf_r
 .text          0x00000000a00639e4       0x94 c:/sunplus/s_core~1.1/gnu/bin/../lib/gcc/score-elf/4.2.1/../../../../score-elf/lib/mel\libc.a(puts.o)
                0x00000000a00639e4                _puts_r
                0x00000000a0063a58                puts
 .text          0x00000000a0063a78      0x2a8 c:/sunplus/s_core~1.1/gnu/bin/../lib/gcc/score-elf/4.2.1/../../../../score-elf/lib/mel\libc.a(signal.o)
                0x00000000a0063c80                _signal_r
                0x00000000a0063ba4                _raise_r
                0x00000000a0063af4                __sigtramp_r
                0x00000000a0063cf8                signal
                0x00000000a0063ae4                _init_signal
                0x00000000a0063a78                _init_signal_r
                0x00000000a0063b84                __sigtramp
                0x00000000a0063c60                raise
 .text          0x00000000a0063d20       0xb0 c:/sunplus/s_core~1.1/gnu/bin/../lib/gcc/score-elf/4.2.1/../../../../score-elf/lib/mel\libc.a(sprintf.o)
                0x00000000a0063d80                _sprintf_r
                0x00000000a0063d20                sprintf
 .text          0x00000000a0063dd0       0xfc c:/sunplus/s_core~1.1/gnu/bin/../lib/gcc/score-elf/4.2.1/../../../../score-elf/lib/mel\libc.a(strchr.o)
                0x00000000a0063dd0                strchr
 .text          0x00000000a0063ecc       0xc4 c:/sunplus/s_core~1.1/gnu/bin/../lib/gcc/score-elf/4.2.1/../../../../score-elf/lib/mel\libc.a(strcmp.o)
                0x00000000a0063ecc                strcmp
 .text          0x00000000a0063f90       0x64 c:/sunplus/s_core~1.1/gnu/bin/../lib/gcc/score-elf/4.2.1/../../../../score-elf/lib/mel\libc.a(strcpy.o)
                0x00000000a0063f90                strcpy
 .text          0x00000000a0063ff4       0x60 c:/sunplus/s_core~1.1/gnu/bin/../lib/gcc/score-elf/4.2.1/../../../../score-elf/lib/mel\libc.a(strlen.o)
                0x00000000a0063ff4                strlen
 .text          0x00000000a0064054      0x10c c:/sunplus/s_core~1.1/gnu/bin/../lib/gcc/score-elf/4.2.1/../../../../score-elf/lib/mel\libc.a(strncpy.o)
                0x00000000a0064054                strncpy
 .text          0x00000000a0064160       0x28 c:/sunplus/s_core~1.1/gnu/bin/../lib/gcc/score-elf/4.2.1/../../../../score-elf/lib/mel\libc.a(syswrite.o)
                0x00000000a0064160                write
 .text          0x00000000a0064188     0x1bb0 c:/sunplus/s_core~1.1/gnu/bin/../lib/gcc/score-elf/4.2.1/../../../../score-elf/lib/mel\libc.a(vfprintf.o)
                0x00000000a0064228                _vfprintf_r
                0x00000000a00641cc                vfprintf
 .text          0x00000000a0065d38       0x78 c:/sunplus/s_core~1.1/gnu/bin/../lib/gcc/score-elf/4.2.1/../../../../score-elf/lib/mel\libc.a(wcrtomb.o)
                0x00000000a0065d38                _wcrtomb_r
                0x00000000a0065d88                wcrtomb
 .text          0x00000000a0065db0      0x174 c:/sunplus/s_core~1.1/gnu/bin/../lib/gcc/score-elf/4.2.1/../../../../score-elf/lib/mel\libc.a(wcsrtombs.o)
                0x00000000a0065db0                _wcsrtombs_r
                0x00000000a0065ef8                wcsrtombs
 .text          0x00000000a0065f24      0x4d8 c:/sunplus/s_core~1.1/gnu/bin/../lib/gcc/score-elf/4.2.1/../../../../score-elf/lib/mel\libc.a(wctomb_r.o)
                0x00000000a0065f24                _wctomb_r
 .text          0x00000000a00663fc      0x124 c:/sunplus/s_core~1.1/gnu/bin/../lib/gcc/score-elf/4.2.1/../../../../score-elf/lib/mel\libc.a(wsetup.o)
                0x00000000a00663fc                __swsetup
 .text          0x00000000a0066520     0x14b0 c:/sunplus/s_core~1.1/gnu/bin/../lib/gcc/score-elf/4.2.1/../../../../score-elf/lib/mel\libc.a(dtoa.o)
                0x00000000a0066710                _dtoa_r
 .text          0x00000000a00679d0       0xf8 c:/sunplus/s_core~1.1/gnu/bin/../lib/gcc/score-elf/4.2.1/../../../../score-elf/lib/mel\libc.a(fflush.o)
                0x00000000a00679d0                fflush
 .text          0x00000000a0067ac8      0x24c c:/sunplus/s_core~1.1/gnu/bin/../lib/gcc/score-elf/4.2.1/../../../../score-elf/lib/mel\libc.a(findfp.o)
                0x00000000a0067b24                __sinit
                0x00000000a0067bc0                __sfmoreglue
                0x00000000a0067bb0                _cleanup
                0x00000000a0067b94                _cleanup_r
                0x00000000a0067c24                __sfp
 .text          0x00000000a0067d14      0x42c c:/sunplus/s_core~1.1/gnu/bin/../lib/gcc/score-elf/4.2.1/../../../../score-elf/lib/mel\libc.a(freer.o)
                0x00000000a0067e30                _free_r
                0x00000000a0067d14                _malloc_trim_r
 .text          0x00000000a0068140      0x390 c:/sunplus/s_core~1.1/gnu/bin/../lib/gcc/score-elf/4.2.1/../../../../score-elf/lib/mel\libc.a(fvwrite.o)
                0x00000000a0068140                __sfvwrite
 .text          0x00000000a00684d0      0x110 c:/sunplus/s_core~1.1/gnu/bin/../lib/gcc/score-elf/4.2.1/../../../../score-elf/lib/mel\libc.a(fwalk.o)
                0x00000000a00684d0                _fwalk
 .text          0x00000000a00685e0       0xdc c:/sunplus/s_core~1.1/gnu/bin/../lib/gcc/score-elf/4.2.1/../../../../score-elf/lib/mel\libc.a(locale.o)
                0x00000000a0068608                _setlocale_r
                0x00000000a00685e0                __locale_charset
                0x00000000a00685ec                _localeconv_r
                0x00000000a0068694                setlocale
                0x00000000a00685f8                localeconv
 .text          0x00000000a00686bc      0x17c c:/sunplus/s_core~1.1/gnu/bin/../lib/gcc/score-elf/4.2.1/../../../../score-elf/lib/mel\libc.a(makebuf.o)
                0x00000000a00686bc                __smakebuf
 .text          0x00000000a0068838      0x100 c:/sunplus/s_core~1.1/gnu/bin/../lib/gcc/score-elf/4.2.1/../../../../score-elf/lib/mel\libc.a(memchr.o)
                0x00000000a0068838                memchr
 .text          0x00000000a0068938       0xe8 c:/sunplus/s_core~1.1/gnu/bin/../lib/gcc/score-elf/4.2.1/../../../../score-elf/lib/mel\libc.a(memmove.o)
                0x00000000a0068938                memmove
 .text          0x00000000a0068a20      0xd5c c:/sunplus/s_core~1.1/gnu/bin/../lib/gcc/score-elf/4.2.1/../../../../score-elf/lib/mel\libc.a(mprec.o)
                0x00000000a0068dc0                _mprec_log10
                0x00000000a0068a40                _hi0bits
                0x00000000a0068e30                _Balloc
                0x00000000a0068ecc                _d2b
                0x00000000a006927c                _multiply
                0x00000000a0068d34                _ratio
                0x00000000a0069670                _s2b
                0x00000000a006946c                _i2b
                0x00000000a0068ab4                _lo0bits
                0x00000000a0068b68                __mcmp
                0x00000000a0069584                _pow5mult
                0x00000000a0068bc0                _ulp
                0x00000000a0068c1c                _b2d
                0x00000000a0069494                _multadd
                0x00000000a0069008                __mdiff
                0x00000000a0069160                _lshift
                0x00000000a0068a20                _Bfree
 .text          0x00000000a006977c      0x5d4 c:/sunplus/s_core~1.1/gnu/bin/../lib/gcc/score-elf/4.2.1/../../../../score-elf/lib/mel\libc.a(reallocr.o)
                0x00000000a006977c                _realloc_r
 .text          0x00000000a0069d50       0x3c c:/sunplus/s_core~1.1/gnu/bin/../lib/gcc/score-elf/4.2.1/../../../../score-elf/lib/mel\libc.a(s_isinf.o)
                0x00000000a0069d50                isinf
 .text          0x00000000a0069d8c       0x2c c:/sunplus/s_core~1.1/gnu/bin/../lib/gcc/score-elf/4.2.1/../../../../score-elf/lib/mel\libc.a(s_isnan.o)
                0x00000000a0069d8c                isnan
 .text          0x00000000a0069db8      0x170 c:/sunplus/s_core~1.1/gnu/bin/../lib/gcc/score-elf/4.2.1/../../../../score-elf/lib/mel\libc.a(stdio.o)
                0x00000000a0069de0                __sseek
                0x00000000a0069ec0                __sread
                0x00000000a0069db8                __sclose
                0x00000000a0069e4c                __swrite
 .text          0x00000000a0069f28       0xb4 c:/sunplus/s_core~1.1/gnu/bin/../lib/gcc/score-elf/4.2.1/../../../../score-elf/lib/mel\libc.a(callocr.o)
                0x00000000a0069f28                _calloc_r
 .text          0x00000000a0069fdc        0xc c:/sunplus/s_core~1.1/gnu/bin/../lib/gcc/score-elf/4.2.1/../../../../score-elf/lib/mel\libc.a(errno.o)
                0x00000000a0069fdc                __errno
 .text          0x00000000a0069fe8      0x368 c:/sunplus/s_core~1.1/gnu/bin/../lib/gcc/score-elf/4.2.1/mel\libgcc.a(_addsub_df.o)
                0x00000000a0069fea                __adddf3
                0x00000000a0069fe8                __subdf3
 .text          0x00000000a006a350      0x324 c:/sunplus/s_core~1.1/gnu/bin/../lib/gcc/score-elf/4.2.1/mel\libgcc.a(_muldf3.o)
                0x00000000a006a350                __muldf3
 .text          0x00000000a006a674      0x4c0 c:/sunplus/s_core~1.1/gnu/bin/../lib/gcc/score-elf/4.2.1/mel\libgcc.a(_divdf3.o)
                0x00000000a006a738                __divdf3
                0x00000000a006a674                Div64by32To32
 .text          0x00000000a006ab34       0x80 c:/sunplus/s_core~1.1/gnu/bin/../lib/gcc/score-elf/4.2.1/mel\libgcc.a(_clz64.o)
                0x00000000a006ab34                countLeadingZeros64
 .text          0x00000000a006abb4       0x70 c:/sunplus/s_core~1.1/gnu/bin/../lib/gcc/score-elf/4.2.1/mel\libgcc.a(_floatsidf.o)
                0x00000000a006abb4                __floatsidf
 .text          0x00000000a006ac24       0x54 c:/sunplus/s_core~1.1/gnu/bin/../lib/gcc/score-elf/4.2.1/mel\libgcc.a(_floatunsidf.o)
                0x00000000a006ac24                __floatunsidf
 .text          0x00000000a006ac78       0x74 c:/sunplus/s_core~1.1/gnu/bin/../lib/gcc/score-elf/4.2.1/mel\libgcc.a(_fixdfsi.o)
                0x00000000a006ac78                __fixdfsi
 .text          0x00000000a006acec       0xa4 c:/sunplus/s_core~1.1/gnu/bin/../lib/gcc/score-elf/4.2.1/mel\libgcc.a(_fpcmp_parts_df.o)
                0x00000000a006acf4                __eqdf2
                0x00000000a006acec                __gtdf2
                0x00000000a006acf4                __ltdf2
                0x00000000a006acf8                __compare_df2
                0x00000000a006acf4                __ledf2
                0x00000000a006acf4                __nedf2
                0x00000000a006acec                __gedf2
 .text          0x00000000a006ad90       0x6c c:/sunplus/s_core~1.1/gnu/bin/../lib/gcc/score-elf/4.2.1/mel\libgcc.a(_clz32.o)
                0x00000000a006ad90                countLeadingZeros32
 .text          0x00000000a006adfc       0x4c c:/sunplus/s_core~1.1/gnu/bin/../lib/gcc/score-elf/4.2.1/mel/crtend.o
 .text          0x00000000a006ae48        0x0 c:/sunplus/s_core~1.1/gnu/bin/../lib/gcc/score-elf/4.2.1/mel/crtn.o
 *(.gnu.warning)
 *(.glue_7t)
 *(.glue_7)

.fini           0x00000000a006ae48       0x18
 *(.fini)
 .fini          0x00000000a006ae48        0x8 c:/sunplus/s_core~1.1/gnu/bin/../lib/gcc/score-elf/4.2.1/mel/crti.o
                0x00000000a006ae48                _fini
 .fini          0x00000000a006ae50        0x4 c:/sunplus/s_core~1.1/gnu/bin/../lib/gcc/score-elf/4.2.1/mel/crtbegin.o
 .fini          0x00000000a006ae54        0xc c:/sunplus/s_core~1.1/gnu/bin/../lib/gcc/score-elf/4.2.1/mel/crtn.o
                0x00000000a006ae60                PROVIDE (__etext, .)
                0x00000000a006ae60                PROVIDE (_etext, .)
                0x00000000a006ae60                PROVIDE (etext, .)

.rodata         0x00000000a006ae60     0x16c0
 *(.rodata .rodata.* .gnu.linkonce.r.*)
 .rodata.str1.4
                0x00000000a006ae60      0x27c Debug\main.o
                                        0x280 (size before relaxing)
 .rodata.str1.4
                0x00000000a006b0dc       0x10 Debug\libgloss.o
 .rodata.str1.4
                0x00000000a006b0ec        0x3 Debug\tv.o
                                          0x4 (size before relaxing)
 *fill*         0x00000000a006b0ef        0x1 00
 .rodata        0x00000000a006b0f0     0x1000 Debug\tv.o
                0x00000000a006b0f0                font
 .rodata.str1.4
                0x00000000a006c0f0       0x1b Debug\ff.o
                                         0x1c (size before relaxing)
 *fill*         0x00000000a006c10b        0x1 00
 .rodata        0x00000000a006c10c       0x80 Debug\ff.o
 .rodata.str1.4
                0x00000000a006c18c        0x2 c:/sunplus/s_core~1.1/gnu/bin/../lib/gcc/score-elf/4.2.1/../../../../score-elf/lib/mel\libc.a(impure.o)
                                          0x4 (size before relaxing)
 .rodata.str1.4
                0x0000000000000000        0x2 c:/sunplus/s_core~1.1/gnu/bin/../lib/gcc/score-elf/4.2.1/../../../../score-elf/lib/mel\libc.a(puts.o)
                                          0x4 (size before relaxing)
 *fill*         0x00000000a006c18e        0x2 00
 .rodata.str1.4
                0x00000000a006c190       0x5b c:/sunplus/s_core~1.1/gnu/bin/../lib/gcc/score-elf/4.2.1/../../../../score-elf/lib/mel\libc.a(vfprintf.o)
                                         0x5c (size before relaxing)
 *fill*         0x00000000a006c1eb        0x1 00
 .rodata        0x00000000a006c1ec      0x184 c:/sunplus/s_core~1.1/gnu/bin/../lib/gcc/score-elf/4.2.1/../../../../score-elf/lib/mel\libc.a(vfprintf.o)
 .rodata.str1.4
                0x00000000a006c370       0x1e c:/sunplus/s_core~1.1/gnu/bin/../lib/gcc/score-elf/4.2.1/../../../../score-elf/lib/mel\libc.a(wctomb_r.o)
                                         0x20 (size before relaxing)
 *fill*         0x00000000a006c38e        0x2 00
 .rodata.str1.4
                0x00000000a006c390        0x9 c:/sunplus/s_core~1.1/gnu/bin/../lib/gcc/score-elf/4.2.1/../../../../score-elf/lib/mel\libc.a(dtoa.o)
                                         0x14 (size before relaxing)
 *fill*         0x00000000a006c399        0x3 00
 .rodata        0x00000000a006c39c       0x18 c:/sunplus/s_core~1.1/gnu/bin/../lib/gcc/score-elf/4.2.1/../../../../score-elf/lib/mel\libc.a(dtoa.o)
 .rodata.str1.4
                0x00000000a006c3b4        0xc c:/sunplus/s_core~1.1/gnu/bin/../lib/gcc/score-elf/4.2.1/../../../../score-elf/lib/mel\libc.a(locale.o)
                                         0x18 (size before relaxing)
 .rodata        0x00000000a006c3c0       0x34 c:/sunplus/s_core~1.1/gnu/bin/../lib/gcc/score-elf/4.2.1/../../../../score-elf/lib/mel\libc.a(locale.o)
 *fill*         0x00000000a006c3f4        0x4 00
 .rodata        0x00000000a006c3f8      0x128 c:/sunplus/s_core~1.1/gnu/bin/../lib/gcc/score-elf/4.2.1/../../../../score-elf/lib/mel\libc.a(mprec.o)
                0x00000000a006c4e8                __mprec_tinytens
                0x00000000a006c3f8                __mprec_tens
                0x00000000a006c4c0                __mprec_bigtens

.rodata1
 *(.rodata1)

.sdata2
 *(.sdata2 .sdata2.* .gnu.linkonce.s2.*)

.sbss2
 *(.sbss2 .sbss2.* .gnu.linkonce.sb2.*)

.eh_frame_hdr
 *(.eh_frame_hdr)
                0x00000000a006c620                . = (ALIGN (0x100) + (. & 0xff))
                0x00000000a006c620                . = ALIGN (0x4)
                0x00000000a006c620                PROVIDE (__preinit_array_start, .)

.preinit_array
 *(.preinit_array)
                0x00000000a006c620                PROVIDE (__preinit_array_end, .)
                0x00000000a006c620                PROVIDE (__init_array_start, .)

.init_array
 *(.init_array)
                0x00000000a006c620                PROVIDE (__init_array_end, .)
                0x00000000a006c620                PROVIDE (__fini_array_start, .)

.fini_array
 *(.fini_array)
                0x00000000a006c620                PROVIDE (__fini_array_end, .)

.data           0x00000000a006c620      0x7a8
                0x00000000a006c620                __data_start = .
 *(.data .data.* .gnu.linkonce.d.*)
 .data          0x00000000a006c620        0x0 c:/sunplus/s_core~1.1/gnu/bin/../lib/gcc/score-elf/4.2.1/mel/crti.o
 .data          0x00000000a006c620        0x0 c:/sunplus/s_core~1.1/gnu/bin/../lib/gcc/score-elf/4.2.1/mel/crtbegin.o
 .data          0x00000000a006c620        0x0 Debug\hyperscan_startup.o
 .data          0x00000000a006c620        0x0 Debug\main.o
 .data          0x00000000a006c620        0x0 Debug\libgloss.o
 .data          0x00000000a006c620        0x0 Debug\uart.o
 .data          0x00000000a006c620        0x0 Debug\tv.o
 .data          0x00000000a006c620        0x0 Debug\norflash.o
 .data          0x00000000a006c620        0x0 Debug\sys_isr.o
 .data          0x00000000a006c620        0x0 Debug\sys_irq.o
 .data          0x00000000a006c620        0x0 Debug\i2c.o
 .data          0x00000000a006c620        0x0 Debug\hs_controller.o
 .data          0x00000000a006c620        0x0 Debug\ff.o
 .data          0x00000000a006c620        0x0 Debug\diskio.o
 .data          0x00000000a006c620        0x0 c:/sunplus/s_core~1.1/gnu/bin/../lib/gcc/score-elf/4.2.1/../../../../score-elf/lib/mel\libc.a(abort.o)
 .data          0x00000000a006c620        0x0 c:/sunplus/s_core~1.1/gnu/bin/../lib/gcc/score-elf/4.2.1/../../../../score-elf/lib/mel\libc.a(exit.o)
 .data          0x00000000a006c620      0x388 c:/sunplus/s_core~1.1/gnu/bin/../lib/gcc/score-elf/4.2.1/../../../../score-elf/lib/mel\libc.a(impure.o)
                0x00000000a006c620                _impure_ptr
 .data          0x00000000a006c9a8        0x0 c:/sunplus/s_core~1.1/gnu/bin/../lib/gcc/score-elf/4.2.1/../../../../score-elf/lib/mel\libc.a(malloc.o)
 .data          0x00000000a006c9a8      0x410 c:/sunplus/s_core~1.1/gnu/bin/../lib/gcc/score-elf/4.2.1/../../../../score-elf/lib/mel\libc.a(mallocr.o)
                0x00000000a006cdb4                __malloc_sbrk_base
                0x00000000a006c9a8                __malloc_av_
                0x00000000a006cdb0                __malloc_trim_threshold
 .data          0x00000000a006cdb8        0x0 c:/sunplus/s_core~1.1/gnu/bin/../lib/gcc/score-elf/4.2.1/../../../../score-elf/lib/mel\libc.a(memcmp.o)
 .data          0x00000000a006cdb8        0x0 c:/sunplus/s_core~1.1/gnu/bin/../lib/gcc/score-elf/4.2.1/../../../../score-elf/lib/mel\libc.a(memcpy.o)
 .data          0x00000000a006cdb8        0x0 c:/sunplus/s_core~1.1/gnu/bin/../lib/gcc/score-elf/4.2.1/../../../../score-elf/lib/mel\libc.a(memset.o)
 .data          0x00000000a006cdb8        0x0 c:/sunplus/s_core~1.1/gnu/bin/../lib/gcc/score-elf/4.2.1/../../../../score-elf/lib/mel\libc.a(mlock.o)
 .data          0x00000000a006cdb8        0x0 c:/sunplus/s_core~1.1/gnu/bin/../lib/gcc/score-elf/4.2.1/../../../../score-elf/lib/mel\libc.a(printf.o)
 .data          0x00000000a006cdb8        0x0 c:/sunplus/s_core~1.1/gnu/bin/../lib/gcc/score-elf/4.2.1/../../../../score-elf/lib/mel\libc.a(puts.o)
 .data          0x00000000a006cdb8        0x0 c:/sunplus/s_core~1.1/gnu/bin/../lib/gcc/score-elf/4.2.1/../../../../score-elf/lib/mel\libc.a(signal.o)
 .data          0x00000000a006cdb8        0x0 c:/sunplus/s_core~1.1/gnu/bin/../lib/gcc/score-elf/4.2.1/../../../../score-elf/lib/mel\libc.a(sprintf.o)
 .data          0x00000000a006cdb8        0x0 c:/sunplus/s_core~1.1/gnu/bin/../lib/gcc/score-elf/4.2.1/../../../../score-elf/lib/mel\libc.a(strchr.o)
 .data          0x00000000a006cdb8        0x0 c:/sunplus/s_core~1.1/gnu/bin/../lib/gcc/score-elf/4.2.1/../../../../score-elf/lib/mel\libc.a(strcmp.o)
 .data          0x00000000a006cdb8        0x0 c:/sunplus/s_core~1.1/gnu/bin/../lib/gcc/score-elf/4.2.1/../../../../score-elf/lib/mel\libc.a(strcpy.o)
 .data          0x00000000a006cdb8        0x0 c:/sunplus/s_core~1.1/gnu/bin/../lib/gcc/score-elf/4.2.1/../../../../score-elf/lib/mel\libc.a(strlen.o)
 .data          0x00000000a006cdb8        0x0 c:/sunplus/s_core~1.1/gnu/bin/../lib/gcc/score-elf/4.2.1/../../../../score-elf/lib/mel\libc.a(strncpy.o)
 .data          0x00000000a006cdb8        0x0 c:/sunplus/s_core~1.1/gnu/bin/../lib/gcc/score-elf/4.2.1/../../../../score-elf/lib/mel\libc.a(syswrite.o)
 .data          0x00000000a006cdb8        0x0 c:/sunplus/s_core~1.1/gnu/bin/../lib/gcc/score-elf/4.2.1/../../../../score-elf/lib/mel\libc.a(vfprintf.o)
 .data          0x00000000a006cdb8        0x0 c:/sunplus/s_core~1.1/gnu/bin/../lib/gcc/score-elf/4.2.1/../../../../score-elf/lib/mel\libc.a(wcrtomb.o)
 .data          0x00000000a006cdb8        0x0 c:/sunplus/s_core~1.1/gnu/bin/../lib/gcc/score-elf/4.2.1/../../../../score-elf/lib/mel\libc.a(wcsrtombs.o)
 .data          0x00000000a006cdb8        0x0 c:/sunplus/s_core~1.1/gnu/bin/../lib/gcc/score-elf/4.2.1/../../../../score-elf/lib/mel\libc.a(wctomb_r.o)
 .data          0x00000000a006cdb8        0x0 c:/sunplus/s_core~1.1/gnu/bin/../lib/gcc/score-elf/4.2.1/../../../../score-elf/lib/mel\libc.a(wsetup.o)
 .data          0x00000000a006cdb8        0x0 c:/sunplus/s_core~1.1/gnu/bin/../lib/gcc/score-elf/4.2.1/../../../../score-elf/lib/mel\libc.a(dtoa.o)
 .data          0x00000000a006cdb8        0x0 c:/sunplus/s_core~1.1/gnu/bin/../lib/gcc/score-elf/4.2.1/../../../../score-elf/lib/mel\libc.a(fflush.o)
 .data          0x00000000a006cdb8        0x0 c:/sunplus/s_core~1.1/gnu/bin/../lib/gcc/score-elf/4.2.1/../../../../score-elf/lib/mel\libc.a(findfp.o)
 .data          0x00000000a006cdb8        0x0 c:/sunplus/s_core~1.1/gnu/bin/../lib/gcc/score-elf/4.2.1/../../../../score-elf/lib/mel\libc.a(freer.o)
 .data          0x00000000a006cdb8        0x0 c:/sunplus/s_core~1.1/gnu/bin/../lib/gcc/score-elf/4.2.1/../../../../score-elf/lib/mel\libc.a(fvwrite.o)
 .data          0x00000000a006cdb8        0x0 c:/sunplus/s_core~1.1/gnu/bin/../lib/gcc/score-elf/4.2.1/../../../../score-elf/lib/mel\libc.a(fwalk.o)
 .data          0x00000000a006cdb8       0x10 c:/sunplus/s_core~1.1/gnu/bin/../lib/gcc/score-elf/4.2.1/../../../../score-elf/lib/mel\libc.a(locale.o)
                0x00000000a006cdb8                __mb_cur_max
                0x00000000a006cdbc                __lc_ctype
 .data          0x00000000a006cdc8        0x0 c:/sunplus/s_core~1.1/gnu/bin/../lib/gcc/score-elf/4.2.1/../../../../score-elf/lib/mel\libc.a(makebuf.o)
 .data          0x00000000a006cdc8        0x0 c:/sunplus/s_core~1.1/gnu/bin/../lib/gcc/score-elf/4.2.1/../../../../score-elf/lib/mel\libc.a(memchr.o)
 .data          0x00000000a006cdc8        0x0 c:/sunplus/s_core~1.1/gnu/bin/../lib/gcc/score-elf/4.2.1/../../../../score-elf/lib/mel\libc.a(memmove.o)
 .data          0x00000000a006cdc8        0x0 c:/sunplus/s_core~1.1/gnu/bin/../lib/gcc/score-elf/4.2.1/../../../../score-elf/lib/mel\libc.a(mprec.o)
 .data          0x00000000a006cdc8        0x0 c:/sunplus/s_core~1.1/gnu/bin/../lib/gcc/score-elf/4.2.1/../../../../score-elf/lib/mel\libc.a(reallocr.o)
 .data          0x00000000a006cdc8        0x0 c:/sunplus/s_core~1.1/gnu/bin/../lib/gcc/score-elf/4.2.1/../../../../score-elf/lib/mel\libc.a(s_isinf.o)
 .data          0x00000000a006cdc8        0x0 c:/sunplus/s_core~1.1/gnu/bin/../lib/gcc/score-elf/4.2.1/../../../../score-elf/lib/mel\libc.a(s_isnan.o)
 .data          0x00000000a006cdc8        0x0 c:/sunplus/s_core~1.1/gnu/bin/../lib/gcc/score-elf/4.2.1/../../../../score-elf/lib/mel\libc.a(stdio.o)
 .data          0x00000000a006cdc8        0x0 c:/sunplus/s_core~1.1/gnu/bin/../lib/gcc/score-elf/4.2.1/../../../../score-elf/lib/mel\libc.a(callocr.o)
 .data          0x00000000a006cdc8        0x0 c:/sunplus/s_core~1.1/gnu/bin/../lib/gcc/score-elf/4.2.1/../../../../score-elf/lib/mel\libc.a(errno.o)
 .data          0x00000000a006cdc8        0x0 c:/sunplus/s_core~1.1/gnu/bin/../lib/gcc/score-elf/4.2.1/mel\libgcc.a(_addsub_df.o)
 .data          0x00000000a006cdc8        0x0 c:/sunplus/s_core~1.1/gnu/bin/../lib/gcc/score-elf/4.2.1/mel\libgcc.a(_muldf3.o)
 .data          0x00000000a006cdc8        0x0 c:/sunplus/s_core~1.1/gnu/bin/../lib/gcc/score-elf/4.2.1/mel\libgcc.a(_divdf3.o)
 .data          0x00000000a006cdc8        0x0 c:/sunplus/s_core~1.1/gnu/bin/../lib/gcc/score-elf/4.2.1/mel\libgcc.a(_clz64.o)
 .data          0x00000000a006cdc8        0x0 c:/sunplus/s_core~1.1/gnu/bin/../lib/gcc/score-elf/4.2.1/mel\libgcc.a(_floatsidf.o)
 .data          0x00000000a006cdc8        0x0 c:/sunplus/s_core~1.1/gnu/bin/../lib/gcc/score-elf/4.2.1/mel\libgcc.a(_floatunsidf.o)
 .data          0x00000000a006cdc8        0x0 c:/sunplus/s_core~1.1/gnu/bin/../lib/gcc/score-elf/4.2.1/mel\libgcc.a(_fixdfsi.o)
 .data          0x00000000a006cdc8        0x0 c:/sunplus/s_core~1.1/gnu/bin/../lib/gcc/score-elf/4.2.1/mel\libgcc.a(_fpcmp_parts_df.o)
 .data          0x00000000a006cdc8        0x0 c:/sunplus/s_core~1.1/gnu/bin/../lib/gcc/score-elf/4.2.1/mel\libgcc.a(_clz32.o)
 .data          0x00000000a006cdc8        0x0 c:/sunplus/s_core~1.1/gnu/bin/../lib/gcc/score-elf/4.2.1/mel/crtend.o
 .data          0x00000000a006cdc8        0x0 c:/sunplus/s_core~1.1/gnu/bin/../lib/gcc/score-elf/4.2.1/mel/crtn.o

.data1
 *(.data1)

.tdata
 *(.tdata .tdata.* .gnu.linkonce.td.*)

.tbss
 *(.tbss .tbss.* .gnu.linkonce.tb.*)
 *(.tcommon)

.eh_frame       0x00000000a006cdc8        0x4
 *(.eh_frame)
 .eh_frame      0x00000000a006cdc8        0x0 c:/sunplus/s_core~1.1/gnu/bin/../lib/gcc/score-elf/4.2.1/mel/crtbegin.o
 .eh_frame      0x00000000a006cdc8        0x4 c:/sunplus/s_core~1.1/gnu/bin/../lib/gcc/score-elf/4.2.1/mel/crtend.o

.gcc_except_table
 *(.gcc_except_table)

.dynamic
 *(.dynamic)

.ctors          0x00000000a006cdcc        0x8
 *crtbegin.o(.ctors)
 .ctors         0x00000000a006cdcc        0x4 c:/sunplus/s_core~1.1/gnu/bin/../lib/gcc/score-elf/4.2.1/mel/crtbegin.o
 *(EXCLUDE_FILE(*crtend.o) .ctors)
 *(SORT(.ctors.*))
 *(.ctors)
 .ctors         0x00000000a006cdd0        0x4 c:/sunplus/s_core~1.1/gnu/bin/../lib/gcc/score-elf/4.2.1/mel/crtend.o

.dtors          0x00000000a006cdd4        0x8
 *crtbegin.o(.dtors)
 .dtors         0x00000000a006cdd4        0x4 c:/sunplus/s_core~1.1/gnu/bin/../lib/gcc/score-elf/4.2.1/mel/crtbegin.o
 *(EXCLUDE_FILE(*crtend.o) .dtors)
 *(SORT(.dtors.*))
 *(.dtors)
 .dtors         0x00000000a006cdd8        0x4 c:/sunplus/s_core~1.1/gnu/bin/../lib/gcc/score-elf/4.2.1/mel/crtend.o

.jcr            0x00000000a006cddc        0x4
 *(.jcr)
 .jcr           0x00000000a006cddc        0x0 c:/sunplus/s_core~1.1/gnu/bin/../lib/gcc/score-elf/4.2.1/mel/crtbegin.o
 .jcr           0x00000000a006cddc        0x4 c:/sunplus/s_core~1.1/gnu/bin/../lib/gcc/score-elf/4.2.1/mel/crtend.o

.got
 *(.got.plt)
 *(.got)
                0x00000000a0070de0                _gp = (. + 0x4000)

.sdata          0x00000000a006cde0        0x8
                0x00000000a006cde0                _sdata_start = .
 *(.sdata .sdata.* .gnu.linkonce.s.*)
 .sdata         0x00000000a006cde0        0x8 c:/sunplus/s_core~1.1/gnu/bin/../lib/gcc/score-elf/4.2.1/mel/crtbegin.o
                0x00000000a006cde0                __dso_handle
                0x00000000a006cde8                _edata = .
                0x00000000a006cde8                PROVIDE (edata, .)
                0x00000000a006cde8                . = ALIGN (0x4)
                0x00000000a006cde8                __bss_start = .
                0x00000000a006cde8                __bss_start__ = .

.sbss           0x00000000a006cde8       0x15
                0x00000000a006cde8                PROVIDE (__sbss_start, .)
                0x00000000a006cde8                PROVIDE (___sbss_start, .)
 *(.dynsbss)
 *(.sbss .sbss.* .gnu.linkonce.sb.*)
 .sbss          0x00000000a006cde8        0x1 c:/sunplus/s_core~1.1/gnu/bin/../lib/gcc/score-elf/4.2.1/mel/crtbegin.o
 *fill*         0x00000000a006cde9        0x3 00
 .sbss          0x00000000a006cdec        0x4 Debug\libgloss.o
 .sbss          0x00000000a006cdf0        0x8 Debug\ff.o
 *(.scommon)
 .scommon       0x00000000a006cdf8        0x5 Debug\main.o
                0x00000000a006cdf8                controller
 .scommon       0x00000000a006cdfd        0x0 Debug\hs_controller.o
                0x00000000a006cdfd                PROVIDE (__sbss_end, .)
                0x00000000a006cdfd                PROVIDE (___sbss_end, .)
                0x00000000a0070de0                _gp = (_sdata_start + 0x4000)

.bss            0x00000000a006ce00   0x10065c
 *(.dynbss)
 *(.bss .bss.* .gnu.linkonce.b.*)
 .bss           0x00000000a006ce00        0x0 c:/sunplus/s_core~1.1/gnu/bin/../lib/gcc/score-elf/4.2.1/mel/crti.o
 .bss           0x00000000a006ce00       0x18 c:/sunplus/s_core~1.1/gnu/bin/../lib/gcc/score-elf/4.2.1/mel/crtbegin.o
 .bss           0x00000000a006ce18        0x0 Debug\hyperscan_startup.o
 .bss           0x00000000a006ce18      0x2d8 Debug\main.o
 .bss           0x00000000a006d0f0   0x100000 Debug\libgloss.o
 .bss           0x00000000a016d0f0        0x0 Debug\uart.o
 .bss           0x00000000a016d0f0        0x0 Debug\tv.o
 .bss           0x00000000a016d0f0        0x0 Debug\norflash.o
 .bss           0x00000000a016d0f0        0x0 Debug\sys_isr.o
 .bss           0x00000000a016d0f0       0xfc Debug\sys_irq.o
 .bss           0x00000000a016d1ec        0x0 Debug\i2c.o
 .bss           0x00000000a016d1ec        0x0 Debug\hs_controller.o
 .bss           0x00000000a016d1ec        0x0 Debug\ff.o
 .bss           0x00000000a016d1ec        0x0 Debug\diskio.o
 .bss           0x00000000a016d1ec        0x0 c:/sunplus/s_core~1.1/gnu/bin/../lib/gcc/score-elf/4.2.1/../../../../score-elf/lib/mel\libc.a(abort.o)
 .bss           0x00000000a016d1ec        0x0 c:/sunplus/s_core~1.1/gnu/bin/../lib/gcc/score-elf/4.2.1/../../../../score-elf/lib/mel\libc.a(exit.o)
 .bss           0x00000000a016d1ec        0x0 c:/sunplus/s_core~1.1/gnu/bin/../lib/gcc/score-elf/4.2.1/../../../../score-elf/lib/mel\libc.a(impure.o)
 .bss           0x00000000a016d1ec        0x0 c:/sunplus/s_core~1.1/gnu/bin/../lib/gcc/score-elf/4.2.1/../../../../score-elf/lib/mel\libc.a(malloc.o)
 .bss           0x00000000a016d1ec       0x34 c:/sunplus/s_core~1.1/gnu/bin/../lib/gcc/score-elf/4.2.1/../../../../score-elf/lib/mel\libc.a(mallocr.o)
                0x00000000a016d1ec                __malloc_top_pad
                0x00000000a016d1f0                __malloc_max_sbrked_mem
                0x00000000a016d1f8                __malloc_current_mallinfo
                0x00000000a016d1f4                __malloc_max_total_mem
 .bss           0x00000000a016d220        0x0 c:/sunplus/s_core~1.1/gnu/bin/../lib/gcc/score-elf/4.2.1/../../../../score-elf/lib/mel\libc.a(memcmp.o)
 .bss           0x00000000a016d220        0x0 c:/sunplus/s_core~1.1/gnu/bin/../lib/gcc/score-elf/4.2.1/../../../../score-elf/lib/mel\libc.a(memcpy.o)
 .bss           0x00000000a016d220        0x0 c:/sunplus/s_core~1.1/gnu/bin/../lib/gcc/score-elf/4.2.1/../../../../score-elf/lib/mel\libc.a(memset.o)
 .bss           0x00000000a016d220        0x0 c:/sunplus/s_core~1.1/gnu/bin/../lib/gcc/score-elf/4.2.1/../../../../score-elf/lib/mel\libc.a(mlock.o)
 .bss           0x00000000a016d220        0x0 c:/sunplus/s_core~1.1/gnu/bin/../lib/gcc/score-elf/4.2.1/../../../../score-elf/lib/mel\libc.a(printf.o)
 .bss           0x00000000a016d220        0x0 c:/sunplus/s_core~1.1/gnu/bin/../lib/gcc/score-elf/4.2.1/../../../../score-elf/lib/mel\libc.a(puts.o)
 .bss           0x00000000a016d220        0x0 c:/sunplus/s_core~1.1/gnu/bin/../lib/gcc/score-elf/4.2.1/../../../../score-elf/lib/mel\libc.a(signal.o)
 .bss           0x00000000a016d220        0x0 c:/sunplus/s_core~1.1/gnu/bin/../lib/gcc/score-elf/4.2.1/../../../../score-elf/lib/mel\libc.a(sprintf.o)
 .bss           0x00000000a016d220        0x0 c:/sunplus/s_core~1.1/gnu/bin/../lib/gcc/score-elf/4.2.1/../../../../score-elf/lib/mel\libc.a(strchr.o)
 .bss           0x00000000a016d220        0x0 c:/sunplus/s_core~1.1/gnu/bin/../lib/gcc/score-elf/4.2.1/../../../../score-elf/lib/mel\libc.a(strcmp.o)
 .bss           0x00000000a016d220        0x0 c:/sunplus/s_core~1.1/gnu/bin/../lib/gcc/score-elf/4.2.1/../../../../score-elf/lib/mel\libc.a(strcpy.o)
 .bss           0x00000000a016d220        0x0 c:/sunplus/s_core~1.1/gnu/bin/../lib/gcc/score-elf/4.2.1/../../../../score-elf/lib/mel\libc.a(strlen.o)
 .bss           0x00000000a016d220        0x0 c:/sunplus/s_core~1.1/gnu/bin/../lib/gcc/score-elf/4.2.1/../../../../score-elf/lib/mel\libc.a(strncpy.o)
 .bss           0x00000000a016d220        0x0 c:/sunplus/s_core~1.1/gnu/bin/../lib/gcc/score-elf/4.2.1/../../../../score-elf/lib/mel\libc.a(syswrite.o)
 .bss           0x00000000a016d220        0x0 c:/sunplus/s_core~1.1/gnu/bin/../lib/gcc/score-elf/4.2.1/../../../../score-elf/lib/mel\libc.a(vfprintf.o)
 .bss           0x00000000a016d220        0x0 c:/sunplus/s_core~1.1/gnu/bin/../lib/gcc/score-elf/4.2.1/../../../../score-elf/lib/mel\libc.a(wcrtomb.o)
 .bss           0x00000000a016d220        0x0 c:/sunplus/s_core~1.1/gnu/bin/../lib/gcc/score-elf/4.2.1/../../../../score-elf/lib/mel\libc.a(wcsrtombs.o)
 .bss           0x00000000a016d220        0x0 c:/sunplus/s_core~1.1/gnu/bin/../lib/gcc/score-elf/4.2.1/../../../../score-elf/lib/mel\libc.a(wctomb_r.o)
 .bss           0x00000000a016d220        0x0 c:/sunplus/s_core~1.1/gnu/bin/../lib/gcc/score-elf/4.2.1/../../../../score-elf/lib/mel\libc.a(wsetup.o)
 .bss           0x00000000a016d220        0x0 c:/sunplus/s_core~1.1/gnu/bin/../lib/gcc/score-elf/4.2.1/../../../../score-elf/lib/mel\libc.a(dtoa.o)
 .bss           0x00000000a016d220        0x0 c:/sunplus/s_core~1.1/gnu/bin/../lib/gcc/score-elf/4.2.1/../../../../score-elf/lib/mel\libc.a(fflush.o)
 .bss           0x00000000a016d220        0x0 c:/sunplus/s_core~1.1/gnu/bin/../lib/gcc/score-elf/4.2.1/../../../../score-elf/lib/mel\libc.a(findfp.o)
 .bss           0x00000000a016d220        0x0 c:/sunplus/s_core~1.1/gnu/bin/../lib/gcc/score-elf/4.2.1/../../../../score-elf/lib/mel\libc.a(freer.o)
 .bss           0x00000000a016d220        0x0 c:/sunplus/s_core~1.1/gnu/bin/../lib/gcc/score-elf/4.2.1/../../../../score-elf/lib/mel\libc.a(fvwrite.o)
 .bss           0x00000000a016d220        0x0 c:/sunplus/s_core~1.1/gnu/bin/../lib/gcc/score-elf/4.2.1/../../../../score-elf/lib/mel\libc.a(fwalk.o)
 .bss           0x00000000a016d220        0xc c:/sunplus/s_core~1.1/gnu/bin/../lib/gcc/score-elf/4.2.1/../../../../score-elf/lib/mel\libc.a(locale.o)
                0x00000000a016d220                __nlocale_changed
                0x00000000a016d224                __mlocale_changed
                0x00000000a016d228                _PathLocale
 .bss           0x00000000a016d22c        0x0 c:/sunplus/s_core~1.1/gnu/bin/../lib/gcc/score-elf/4.2.1/../../../../score-elf/lib/mel\libc.a(makebuf.o)
 .bss           0x00000000a016d22c        0x0 c:/sunplus/s_core~1.1/gnu/bin/../lib/gcc/score-elf/4.2.1/../../../../score-elf/lib/mel\libc.a(memchr.o)
 .bss           0x00000000a016d22c        0x0 c:/sunplus/s_core~1.1/gnu/bin/../lib/gcc/score-elf/4.2.1/../../../../score-elf/lib/mel\libc.a(memmove.o)
 .bss           0x00000000a016d22c        0x0 c:/sunplus/s_core~1.1/gnu/bin/../lib/gcc/score-elf/4.2.1/../../../../score-elf/lib/mel\libc.a(mprec.o)
 .bss           0x00000000a016d22c        0x0 c:/sunplus/s_core~1.1/gnu/bin/../lib/gcc/score-elf/4.2.1/../../../../score-elf/lib/mel\libc.a(reallocr.o)
 .bss           0x00000000a016d22c        0x0 c:/sunplus/s_core~1.1/gnu/bin/../lib/gcc/score-elf/4.2.1/../../../../score-elf/lib/mel\libc.a(s_isinf.o)
 .bss           0x00000000a016d22c        0x0 c:/sunplus/s_core~1.1/gnu/bin/../lib/gcc/score-elf/4.2.1/../../../../score-elf/lib/mel\libc.a(s_isnan.o)
 .bss           0x00000000a016d22c        0x0 c:/sunplus/s_core~1.1/gnu/bin/../lib/gcc/score-elf/4.2.1/../../../../score-elf/lib/mel\libc.a(stdio.o)
 .bss           0x00000000a016d22c        0x0 c:/sunplus/s_core~1.1/gnu/bin/../lib/gcc/score-elf/4.2.1/../../../../score-elf/lib/mel\libc.a(callocr.o)
 .bss           0x00000000a016d22c        0x0 c:/sunplus/s_core~1.1/gnu/bin/../lib/gcc/score-elf/4.2.1/../../../../score-elf/lib/mel\libc.a(errno.o)
 .bss           0x00000000a016d22c        0x0 c:/sunplus/s_core~1.1/gnu/bin/../lib/gcc/score-elf/4.2.1/mel\libgcc.a(_addsub_df.o)
 .bss           0x00000000a016d22c        0x0 c:/sunplus/s_core~1.1/gnu/bin/../lib/gcc/score-elf/4.2.1/mel\libgcc.a(_muldf3.o)
 .bss           0x00000000a016d22c        0x0 c:/sunplus/s_core~1.1/gnu/bin/../lib/gcc/score-elf/4.2.1/mel\libgcc.a(_divdf3.o)
 .bss           0x00000000a016d22c        0x0 c:/sunplus/s_core~1.1/gnu/bin/../lib/gcc/score-elf/4.2.1/mel\libgcc.a(_clz64.o)
 .bss           0x00000000a016d22c        0x0 c:/sunplus/s_core~1.1/gnu/bin/../lib/gcc/score-elf/4.2.1/mel\libgcc.a(_floatsidf.o)
 .bss           0x00000000a016d22c        0x0 c:/sunplus/s_core~1.1/gnu/bin/../lib/gcc/score-elf/4.2.1/mel\libgcc.a(_floatunsidf.o)
 .bss           0x00000000a016d22c        0x0 c:/sunplus/s_core~1.1/gnu/bin/../lib/gcc/score-elf/4.2.1/mel\libgcc.a(_fixdfsi.o)
 .bss           0x00000000a016d22c        0x0 c:/sunplus/s_core~1.1/gnu/bin/../lib/gcc/score-elf/4.2.1/mel\libgcc.a(_fpcmp_parts_df.o)
 .bss           0x00000000a016d22c        0x0 c:/sunplus/s_core~1.1/gnu/bin/../lib/gcc/score-elf/4.2.1/mel\libgcc.a(_clz32.o)
 .bss           0x00000000a016d22c        0x0 c:/sunplus/s_core~1.1/gnu/bin/../lib/gcc/score-elf/4.2.1/mel/crtend.o
 .bss           0x00000000a016d22c        0x0 c:/sunplus/s_core~1.1/gnu/bin/../lib/gcc/score-elf/4.2.1/mel/crtn.o
 *(COMMON)
 COMMON         0x00000000a016d22c      0x230 Debug\main.o
                0x00000000a016d22c                fs
                0x00000000a016d45c                . = ALIGN (0x4)
                0x00000000a016d45c                . = ALIGN (0x4)
                0x00000000a016d45c                _end = .
                0x00000000a016d45c                _bss_end__ = .
                0x00000000a016d45c                __bss_end__ = .
                0x00000000a016d45c                __end__ = .
                0x00000000a016d45c                PROVIDE (end, .)

.stab
 *(.stab)

.stabstr
 *(.stabstr)

.stab.excl
 *(.stab.excl)

.stab.exclstr
 *(.stab.exclstr)

.stab.index
 *(.stab.index)

.stab.indexstr
 *(.stab.indexstr)

.comment        0x0000000000000000      0x3ba
 *(.comment)
 .comment       0x0000000000000000       0x12 c:/sunplus/s_core~1.1/gnu/bin/../lib/gcc/score-elf/4.2.1/mel/crtbegin.o
 .comment       0x0000000000000012       0x12 Debug\main.o
 .comment       0x0000000000000024       0x12 Debug\libgloss.o
 .comment       0x0000000000000036       0x12 Debug\uart.o
 .comment       0x0000000000000048       0x12 Debug\tv.o
 .comment       0x000000000000005a       0x12 Debug\norflash.o
 .comment       0x000000000000006c       0x12 Debug\sys_irq.o
 .comment       0x000000000000007e       0x12 Debug\i2c.o
 .comment       0x0000000000000090       0x12 Debug\hs_controller.o
 .comment       0x00000000000000a2       0x12 Debug\ff.o
 .comment       0x00000000000000b4       0x12 Debug\diskio.o
 .comment       0x00000000000000c6       0x12 c:/sunplus/s_core~1.1/gnu/bin/../lib/gcc/score-elf/4.2.1/../../../../score-elf/lib/mel\libc.a(abort.o)
 .comment       0x00000000000000d8       0x12 c:/sunplus/s_core~1.1/gnu/bin/../lib/gcc/score-elf/4.2.1/../../../../score-elf/lib/mel\libc.a(exit.o)
 .comment       0x00000000000000ea       0x12 c:/sunplus/s_core~1.1/gnu/bin/../lib/gcc/score-elf/4.2.1/../../../../score-elf/lib/mel\libc.a(impure.o)
 .comment       0x00000000000000fc       0x12 c:/sunplus/s_core~1.1/gnu/bin/../lib/gcc/score-elf/4.2.1/../../../../score-elf/lib/mel\libc.a(malloc.o)
 .comment       0x000000000000010e       0x12 c:/sunplus/s_core~1.1/gnu/bin/../lib/gcc/score-elf/4.2.1/../../../../score-elf/lib/mel\libc.a(mallocr.o)
 .comment       0x0000000000000120       0x12 c:/sunplus/s_core~1.1/gnu/bin/../lib/gcc/score-elf/4.2.1/../../../../score-elf/lib/mel\libc.a(memcmp.o)
 .comment       0x0000000000000132       0x12 c:/sunplus/s_core~1.1/gnu/bin/../lib/gcc/score-elf/4.2.1/../../../../score-elf/lib/mel\libc.a(memcpy.o)
 .comment       0x0000000000000144       0x12 c:/sunplus/s_core~1.1/gnu/bin/../lib/gcc/score-elf/4.2.1/../../../../score-elf/lib/mel\libc.a(memset.o)
 .comment       0x0000000000000156       0x12 c:/sunplus/s_core~1.1/gnu/bin/../lib/gcc/score-elf/4.2.1/../../../../score-elf/lib/mel\libc.a(mlock.o)
 .comment       0x0000000000000168       0x12 c:/sunplus/s_core~1.1/gnu/bin/../lib/gcc/score-elf/4.2.1/../../../../score-elf/lib/mel\libc.a(printf.o)
 .comment       0x000000000000017a       0x12 c:/sunplus/s_core~1.1/gnu/bin/../lib/gcc/score-elf/4.2.1/../../../../score-elf/lib/mel\libc.a(puts.o)
 .comment       0x000000000000018c       0x12 c:/sunplus/s_core~1.1/gnu/bin/../lib/gcc/score-elf/4.2.1/../../../../score-elf/lib/mel\libc.a(signal.o)
 .comment       0x000000000000019e       0x12 c:/sunplus/s_core~1.1/gnu/bin/../lib/gcc/score-elf/4.2.1/../../../../score-elf/lib/mel\libc.a(sprintf.o)
 .comment       0x00000000000001b0       0x12 c:/sunplus/s_core~1.1/gnu/bin/../lib/gcc/score-elf/4.2.1/../../../../score-elf/lib/mel\libc.a(strchr.o)
 .comment       0x00000000000001c2       0x12 c:/sunplus/s_core~1.1/gnu/bin/../lib/gcc/score-elf/4.2.1/../../../../score-elf/lib/mel\libc.a(strcmp.o)
 .comment       0x00000000000001d4       0x12 c:/sunplus/s_core~1.1/gnu/bin/../lib/gcc/score-elf/4.2.1/../../../../score-elf/lib/mel\libc.a(strcpy.o)
 .comment       0x00000000000001e6       0x12 c:/sunplus/s_core~1.1/gnu/bin/../lib/gcc/score-elf/4.2.1/../../../../score-elf/lib/mel\libc.a(strlen.o)
 .comment       0x00000000000001f8       0x12 c:/sunplus/s_core~1.1/gnu/bin/../lib/gcc/score-elf/4.2.1/../../../../score-elf/lib/mel\libc.a(strncpy.o)
 .comment       0x000000000000020a       0x12 c:/sunplus/s_core~1.1/gnu/bin/../lib/gcc/score-elf/4.2.1/../../../../score-elf/lib/mel\libc.a(syswrite.o)
 .comment       0x000000000000021c       0x12 c:/sunplus/s_core~1.1/gnu/bin/../lib/gcc/score-elf/4.2.1/../../../../score-elf/lib/mel\libc.a(vfprintf.o)
 .comment       0x000000000000022e       0x12 c:/sunplus/s_core~1.1/gnu/bin/../lib/gcc/score-elf/4.2.1/../../../../score-elf/lib/mel\libc.a(wcrtomb.o)
 .comment       0x0000000000000240       0x12 c:/sunplus/s_core~1.1/gnu/bin/../lib/gcc/score-elf/4.2.1/../../../../score-elf/lib/mel\libc.a(wcsrtombs.o)
 .comment       0x0000000000000252       0x12 c:/sunplus/s_core~1.1/gnu/bin/../lib/gcc/score-elf/4.2.1/../../../../score-elf/lib/mel\libc.a(wctomb_r.o)
 .comment       0x0000000000000264       0x12 c:/sunplus/s_core~1.1/gnu/bin/../lib/gcc/score-elf/4.2.1/../../../../score-elf/lib/mel\libc.a(wsetup.o)
 .comment       0x0000000000000276       0x12 c:/sunplus/s_core~1.1/gnu/bin/../lib/gcc/score-elf/4.2.1/../../../../score-elf/lib/mel\libc.a(dtoa.o)
 .comment       0x0000000000000288       0x12 c:/sunplus/s_core~1.1/gnu/bin/../lib/gcc/score-elf/4.2.1/../../../../score-elf/lib/mel\libc.a(fflush.o)
 .comment       0x000000000000029a       0x12 c:/sunplus/s_core~1.1/gnu/bin/../lib/gcc/score-elf/4.2.1/../../../../score-elf/lib/mel\libc.a(findfp.o)
 .comment       0x00000000000002ac       0x12 c:/sunplus/s_core~1.1/gnu/bin/../lib/gcc/score-elf/4.2.1/../../../../score-elf/lib/mel\libc.a(freer.o)
 .comment       0x00000000000002be       0x12 c:/sunplus/s_core~1.1/gnu/bin/../lib/gcc/score-elf/4.2.1/../../../../score-elf/lib/mel\libc.a(fvwrite.o)
 .comment       0x00000000000002d0       0x12 c:/sunplus/s_core~1.1/gnu/bin/../lib/gcc/score-elf/4.2.1/../../../../score-elf/lib/mel\libc.a(fwalk.o)
 .comment       0x00000000000002e2       0x12 c:/sunplus/s_core~1.1/gnu/bin/../lib/gcc/score-elf/4.2.1/../../../../score-elf/lib/mel\libc.a(locale.o)
 .comment       0x00000000000002f4       0x12 c:/sunplus/s_core~1.1/gnu/bin/../lib/gcc/score-elf/4.2.1/../../../../score-elf/lib/mel\libc.a(makebuf.o)
 .comment       0x0000000000000306       0x12 c:/sunplus/s_core~1.1/gnu/bin/../lib/gcc/score-elf/4.2.1/../../../../score-elf/lib/mel\libc.a(memchr.o)
 .comment       0x0000000000000318       0x12 c:/sunplus/s_core~1.1/gnu/bin/../lib/gcc/score-elf/4.2.1/../../../../score-elf/lib/mel\libc.a(memmove.o)
 .comment       0x000000000000032a       0x12 c:/sunplus/s_core~1.1/gnu/bin/../lib/gcc/score-elf/4.2.1/../../../../score-elf/lib/mel\libc.a(mprec.o)
 .comment       0x000000000000033c       0x12 c:/sunplus/s_core~1.1/gnu/bin/../lib/gcc/score-elf/4.2.1/../../../../score-elf/lib/mel\libc.a(reallocr.o)
 .comment       0x000000000000034e       0x12 c:/sunplus/s_core~1.1/gnu/bin/../lib/gcc/score-elf/4.2.1/../../../../score-elf/lib/mel\libc.a(s_isinf.o)
 .comment       0x0000000000000360       0x12 c:/sunplus/s_core~1.1/gnu/bin/../lib/gcc/score-elf/4.2.1/../../../../score-elf/lib/mel\libc.a(s_isnan.o)
 .comment       0x0000000000000372       0x12 c:/sunplus/s_core~1.1/gnu/bin/../lib/gcc/score-elf/4.2.1/../../../../score-elf/lib/mel\libc.a(stdio.o)
 .comment       0x0000000000000384       0x12 c:/sunplus/s_core~1.1/gnu/bin/../lib/gcc/score-elf/4.2.1/../../../../score-elf/lib/mel\libc.a(callocr.o)
 .comment       0x0000000000000396       0x12 c:/sunplus/s_core~1.1/gnu/bin/../lib/gcc/score-elf/4.2.1/../../../../score-elf/lib/mel\libc.a(errno.o)
 .comment       0x00000000000003a8       0x12 c:/sunplus/s_core~1.1/gnu/bin/../lib/gcc/score-elf/4.2.1/mel/crtend.o

.debug
 *(.debug)

.line
 *(.line)

.debug_srcinfo
 *(.debug_srcinfo)

.debug_sfnames
 *(.debug_sfnames)

.debug_aranges  0x0000000000000000      0x180
 *(.debug_aranges)
 .debug_aranges
                0x0000000000000000       0x20 Debug\hyperscan_startup.o
 .debug_aranges
                0x0000000000000020       0x20 Debug\main.o
 .debug_aranges
                0x0000000000000040       0x20 Debug\libgloss.o
 .debug_aranges
                0x0000000000000060       0x20 Debug\uart.o
 .debug_aranges
                0x0000000000000080       0x20 Debug\tv.o
 .debug_aranges
                0x00000000000000a0       0x20 Debug\norflash.o
 .debug_aranges
                0x00000000000000c0       0x20 Debug\sys_isr.o
 .debug_aranges
                0x00000000000000e0       0x20 Debug\sys_irq.o
 .debug_aranges
                0x0000000000000100       0x20 Debug\i2c.o
 .debug_aranges
                0x0000000000000120       0x20 Debug\hs_controller.o
 .debug_aranges
                0x0000000000000140       0x20 Debug\ff.o
 .debug_aranges
                0x0000000000000160       0x20 Debug\diskio.o

.debug_pubnames
                0x0000000000000000      0x680
 *(.debug_pubnames)
 .debug_pubnames
                0x0000000000000000      0x109 Debug\main.o
 .debug_pubnames
                0x0000000000000109       0xbb Debug\libgloss.o
 .debug_pubnames
                0x00000000000001c4       0x9a Debug\uart.o
 .debug_pubnames
                0x000000000000025e       0xd3 Debug\tv.o
 .debug_pubnames
                0x0000000000000331       0xc3 Debug\norflash.o
 .debug_pubnames
                0x00000000000003f4       0x32 Debug\sys_irq.o
 .debug_pubnames
                0x0000000000000426       0x3c Debug\i2c.o
 .debug_pubnames
                0x0000000000000462       0x4f Debug\hs_controller.o
 .debug_pubnames
                0x00000000000004b1      0x111 Debug\ff.o
 .debug_pubnames
                0x00000000000005c2       0xbe Debug\diskio.o

.debug_info     0x0000000000000000     0x4b6a
 *(.debug_info .gnu.linkonce.wi.*)
 .debug_info    0x0000000000000000       0xc3 Debug\hyperscan_startup.o
 .debug_info    0x00000000000000c3      0xcad Debug\main.o
 .debug_info    0x0000000000000d70      0xda4 Debug\libgloss.o
 .debug_info    0x0000000000001b14      0x1b8 Debug\uart.o
 .debug_info    0x0000000000001ccc      0x44e Debug\tv.o
 .debug_info    0x000000000000211a      0x18f Debug\norflash.o
 .debug_info    0x00000000000022a9       0xa0 Debug\sys_isr.o
 .debug_info    0x0000000000002349      0x160 Debug\sys_irq.o
 .debug_info    0x00000000000024a9       0xba Debug\i2c.o
 .debug_info    0x0000000000002563      0x1cc Debug\hs_controller.o
 .debug_info    0x000000000000272f     0x1fb9 Debug\ff.o
 .debug_info    0x00000000000046e8      0x482 Debug\diskio.o

.debug_abbrev   0x0000000000000000     0x1083
 *(.debug_abbrev)
 .debug_abbrev  0x0000000000000000       0x14 Debug\hyperscan_startup.o
 .debug_abbrev  0x0000000000000014      0x365 Debug\main.o
 .debug_abbrev  0x0000000000000379      0x248 Debug\libgloss.o
 .debug_abbrev  0x00000000000005c1      0x15f Debug\uart.o
 .debug_abbrev  0x0000000000000720      0x184 Debug\tv.o
 .debug_abbrev  0x00000000000008a4      0x116 Debug\norflash.o
 .debug_abbrev  0x00000000000009ba       0x14 Debug\sys_isr.o
 .debug_abbrev  0x00000000000009ce       0xf8 Debug\sys_irq.o
 .debug_abbrev  0x0000000000000ac6       0x9a Debug\i2c.o
 .debug_abbrev  0x0000000000000b60       0xe4 Debug\hs_controller.o
 .debug_abbrev  0x0000000000000c44      0x2e0 Debug\ff.o
 .debug_abbrev  0x0000000000000f24      0x15f Debug\diskio.o

.debug_line     0x0000000000000000     0x16a0
 *(.debug_line)
 .debug_line    0x0000000000000000       0x8a Debug\hyperscan_startup.o
 .debug_line    0x000000000000008a      0x33c Debug\main.o
 .debug_line    0x00000000000003c6      0x185 Debug\libgloss.o
 .debug_line    0x000000000000054b       0xa7 Debug\uart.o
 .debug_line    0x00000000000005f2      0x16d Debug\tv.o
 .debug_line    0x000000000000075f       0xd9 Debug\norflash.o
 .debug_line    0x0000000000000838       0xfa Debug\sys_isr.o
 .debug_line    0x0000000000000932       0xa4 Debug\sys_irq.o
 .debug_line    0x00000000000009d6       0x80 Debug\i2c.o
 .debug_line    0x0000000000000a56      0x123 Debug\hs_controller.o
 .debug_line    0x0000000000000b79      0x9fa Debug\ff.o
 .debug_line    0x0000000000001573      0x12d Debug\diskio.o

.debug_frame    0x0000000000000000      0xfac
 *(.debug_frame)
 .debug_frame   0x0000000000000000      0x27c Debug\main.o
 .debug_frame   0x000000000000027c      0x134 Debug\libgloss.o
 .debug_frame   0x00000000000003b0       0x80 Debug\uart.o
 .debug_frame   0x0000000000000430      0x108 Debug\tv.o
 .debug_frame   0x0000000000000538       0xb4 Debug\norflash.o
 .debug_frame   0x00000000000005ec       0x30 Debug\sys_irq.o
 .debug_frame   0x000000000000061c       0x40 Debug\i2c.o
 .debug_frame   0x000000000000065c       0x68 Debug\hs_controller.o
 .debug_frame   0x00000000000006c4      0x810 Debug\ff.o
 .debug_frame   0x0000000000000ed4       0xd8 Debug\diskio.o

.debug_str      0x0000000000000000     0x1271
 *(.debug_str)
 .debug_str     0x0000000000000000      0x537 Debug\main.o
                                        0x5d0 (size before relaxing)
 .debug_str     0x0000000000000537      0x4c4 Debug\libgloss.o
                                        0x5fa (size before relaxing)
 .debug_str     0x00000000000009fb       0xc1 Debug\uart.o
                                        0x135 (size before relaxing)
 .debug_str     0x0000000000000abc      0x104 Debug\tv.o
                                        0x1b1 (size before relaxing)
 .debug_str     0x0000000000000bc0       0xd4 Debug\norflash.o
                                        0x138 (size before relaxing)
 .debug_str     0x0000000000000c94       0xaf Debug\sys_irq.o
                                        0x18e (size before relaxing)
 .debug_str     0x0000000000000d43       0x50 Debug\i2c.o
                                         0xb5 (size before relaxing)
 .debug_str     0x0000000000000d93       0x92 Debug\hs_controller.o
                                        0x15d (size before relaxing)
 .debug_str     0x0000000000000e25      0x367 Debug\ff.o
                                        0x69e (size before relaxing)
 .debug_str     0x000000000000118c       0xe5 Debug\diskio.o
                                        0x270 (size before relaxing)

.debug_loc      0x0000000000000000     0x4cbc
 *(.debug_loc)
 .debug_loc     0x0000000000000000      0xc6a Debug\main.o
 .debug_loc     0x0000000000000c6a      0x2d9 Debug\libgloss.o
 .debug_loc     0x0000000000000f43       0x4f Debug\uart.o
 .debug_loc     0x0000000000000f92      0x2a5 Debug\tv.o
 .debug_loc     0x0000000000001237      0x13a Debug\norflash.o
 .debug_loc     0x0000000000001371       0x62 Debug\sys_irq.o
 .debug_loc     0x00000000000013d3       0x44 Debug\i2c.o
 .debug_loc     0x0000000000001417       0xf2 Debug\hs_controller.o
 .debug_loc     0x0000000000001509     0x34e6 Debug\ff.o
 .debug_loc     0x00000000000049ef      0x2cd Debug\diskio.o

.debug_macinfo
 *(.debug_macinfo)

.debug_weaknames
 *(.debug_weaknames)

.debug_funcnames
 *(.debug_funcnames)

.debug_typenames
 *(.debug_typenames)

.debug_varnames
 *(.debug_varnames)
OUTPUT(Debug\hyperscan.elf elf32-littlescore)

.pdr            0x0000000000000000     0x19c0
 .pdr           0x0000000000000000       0x40 c:/sunplus/s_core~1.1/gnu/bin/../lib/gcc/score-elf/4.2.1/mel/crti.o
 .pdr           0x0000000000000040        0x0 c:/sunplus/s_core~1.1/gnu/bin/../lib/gcc/score-elf/4.2.1/mel/crtbegin.o
 .pdr           0x0000000000000040        0x0 Debug\hyperscan_startup.o
 .pdr           0x0000000000000040      0x1c0 Debug\main.o
 .pdr           0x0000000000000200      0x1c0 Debug\libgloss.o
 .pdr           0x00000000000003c0       0xe0 Debug\uart.o
 .pdr           0x00000000000004a0      0x180 Debug\tv.o
 .pdr           0x0000000000000620      0x100 Debug\norflash.o
 .pdr           0x0000000000000720        0x0 Debug\sys_isr.o
 .pdr           0x0000000000000720       0x40 Debug\sys_irq.o
 .pdr           0x0000000000000760       0x60 Debug\i2c.o
 .pdr           0x00000000000007c0       0x40 Debug\hs_controller.o
 .pdr           0x0000000000000800      0x5e0 Debug\ff.o
 .pdr           0x0000000000000de0      0x120 Debug\diskio.o
 .pdr           0x0000000000000f00       0x20 c:/sunplus/s_core~1.1/gnu/bin/../lib/gcc/score-elf/4.2.1/../../../../score-elf/lib/mel\libc.a(abort.o)
 .pdr           0x0000000000000f20       0x20 c:/sunplus/s_core~1.1/gnu/bin/../lib/gcc/score-elf/4.2.1/../../../../score-elf/lib/mel\libc.a(exit.o)
 .pdr           0x0000000000000f40        0x0 c:/sunplus/s_core~1.1/gnu/bin/../lib/gcc/score-elf/4.2.1/../../../../score-elf/lib/mel\libc.a(impure.o)
 .pdr           0x0000000000000f40       0x40 c:/sunplus/s_core~1.1/gnu/bin/../lib/gcc/score-elf/4.2.1/../../../../score-elf/lib/mel\libc.a(malloc.o)
 .pdr           0x0000000000000f80       0x20 c:/sunplus/s_core~1.1/gnu/bin/../lib/gcc/score-elf/4.2.1/../../../../score-elf/lib/mel\libc.a(mallocr.o)
 .pdr           0x0000000000000fa0       0x20 c:/sunplus/s_core~1.1/gnu/bin/../lib/gcc/score-elf/4.2.1/../../../../score-elf/lib/mel\libc.a(memcmp.o)
 .pdr           0x0000000000000fc0       0x20 c:/sunplus/s_core~1.1/gnu/bin/../lib/gcc/score-elf/4.2.1/../../../../score-elf/lib/mel\libc.a(memcpy.o)
 .pdr           0x0000000000000fe0       0x20 c:/sunplus/s_core~1.1/gnu/bin/../lib/gcc/score-elf/4.2.1/../../../../score-elf/lib/mel\libc.a(memset.o)
 .pdr           0x0000000000001000       0x40 c:/sunplus/s_core~1.1/gnu/bin/../lib/gcc/score-elf/4.2.1/../../../../score-elf/lib/mel\libc.a(mlock.o)
 .pdr           0x0000000000001040       0x40 c:/sunplus/s_core~1.1/gnu/bin/../lib/gcc/score-elf/4.2.1/../../../../score-elf/lib/mel\libc.a(printf.o)
 .pdr           0x0000000000001080       0x40 c:/sunplus/s_core~1.1/gnu/bin/../lib/gcc/score-elf/4.2.1/../../../../score-elf/lib/mel\libc.a(puts.o)
 .pdr           0x00000000000010c0      0x100 c:/sunplus/s_core~1.1/gnu/bin/../lib/gcc/score-elf/4.2.1/../../../../score-elf/lib/mel\libc.a(signal.o)
 .pdr           0x00000000000011c0       0x40 c:/sunplus/s_core~1.1/gnu/bin/../lib/gcc/score-elf/4.2.1/../../../../score-elf/lib/mel\libc.a(sprintf.o)
 .pdr           0x0000000000001200       0x20 c:/sunplus/s_core~1.1/gnu/bin/../lib/gcc/score-elf/4.2.1/../../../../score-elf/lib/mel\libc.a(strchr.o)
 .pdr           0x0000000000001220       0x20 c:/sunplus/s_core~1.1/gnu/bin/../lib/gcc/score-elf/4.2.1/../../../../score-elf/lib/mel\libc.a(strcmp.o)
 .pdr           0x0000000000001240       0x20 c:/sunplus/s_core~1.1/gnu/bin/../lib/gcc/score-elf/4.2.1/../../../../score-elf/lib/mel\libc.a(strcpy.o)
 .pdr           0x0000000000001260       0x20 c:/sunplus/s_core~1.1/gnu/bin/../lib/gcc/score-elf/4.2.1/../../../../score-elf/lib/mel\libc.a(strlen.o)
 .pdr           0x0000000000001280       0x20 c:/sunplus/s_core~1.1/gnu/bin/../lib/gcc/score-elf/4.2.1/../../../../score-elf/lib/mel\libc.a(strncpy.o)
 .pdr           0x00000000000012a0       0x20 c:/sunplus/s_core~1.1/gnu/bin/../lib/gcc/score-elf/4.2.1/../../../../score-elf/lib/mel\libc.a(syswrite.o)
 .pdr           0x00000000000012c0       0x60 c:/sunplus/s_core~1.1/gnu/bin/../lib/gcc/score-elf/4.2.1/../../../../score-elf/lib/mel\libc.a(vfprintf.o)
 .pdr           0x0000000000001320       0x40 c:/sunplus/s_core~1.1/gnu/bin/../lib/gcc/score-elf/4.2.1/../../../../score-elf/lib/mel\libc.a(wcrtomb.o)
 .pdr           0x0000000000001360       0x40 c:/sunplus/s_core~1.1/gnu/bin/../lib/gcc/score-elf/4.2.1/../../../../score-elf/lib/mel\libc.a(wcsrtombs.o)
 .pdr           0x00000000000013a0       0x20 c:/sunplus/s_core~1.1/gnu/bin/../lib/gcc/score-elf/4.2.1/../../../../score-elf/lib/mel\libc.a(wctomb_r.o)
 .pdr           0x00000000000013c0       0x20 c:/sunplus/s_core~1.1/gnu/bin/../lib/gcc/score-elf/4.2.1/../../../../score-elf/lib/mel\libc.a(wsetup.o)
 .pdr           0x00000000000013e0       0x40 c:/sunplus/s_core~1.1/gnu/bin/../lib/gcc/score-elf/4.2.1/../../../../score-elf/lib/mel\libc.a(dtoa.o)
 .pdr           0x0000000000001420       0x20 c:/sunplus/s_core~1.1/gnu/bin/../lib/gcc/score-elf/4.2.1/../../../../score-elf/lib/mel\libc.a(fflush.o)
 .pdr           0x0000000000001440       0xc0 c:/sunplus/s_core~1.1/gnu/bin/../lib/gcc/score-elf/4.2.1/../../../../score-elf/lib/mel\libc.a(findfp.o)
 .pdr           0x0000000000001500       0x40 c:/sunplus/s_core~1.1/gnu/bin/../lib/gcc/score-elf/4.2.1/../../../../score-elf/lib/mel\libc.a(freer.o)
 .pdr           0x0000000000001540       0x20 c:/sunplus/s_core~1.1/gnu/bin/../lib/gcc/score-elf/4.2.1/../../../../score-elf/lib/mel\libc.a(fvwrite.o)
 .pdr           0x0000000000001560       0x20 c:/sunplus/s_core~1.1/gnu/bin/../lib/gcc/score-elf/4.2.1/../../../../score-elf/lib/mel\libc.a(fwalk.o)
 .pdr           0x0000000000001580       0xa0 c:/sunplus/s_core~1.1/gnu/bin/../lib/gcc/score-elf/4.2.1/../../../../score-elf/lib/mel\libc.a(locale.o)
 .pdr           0x0000000000001620       0x20 c:/sunplus/s_core~1.1/gnu/bin/../lib/gcc/score-elf/4.2.1/../../../../score-elf/lib/mel\libc.a(makebuf.o)
 .pdr           0x0000000000001640       0x20 c:/sunplus/s_core~1.1/gnu/bin/../lib/gcc/score-elf/4.2.1/../../../../score-elf/lib/mel\libc.a(memchr.o)
 .pdr           0x0000000000001660       0x20 c:/sunplus/s_core~1.1/gnu/bin/../lib/gcc/score-elf/4.2.1/../../../../score-elf/lib/mel\libc.a(memmove.o)
 .pdr           0x0000000000001680      0x220 c:/sunplus/s_core~1.1/gnu/bin/../lib/gcc/score-elf/4.2.1/../../../../score-elf/lib/mel\libc.a(mprec.o)
 .pdr           0x00000000000018a0       0x20 c:/sunplus/s_core~1.1/gnu/bin/../lib/gcc/score-elf/4.2.1/../../../../score-elf/lib/mel\libc.a(reallocr.o)
 .pdr           0x00000000000018c0       0x20 c:/sunplus/s_core~1.1/gnu/bin/../lib/gcc/score-elf/4.2.1/../../../../score-elf/lib/mel\libc.a(s_isinf.o)
 .pdr           0x00000000000018e0       0x20 c:/sunplus/s_core~1.1/gnu/bin/../lib/gcc/score-elf/4.2.1/../../../../score-elf/lib/mel\libc.a(s_isnan.o)
 .pdr           0x0000000000001900       0x80 c:/sunplus/s_core~1.1/gnu/bin/../lib/gcc/score-elf/4.2.1/../../../../score-elf/lib/mel\libc.a(stdio.o)
 .pdr           0x0000000000001980       0x20 c:/sunplus/s_core~1.1/gnu/bin/../lib/gcc/score-elf/4.2.1/../../../../score-elf/lib/mel\libc.a(callocr.o)
 .pdr           0x00000000000019a0       0x20 c:/sunplus/s_core~1.1/gnu/bin/../lib/gcc/score-elf/4.2.1/../../../../score-elf/lib/mel\libc.a(errno.o)
 .pdr           0x00000000000019c0        0x0 c:/sunplus/s_core~1.1/gnu/bin/../lib/gcc/score-elf/4.2.1/mel\libgcc.a(_addsub_df.o)
 .pdr           0x00000000000019c0        0x0 c:/sunplus/s_core~1.1/gnu/bin/../lib/gcc/score-elf/4.2.1/mel\libgcc.a(_muldf3.o)
 .pdr           0x00000000000019c0        0x0 c:/sunplus/s_core~1.1/gnu/bin/../lib/gcc/score-elf/4.2.1/mel\libgcc.a(_divdf3.o)
 .pdr           0x00000000000019c0        0x0 c:/sunplus/s_core~1.1/gnu/bin/../lib/gcc/score-elf/4.2.1/mel\libgcc.a(_clz64.o)
 .pdr           0x00000000000019c0        0x0 c:/sunplus/s_core~1.1/gnu/bin/../lib/gcc/score-elf/4.2.1/mel\libgcc.a(_floatsidf.o)
 .pdr           0x00000000000019c0        0x0 c:/sunplus/s_core~1.1/gnu/bin/../lib/gcc/score-elf/4.2.1/mel\libgcc.a(_floatunsidf.o)
 .pdr           0x00000000000019c0        0x0 c:/sunplus/s_core~1.1/gnu/bin/../lib/gcc/score-elf/4.2.1/mel\libgcc.a(_fixdfsi.o)
 .pdr           0x00000000000019c0        0x0 c:/sunplus/s_core~1.1/gnu/bin/../lib/gcc/score-elf/4.2.1/mel\libgcc.a(_fpcmp_parts_df.o)
 .pdr           0x00000000000019c0        0x0 c:/sunplus/s_core~1.1/gnu/bin/../lib/gcc/score-elf/4.2.1/mel\libgcc.a(_clz32.o)
 .pdr           0x00000000000019c0        0x0 c:/sunplus/s_core~1.1/gnu/bin/../lib/gcc/score-elf/4.2.1/mel/crtend.o
 .pdr           0x00000000000019c0        0x0 c:/sunplus/s_core~1.1/gnu/bin/../lib/gcc/score-elf/4.2.1/mel/crtn.o

.debug_ranges   0x0000000000000000      0x2c0
 .debug_ranges  0x0000000000000000       0x18 Debug\main.o
 .debug_ranges  0x0000000000000018       0x70 Debug\uart.o
 .debug_ranges  0x0000000000000088       0x48 Debug\tv.o
 .debug_ranges  0x00000000000000d0      0x1a8 Debug\ff.o
 .debug_ranges  0x0000000000000278       0x48 Debug\diskio.o
