Archive member included because of file (symbol)

c:/sunplus/s_core~1.1/gnu/bin/../lib/gcc/score-elf/4.2.1/../../../../score-elf/lib/mel\libc.a(abort.o)
                              Debug\libgloss.o (abort)
c:/sunplus/s_core~1.1/gnu/bin/../lib/gcc/score-elf/4.2.1/../../../../score-elf/lib/mel\libc.a(memcmp.o)
                              Debug\ff.o (memcmp)
c:/sunplus/s_core~1.1/gnu/bin/../lib/gcc/score-elf/4.2.1/../../../../score-elf/lib/mel\libc.a(memcpy.o)
                              Debug\ff.o (memcpy)
c:/sunplus/s_core~1.1/gnu/bin/../lib/gcc/score-elf/4.2.1/../../../../score-elf/lib/mel\libc.a(memset.o)
                              Debug\ff.o (memset)
c:/sunplus/s_core~1.1/gnu/bin/../lib/gcc/score-elf/4.2.1/../../../../score-elf/lib/mel\libc.a(signal.o)
                              c:/sunplus/s_core~1.1/gnu/bin/../lib/gcc/score-elf/4.2.1/../../../../score-elf/lib/mel\libc.a(abort.o) (raise)
c:/sunplus/s_core~1.1/gnu/bin/../lib/gcc/score-elf/4.2.1/../../../../score-elf/lib/mel\libc.a(strchr.o)
                              Debug\ff.o (strchr)
c:/sunplus/s_core~1.1/gnu/bin/../lib/gcc/score-elf/4.2.1/../../../../score-elf/lib/mel\libc.a(syswrite.o)
                              Debug\libgloss.o (write)
c:/sunplus/s_core~1.1/gnu/bin/../lib/gcc/score-elf/4.2.1/../../../../score-elf/lib/mel\libc.a(impure.o)
                              c:/sunplus/s_core~1.1/gnu/bin/../lib/gcc/score-elf/4.2.1/../../../../score-elf/lib/mel\libc.a(signal.o) (_impure_ptr)
c:/sunplus/s_core~1.1/gnu/bin/../lib/gcc/score-elf/4.2.1/../../../../score-elf/lib/mel\libc.a(mallocr.o)
                              c:/sunplus/s_core~1.1/gnu/bin/../lib/gcc/score-elf/4.2.1/../../../../score-elf/lib/mel\libc.a(signal.o) (_malloc_r)
c:/sunplus/s_core~1.1/gnu/bin/../lib/gcc/score-elf/4.2.1/../../../../score-elf/lib/mel\libc.a(mlock.o)
                              c:/sunplus/s_core~1.1/gnu/bin/../lib/gcc/score-elf/4.2.1/../../../../score-elf/lib/mel\libc.a(mallocr.o) (__malloc_lock)
c:/sunplus/s_core~1.1/gnu/bin/../lib/gcc/score-elf/4.2.1/../../../../score-elf/lib/mel\libc.a(freer.o)
                              c:/sunplus/s_core~1.1/gnu/bin/../lib/gcc/score-elf/4.2.1/../../../../score-elf/lib/mel\libc.a(mallocr.o) (_free_r)

Allocating common symbols
Common symbol       size              file

fs                  0x230             Debug\ff.o
controller          0x5               Debug\hs_controller.o

Memory Configuration

Name             Origin             Length             Attributes
*default*        0x0000000000000000 0xffffffffffffffff

Linker script and memory map

LOAD Obj.lst
LOAD Debug\hyperscan_startup.o
LOAD Debug\main.o
LOAD Debug\libgloss.o
LOAD Debug\uart.o
LOAD Debug\tv.o
LOAD Debug\norflash.o
LOAD Debug\sys_isr.o
LOAD Debug\sys_irq.o
LOAD Debug\i2c.o
LOAD Debug\hs_controller.o
LOAD Debug\ff.o
LOAD Debug\diskio.o
LOAD Lib.lst
LOAD c:/sunplus/s_core~1.1/gnu/bin/../lib/gcc/score-elf/4.2.1/../../../../score-elf/lib/mel\libm.a
LOAD c:/sunplus/s_core~1.1/gnu/bin/../lib/gcc/score-elf/4.2.1/../../../../score-elf/lib/mel\libc.a
LOAD c:/sunplus/s_core~1.1/gnu/bin/../lib/gcc/score-elf/4.2.1/mel\libgcc.a
LOAD c:/sunplus/s_core~1.1/gnu/bin/../lib/gcc/score-elf/4.2.1/mel\libgcc.a
LOAD c:/sunplus/s_core~1.1/gnu/bin/../lib/gcc/score-elf/4.2.1/../../../../score-elf/lib/mel\libc.a
LOAD c:/sunplus/s_core~1.1/gnu/bin/../lib/gcc/score-elf/4.2.1/mel\libgcc.a
START GROUP
LOAD c:/sunplus/s_core~1.1/gnu/bin/../lib/gcc/score-elf/4.2.1/../../../../score-elf/lib/mel\libc.a
LOAD c:/sunplus/s_core~1.1/gnu/bin/../lib/gcc/score-elf/4.2.1/../../../../score-elf/lib/mel\libm.a
LOAD c:/sunplus/s_core~1.1/gnu/bin/../lib/gcc/score-elf/4.2.1/mel\libgcc.a
END GROUP

.exception      0x00000000a00901fc      0x244
 *(.exception_vec)
 .exception_vec
                0x00000000a00901fc      0x244 Debug\sys_isr.o
                0x00000000a0090204                int1_vec

.stack          0x00000000a0fffff0        0x0
                0x00000000a0fffff0                _stack = .
 *(.stack)
                0x00000000a0091000                . = 0xa0091000

.interp
 *(.interp)

.hash
 *(.hash)

.dynsym
 *(.dynsym)

.dynstr
 *(.dynstr)

.gnu.version
 *(.gnu.version)

.gnu.version_d
 *(.gnu.version_d)

.gnu.version_r
 *(.gnu.version_r)

.rel.dyn        0x00000000a0091000        0x0
 *(.rel.init)
 *(.rel.text .rel.text.* .rel.gnu.linkonce.t.*)
 *(.rel.fini)
 *(.rel.rodata .rel.rodata.* .rel.gnu.linkonce.r.*)
 *(.rel.data .rel.data.* .rel.gnu.linkonce.d.*)
 *(.rel.tdata .rel.tdata.* .rel.gnu.linkonce.td.*)
 *(.rel.tbss .rel.tbss.* .rel.gnu.linkonce.tb.*)
 *(.rel.ctors)
 *(.rel.dtors)
 *(.rel.got)
 *(.rel.sdata .rel.sdata.* .rel.gnu.linkonce.s.*)
 *(.rel.sbss .rel.sbss.* .rel.gnu.linkonce.sb.*)
 *(.rel.sdata2 .rel.sdata2.* .rel.gnu.linkonce.s2.*)
 *(.rel.sbss2 .rel.sbss2.* .rel.gnu.linkonce.sb2.*)
 *(.rel.bss .rel.bss.* .rel.gnu.linkonce.b.*)
 .rel.dyn       0x0000000000000000        0x0 c:/sunplus/s_core~1.1/gnu/bin/../lib/gcc/score-elf/4.2.1/../../../../score-elf/lib/mel\libc.a(mallocr.o)

.rela.dyn
 *(.rela.init)
 *(.rela.text .rela.text.* .rela.gnu.linkonce.t.*)
 *(.rela.fini)
 *(.rela.rodata .rela.rodata.* .rela.gnu.linkonce.r.*)
 *(.rela.data .rela.data.* .rela.gnu.linkonce.d.*)
 *(.rela.tdata .rela.tdata.* .rela.gnu.linkonce.td.*)
 *(.rela.tbss .rela.tbss.* .rela.gnu.linkonce.tb.*)
 *(.rela.ctors)
 *(.rela.dtors)
 *(.rela.got)
 *(.rela.sdata .rela.sdata.* .rela.gnu.linkonce.s.*)
 *(.rela.sbss .rela.sbss.* .rela.gnu.linkonce.sb.*)
 *(.rela.sdata2 .rela.sdata2.* .rela.gnu.linkonce.s2.*)
 *(.rela.sbss2 .rela.sbss2.* .rela.gnu.linkonce.sb2.*)
 *(.rela.bss .rela.bss.* .rela.gnu.linkonce.b.*)

.rel.plt
 *(.rel.plt)

.rela.plt
 *(.rela.plt)

.hardware_init  0x00000000a0091000       0x94
 *(.hardware_init)
 .hardware_init
                0x00000000a0091000       0x94 Debug\hyperscan_startup.o
                0x00000000a0091000                _hardware_init

.init
 *(.init)

.plt
 *(.plt)

.text           0x00000000a0091094     0x79a4
 *(.text .stub .text.* .gnu.linkonce.t.*)
 .text          0x00000000a0091094        0x0 Debug\hyperscan_startup.o
 .text          0x00000000a0091094      0x1b8 Debug\main.o
                0x00000000a0091094                main
 .text          0x00000000a009124c      0x3c0 Debug\libgloss.o
                0x00000000a009157c                _getpid
                0x00000000a00914fc                _lseek_r
                0x00000000a00915d4                _kill_r
                0x00000000a0091514                _fstat_r
                0x00000000a0091534                isatty
                0x00000000a009158c                _getpid_r
                0x00000000a009146c                _sbrk_r
                0x00000000a00912cc                _read_r
                0x00000000a009124c                _putc_r
                0x00000000a0091420                _open_r
                0x00000000a0091438                _close_r
                0x00000000a009139c                _write_r
                0x00000000a009159c                _kill
                0x00000000a009144c                _exit
 .text          0x00000000a009160c      0x1ec Debug\uart.o
                0x00000000a0091618                uart_sendchar
                0x00000000a0091668                uart_getchar
                0x00000000a00916e4                uart_enable_interface
                0x00000000a009160c                uart_init
                0x00000000a0091784                uart_print_string
                0x00000000a00917c8                uart_read_byte
                0x00000000a0091760                uart_write_byte
 .text          0x00000000a00917f8      0x5d0 Debug\tv.o
                0x00000000a0091b00                tv_printcolor
                0x00000000a009190c                tv_buffer_set
                0x00000000a0091d10                tv_fadeout
                0x00000000a009197c                tv_hue
                0x00000000a009195c                tv_saturation
                0x00000000a0091940                tv_buffer_sel
                0x00000000a009184c                tv_init
                0x00000000a009199c                tv_fade
                0x00000000a00919bc                tv_print
                0x00000000a0091d68                tv_fadein
                0x00000000a0091c38                tv_printhex
                0x00000000a00917f8                tv_clearscreen
 .text          0x00000000a0091dc8      0x3d0 Debug\norflash.o
                0x00000000a0091f3c                norflash_sectorerase
                0x00000000a0091e00                norflash_chiperase
                0x00000000a0092164                norflash_delay
                0x00000000a0091ff4                norflash_write32
                0x00000000a0091e84                norflash_blockerase
                0x00000000a009209c                norflash_wordwrite
                0x00000000a0092110                norflash_setaddress
                0x00000000a0091dc8                norflash_init
 .text          0x00000000a0092198        0x0 Debug\sys_isr.o
 .text          0x00000000a0092198      0x16c Debug\sys_irq.o
                0x00000000a00921a4                attach_isr
                0x00000000a009229c                irq_dispatch
 .text          0x00000000a0092304      0x164 Debug\i2c.o
                0x00000000a00923e0                i2c_write8
                0x00000000a0092354                i2c_read8
                0x00000000a0092304                i2c_init
 .text          0x00000000a0092468      0x138 Debug\hs_controller.o
                0x00000000a0092468                hs_controller_init
                0x00000000a00924bc                hs_controller_read
 .text          0x00000000a00925a0     0x4fd0 Debug\ff.o
                0x00000000a0096be4                f_gets
                0x00000000a0096ec4                f_printf
                0x00000000a0096940                f_rename
                0x00000000a0096444                f_truncate
                0x00000000a00960b0                f_closedir
                0x00000000a00965c8                f_unlink
                0x00000000a0096e08                f_putc
                0x00000000a0096e58                f_puts
                0x00000000a0095be4                f_close
                0x00000000a0095334                f_read
                0x00000000a00960f4                f_readdir
                0x00000000a0095ac4                f_sync
                0x00000000a0094dfc                f_mount
                0x00000000a0095f98                f_opendir
                0x00000000a0095c40                f_lseek
                0x00000000a0096198                f_stat
                0x00000000a009567c                f_write
                0x00000000a0094ef4                f_open
                0x00000000a0096748                f_mkdir
                0x00000000a009622c                f_getfree
 .text          0x00000000a0097570      0x214 Debug\diskio.o
                0x00000000a00975e8                USB_disk_initialize
                0x00000000a0097654                DiskB_ReadSector
                0x00000000a00976e8                disk_initialize
                0x00000000a00976d4                disk_status
                0x00000000a009776c                disk_ioctl
                0x00000000a0097570                DiskB_Initial
                0x00000000a0097694                DiskB_WriteSector
                0x00000000a009773c                disk_write
                0x00000000a009770c                disk_read
 .text          0x00000000a0097784       0x14 c:/sunplus/s_core~1.1/gnu/bin/../lib/gcc/score-elf/4.2.1/../../../../score-elf/lib/mel\libc.a(abort.o)
                0x00000000a0097784                abort
 .text          0x00000000a0097798       0x90 c:/sunplus/s_core~1.1/gnu/bin/../lib/gcc/score-elf/4.2.1/../../../../score-elf/lib/mel\libc.a(memcmp.o)
                0x00000000a0097798                memcmp
 .text          0x00000000a0097828       0xb0 c:/sunplus/s_core~1.1/gnu/bin/../lib/gcc/score-elf/4.2.1/../../../../score-elf/lib/mel\libc.a(memcpy.o)
                0x00000000a0097828                memcpy
 .text          0x00000000a00978d8       0xb4 c:/sunplus/s_core~1.1/gnu/bin/../lib/gcc/score-elf/4.2.1/../../../../score-elf/lib/mel\libc.a(memset.o)
                0x00000000a00978d8                memset
 .text          0x00000000a009798c      0x2a8 c:/sunplus/s_core~1.1/gnu/bin/../lib/gcc/score-elf/4.2.1/../../../../score-elf/lib/mel\libc.a(signal.o)
                0x00000000a0097b94                _signal_r
                0x00000000a0097ab8                _raise_r
                0x00000000a0097a08                __sigtramp_r
                0x00000000a0097c0c                signal
                0x00000000a00979f8                _init_signal
                0x00000000a009798c                _init_signal_r
                0x00000000a0097a98                __sigtramp
                0x00000000a0097b74                raise
 .text          0x00000000a0097c34       0xfc c:/sunplus/s_core~1.1/gnu/bin/../lib/gcc/score-elf/4.2.1/../../../../score-elf/lib/mel\libc.a(strchr.o)
                0x00000000a0097c34                strchr
 .text          0x00000000a0097d30       0x28 c:/sunplus/s_core~1.1/gnu/bin/../lib/gcc/score-elf/4.2.1/../../../../score-elf/lib/mel\libc.a(syswrite.o)
                0x00000000a0097d30                write
 .text          0x00000000a0097d58        0x0 c:/sunplus/s_core~1.1/gnu/bin/../lib/gcc/score-elf/4.2.1/../../../../score-elf/lib/mel\libc.a(impure.o)
 .text          0x00000000a0097d58      0x8ac c:/sunplus/s_core~1.1/gnu/bin/../lib/gcc/score-elf/4.2.1/../../../../score-elf/lib/mel\libc.a(mallocr.o)
                0x00000000a0097d58                _malloc_r
 .text          0x00000000a0098604        0x8 c:/sunplus/s_core~1.1/gnu/bin/../lib/gcc/score-elf/4.2.1/../../../../score-elf/lib/mel\libc.a(mlock.o)
                0x00000000a0098608                __malloc_unlock
                0x00000000a0098604                __malloc_lock
 .text          0x00000000a009860c      0x42c c:/sunplus/s_core~1.1/gnu/bin/../lib/gcc/score-elf/4.2.1/../../../../score-elf/lib/mel\libc.a(freer.o)
                0x00000000a0098728                _free_r
                0x00000000a009860c                _malloc_trim_r
 *(.gnu.warning)
 *(.glue_7t)
 *(.glue_7)

.fini
 *(.fini)
                0x00000000a0098a38                PROVIDE (__etext, .)
                0x00000000a0098a38                PROVIDE (_etext, .)
                0x00000000a0098a38                PROVIDE (etext, .)

.rodata         0x00000000a0098a38     0x11a0
 *(.rodata .rodata.* .gnu.linkonce.r.*)
 .rodata        0x00000000a0098a38       0x68 Debug\main.o
 .rodata        0x00000000a0098aa0       0x10 Debug\libgloss.o
 .rodata        0x00000000a0098ab0     0x1004 Debug\tv.o
                0x00000000a0098ab0                font
 .rodata        0x00000000a0099ab4      0x120 Debug\ff.o
 .rodata.str1.4
                0x00000000a0099bd4        0x4 c:/sunplus/s_core~1.1/gnu/bin/../lib/gcc/score-elf/4.2.1/../../../../score-elf/lib/mel\libc.a(impure.o)

.rodata1
 *(.rodata1)

.sdata2
 *(.sdata2 .sdata2.* .gnu.linkonce.s2.*)

.sbss2
 *(.sbss2 .sbss2.* .gnu.linkonce.sb2.*)

.eh_frame_hdr
 *(.eh_frame_hdr)
                0x00000000a0099cd8                . = (ALIGN (0x100) + (. & 0xff))
                0x00000000a0099cd8                . = ALIGN (0x4)
                0x00000000a0099cd8                PROVIDE (__preinit_array_start, .)

.preinit_array
 *(.preinit_array)
                0x00000000a0099cd8                PROVIDE (__preinit_array_end, .)
                0x00000000a0099cd8                PROVIDE (__init_array_start, .)

.init_array
 *(.init_array)
                0x00000000a0099cd8                PROVIDE (__init_array_end, .)
                0x00000000a0099cd8                PROVIDE (__fini_array_start, .)

.fini_array
 *(.fini_array)
                0x00000000a0099cd8                PROVIDE (__fini_array_end, .)

.data           0x00000000a0099cd8      0x798
                0x00000000a0099cd8                __data_start = .
 *(.data .data.* .gnu.linkonce.d.*)
 .data          0x00000000a0099cd8        0x0 Debug\hyperscan_startup.o
 .data          0x00000000a0099cd8        0x0 Debug\main.o
 .data          0x00000000a0099cd8        0x0 Debug\libgloss.o
 .data          0x00000000a0099cd8        0x0 Debug\uart.o
 .data          0x00000000a0099cd8        0x0 Debug\tv.o
 .data          0x00000000a0099cd8        0x0 Debug\norflash.o
 .data          0x00000000a0099cd8        0x0 Debug\sys_isr.o
 .data          0x00000000a0099cd8        0x0 Debug\sys_irq.o
 .data          0x00000000a0099cd8        0x0 Debug\i2c.o
 .data          0x00000000a0099cd8        0x0 Debug\hs_controller.o
 .data          0x00000000a0099cd8        0x0 Debug\ff.o
 .data          0x00000000a0099cd8        0x0 Debug\diskio.o
 .data          0x00000000a0099cd8        0x0 c:/sunplus/s_core~1.1/gnu/bin/../lib/gcc/score-elf/4.2.1/../../../../score-elf/lib/mel\libc.a(abort.o)
 .data          0x00000000a0099cd8        0x0 c:/sunplus/s_core~1.1/gnu/bin/../lib/gcc/score-elf/4.2.1/../../../../score-elf/lib/mel\libc.a(memcmp.o)
 .data          0x00000000a0099cd8        0x0 c:/sunplus/s_core~1.1/gnu/bin/../lib/gcc/score-elf/4.2.1/../../../../score-elf/lib/mel\libc.a(memcpy.o)
 .data          0x00000000a0099cd8        0x0 c:/sunplus/s_core~1.1/gnu/bin/../lib/gcc/score-elf/4.2.1/../../../../score-elf/lib/mel\libc.a(memset.o)
 .data          0x00000000a0099cd8        0x0 c:/sunplus/s_core~1.1/gnu/bin/../lib/gcc/score-elf/4.2.1/../../../../score-elf/lib/mel\libc.a(signal.o)
 .data          0x00000000a0099cd8        0x0 c:/sunplus/s_core~1.1/gnu/bin/../lib/gcc/score-elf/4.2.1/../../../../score-elf/lib/mel\libc.a(strchr.o)
 .data          0x00000000a0099cd8        0x0 c:/sunplus/s_core~1.1/gnu/bin/../lib/gcc/score-elf/4.2.1/../../../../score-elf/lib/mel\libc.a(syswrite.o)
 .data          0x00000000a0099cd8      0x388 c:/sunplus/s_core~1.1/gnu/bin/../lib/gcc/score-elf/4.2.1/../../../../score-elf/lib/mel\libc.a(impure.o)
                0x00000000a0099cd8                _impure_ptr
 .data          0x00000000a009a060      0x410 c:/sunplus/s_core~1.1/gnu/bin/../lib/gcc/score-elf/4.2.1/../../../../score-elf/lib/mel\libc.a(mallocr.o)
                0x00000000a009a46c                __malloc_sbrk_base
                0x00000000a009a060                __malloc_av_
                0x00000000a009a468                __malloc_trim_threshold
 .data          0x00000000a009a470        0x0 c:/sunplus/s_core~1.1/gnu/bin/../lib/gcc/score-elf/4.2.1/../../../../score-elf/lib/mel\libc.a(mlock.o)
 .data          0x00000000a009a470        0x0 c:/sunplus/s_core~1.1/gnu/bin/../lib/gcc/score-elf/4.2.1/../../../../score-elf/lib/mel\libc.a(freer.o)

.data1
 *(.data1)

.tdata
 *(.tdata .tdata.* .gnu.linkonce.td.*)

.tbss
 *(.tbss .tbss.* .gnu.linkonce.tb.*)
 *(.tcommon)

.eh_frame
 *(.eh_frame)

.gcc_except_table
 *(.gcc_except_table)

.dynamic
 *(.dynamic)

.ctors
 *crtbegin.o(.ctors)
 *(EXCLUDE_FILE(*crtend.o) .ctors)
 *(SORT(.ctors.*))
 *(.ctors)

.dtors
 *crtbegin.o(.dtors)
 *(EXCLUDE_FILE(*crtend.o) .dtors)
 *(SORT(.dtors.*))
 *(.dtors)

.jcr
 *(.jcr)

.got
 *(.got.plt)
 *(.got)
                0x00000000a009e470                _gp = (. + 0x4000)

.sdata          0x00000000a009a470        0x4
                0x00000000a009a470                _sdata_start = .
 *(.sdata .sdata.* .gnu.linkonce.s.*)
 .sdata         0x00000000a009a470        0x4 Debug\main.o
                0x00000000a009a470                fb
                0x00000000a009a474                _edata = .
                0x00000000a009a474                PROVIDE (edata, .)
                0x00000000a009a474                . = ALIGN (0x4)
                0x00000000a009a474                __bss_start = .
                0x00000000a009a474                __bss_start__ = .

.sbss           0x00000000a009a474       0x11
                0x00000000a009a474                PROVIDE (__sbss_start, .)
                0x00000000a009a474                PROVIDE (___sbss_start, .)
 *(.dynsbss)
 *(.sbss .sbss.* .gnu.linkonce.sb.*)
 .sbss          0x00000000a009a474        0x4 Debug\libgloss.o
 .sbss          0x00000000a009a478        0x8 Debug\ff.o
 *(.scommon)
 .scommon       0x00000000a009a480        0x5 Debug\hs_controller.o
                0x00000000a009a480                controller
                0x00000000a009a485                PROVIDE (__sbss_end, .)
                0x00000000a009a485                PROVIDE (___sbss_end, .)
                0x00000000a009e470                _gp = (_sdata_start + 0x4000)

.bss            0x00000000a009a488    0x80360
 *(.dynbss)
 *(.bss .bss.* .gnu.linkonce.b.*)
 .bss           0x00000000a009a488        0x0 Debug\hyperscan_startup.o
 .bss           0x00000000a009a488        0x0 Debug\main.o
 .bss           0x00000000a009a488    0x80000 Debug\libgloss.o
 .bss           0x00000000a011a488        0x0 Debug\uart.o
 .bss           0x00000000a011a488        0x0 Debug\tv.o
 .bss           0x00000000a011a488        0x0 Debug\norflash.o
 .bss           0x00000000a011a488        0x0 Debug\sys_isr.o
 .bss           0x00000000a011a488       0xfc Debug\sys_irq.o
 .bss           0x00000000a011a584        0x0 Debug\i2c.o
 .bss           0x00000000a011a584        0x0 Debug\hs_controller.o
 .bss           0x00000000a011a584        0x0 Debug\ff.o
 .bss           0x00000000a011a584        0x0 Debug\diskio.o
 .bss           0x00000000a011a584        0x0 c:/sunplus/s_core~1.1/gnu/bin/../lib/gcc/score-elf/4.2.1/../../../../score-elf/lib/mel\libc.a(abort.o)
 .bss           0x00000000a011a584        0x0 c:/sunplus/s_core~1.1/gnu/bin/../lib/gcc/score-elf/4.2.1/../../../../score-elf/lib/mel\libc.a(memcmp.o)
 .bss           0x00000000a011a584        0x0 c:/sunplus/s_core~1.1/gnu/bin/../lib/gcc/score-elf/4.2.1/../../../../score-elf/lib/mel\libc.a(memcpy.o)
 .bss           0x00000000a011a584        0x0 c:/sunplus/s_core~1.1/gnu/bin/../lib/gcc/score-elf/4.2.1/../../../../score-elf/lib/mel\libc.a(memset.o)
 .bss           0x00000000a011a584        0x0 c:/sunplus/s_core~1.1/gnu/bin/../lib/gcc/score-elf/4.2.1/../../../../score-elf/lib/mel\libc.a(signal.o)
 .bss           0x00000000a011a584        0x0 c:/sunplus/s_core~1.1/gnu/bin/../lib/gcc/score-elf/4.2.1/../../../../score-elf/lib/mel\libc.a(strchr.o)
 .bss           0x00000000a011a584        0x0 c:/sunplus/s_core~1.1/gnu/bin/../lib/gcc/score-elf/4.2.1/../../../../score-elf/lib/mel\libc.a(syswrite.o)
 .bss           0x00000000a011a584        0x0 c:/sunplus/s_core~1.1/gnu/bin/../lib/gcc/score-elf/4.2.1/../../../../score-elf/lib/mel\libc.a(impure.o)
 .bss           0x00000000a011a584       0x34 c:/sunplus/s_core~1.1/gnu/bin/../lib/gcc/score-elf/4.2.1/../../../../score-elf/lib/mel\libc.a(mallocr.o)
                0x00000000a011a584                __malloc_top_pad
                0x00000000a011a588                __malloc_max_sbrked_mem
                0x00000000a011a590                __malloc_current_mallinfo
                0x00000000a011a58c                __malloc_max_total_mem
 .bss           0x00000000a011a5b8        0x0 c:/sunplus/s_core~1.1/gnu/bin/../lib/gcc/score-elf/4.2.1/../../../../score-elf/lib/mel\libc.a(mlock.o)
 .bss           0x00000000a011a5b8        0x0 c:/sunplus/s_core~1.1/gnu/bin/../lib/gcc/score-elf/4.2.1/../../../../score-elf/lib/mel\libc.a(freer.o)
 *(COMMON)
 COMMON         0x00000000a011a5b8      0x230 Debug\ff.o
                0x00000000a011a5b8                fs
                0x00000000a011a7e8                . = ALIGN (0x4)
                0x00000000a011a7e8                . = ALIGN (0x4)
                0x00000000a011a7e8                _end = .
                0x00000000a011a7e8                _bss_end__ = .
                0x00000000a011a7e8                __bss_end__ = .
                0x00000000a011a7e8                __end__ = .
                0x00000000a011a7e8                PROVIDE (end, .)

.stab
 *(.stab)

.stabstr
 *(.stabstr)

.stab.excl
 *(.stab.excl)

.stab.exclstr
 *(.stab.exclstr)

.stab.index
 *(.stab.index)

.stab.indexstr
 *(.stab.indexstr)

.comment        0x0000000000000000      0x17a
 *(.comment)
 .comment       0x0000000000000000       0x12 Debug\main.o
 .comment       0x0000000000000012       0x12 Debug\libgloss.o
 .comment       0x0000000000000024       0x12 Debug\uart.o
 .comment       0x0000000000000036       0x12 Debug\tv.o
 .comment       0x0000000000000048       0x12 Debug\norflash.o
 .comment       0x000000000000005a       0x12 Debug\sys_irq.o
 .comment       0x000000000000006c       0x12 Debug\i2c.o
 .comment       0x000000000000007e       0x12 Debug\hs_controller.o
 .comment       0x0000000000000090       0x12 Debug\ff.o
 .comment       0x00000000000000a2       0x12 Debug\diskio.o
 .comment       0x00000000000000b4       0x12 c:/sunplus/s_core~1.1/gnu/bin/../lib/gcc/score-elf/4.2.1/../../../../score-elf/lib/mel\libc.a(abort.o)
 .comment       0x00000000000000c6       0x12 c:/sunplus/s_core~1.1/gnu/bin/../lib/gcc/score-elf/4.2.1/../../../../score-elf/lib/mel\libc.a(memcmp.o)
 .comment       0x00000000000000d8       0x12 c:/sunplus/s_core~1.1/gnu/bin/../lib/gcc/score-elf/4.2.1/../../../../score-elf/lib/mel\libc.a(memcpy.o)
 .comment       0x00000000000000ea       0x12 c:/sunplus/s_core~1.1/gnu/bin/../lib/gcc/score-elf/4.2.1/../../../../score-elf/lib/mel\libc.a(memset.o)
 .comment       0x00000000000000fc       0x12 c:/sunplus/s_core~1.1/gnu/bin/../lib/gcc/score-elf/4.2.1/../../../../score-elf/lib/mel\libc.a(signal.o)
 .comment       0x000000000000010e       0x12 c:/sunplus/s_core~1.1/gnu/bin/../lib/gcc/score-elf/4.2.1/../../../../score-elf/lib/mel\libc.a(strchr.o)
 .comment       0x0000000000000120       0x12 c:/sunplus/s_core~1.1/gnu/bin/../lib/gcc/score-elf/4.2.1/../../../../score-elf/lib/mel\libc.a(syswrite.o)
 .comment       0x0000000000000132       0x12 c:/sunplus/s_core~1.1/gnu/bin/../lib/gcc/score-elf/4.2.1/../../../../score-elf/lib/mel\libc.a(impure.o)
 .comment       0x0000000000000144       0x12 c:/sunplus/s_core~1.1/gnu/bin/../lib/gcc/score-elf/4.2.1/../../../../score-elf/lib/mel\libc.a(mallocr.o)
 .comment       0x0000000000000156       0x12 c:/sunplus/s_core~1.1/gnu/bin/../lib/gcc/score-elf/4.2.1/../../../../score-elf/lib/mel\libc.a(mlock.o)
 .comment       0x0000000000000168       0x12 c:/sunplus/s_core~1.1/gnu/bin/../lib/gcc/score-elf/4.2.1/../../../../score-elf/lib/mel\libc.a(freer.o)

.debug
 *(.debug)

.line
 *(.line)

.debug_srcinfo
 *(.debug_srcinfo)

.debug_sfnames
 *(.debug_sfnames)

.debug_aranges  0x0000000000000000      0x180
 *(.debug_aranges)
 .debug_aranges
                0x0000000000000000       0x20 Debug\hyperscan_startup.o
 .debug_aranges
                0x0000000000000020       0x20 Debug\main.o
 .debug_aranges
                0x0000000000000040       0x20 Debug\libgloss.o
 .debug_aranges
                0x0000000000000060       0x20 Debug\uart.o
 .debug_aranges
                0x0000000000000080       0x20 Debug\tv.o
 .debug_aranges
                0x00000000000000a0       0x20 Debug\norflash.o
 .debug_aranges
                0x00000000000000c0       0x20 Debug\sys_isr.o
 .debug_aranges
                0x00000000000000e0       0x20 Debug\sys_irq.o
 .debug_aranges
                0x0000000000000100       0x20 Debug\i2c.o
 .debug_aranges
                0x0000000000000120       0x20 Debug\hs_controller.o
 .debug_aranges
                0x0000000000000140       0x20 Debug\ff.o
 .debug_aranges
                0x0000000000000160       0x20 Debug\diskio.o

.debug_pubnames
                0x0000000000000000      0x599
 *(.debug_pubnames)
 .debug_pubnames
                0x0000000000000000       0x22 Debug\main.o
 .debug_pubnames
                0x0000000000000022       0xbb Debug\libgloss.o
 .debug_pubnames
                0x00000000000000dd       0x9a Debug\uart.o
 .debug_pubnames
                0x0000000000000177       0xd3 Debug\tv.o
 .debug_pubnames
                0x000000000000024a       0xc3 Debug\norflash.o
 .debug_pubnames
                0x000000000000030d       0x32 Debug\sys_irq.o
 .debug_pubnames
                0x000000000000033f       0x3c Debug\i2c.o
 .debug_pubnames
                0x000000000000037b       0x4f Debug\hs_controller.o
 .debug_pubnames
                0x00000000000003ca      0x111 Debug\ff.o
 .debug_pubnames
                0x00000000000004db       0xbe Debug\diskio.o

.debug_info     0x0000000000000000     0x4cac
 *(.debug_info .gnu.linkonce.wi.*)
 .debug_info    0x0000000000000000       0xbc Debug\hyperscan_startup.o
 .debug_info    0x00000000000000bc      0x285 Debug\main.o
 .debug_info    0x0000000000000341     0x1112 Debug\libgloss.o
 .debug_info    0x0000000000001453      0x264 Debug\uart.o
 .debug_info    0x00000000000016b7      0x4f3 Debug\tv.o
 .debug_info    0x0000000000001baa      0x287 Debug\norflash.o
 .debug_info    0x0000000000001e31       0x9d Debug\sys_isr.o
 .debug_info    0x0000000000001ece      0x2a2 Debug\sys_irq.o
 .debug_info    0x0000000000002170      0x14e Debug\i2c.o
 .debug_info    0x00000000000022be      0x2d4 Debug\hs_controller.o
 .debug_info    0x0000000000002592     0x2101 Debug\ff.o
 .debug_info    0x0000000000004693      0x619 Debug\diskio.o

.debug_abbrev   0x0000000000000000      0x929
 *(.debug_abbrev)
 .debug_abbrev  0x0000000000000000       0x14 Debug\hyperscan_startup.o
 .debug_abbrev  0x0000000000000014       0x9d Debug\main.o
 .debug_abbrev  0x00000000000000b1      0x1ce Debug\libgloss.o
 .debug_abbrev  0x000000000000027f       0xb6 Debug\uart.o
 .debug_abbrev  0x0000000000000335       0xa8 Debug\tv.o
 .debug_abbrev  0x00000000000003dd       0x97 Debug\norflash.o
 .debug_abbrev  0x0000000000000474       0x14 Debug\sys_isr.o
 .debug_abbrev  0x0000000000000488       0xa8 Debug\sys_irq.o
 .debug_abbrev  0x0000000000000530       0x80 Debug\i2c.o
 .debug_abbrev  0x00000000000005b0       0xcf Debug\hs_controller.o
 .debug_abbrev  0x000000000000067f      0x190 Debug\ff.o
 .debug_abbrev  0x000000000000080f      0x11a Debug\diskio.o

.debug_line     0x0000000000000000     0x1224
 *(.debug_line)
 .debug_line    0x0000000000000000       0xa3 Debug\hyperscan_startup.o
 .debug_line    0x00000000000000a3       0xa1 Debug\main.o
 .debug_line    0x0000000000000144      0x198 Debug\libgloss.o
 .debug_line    0x00000000000002dc       0x9c Debug\uart.o
 .debug_line    0x0000000000000378      0x130 Debug\tv.o
 .debug_line    0x00000000000004a8       0xd2 Debug\norflash.o
 .debug_line    0x000000000000057a       0xfa Debug\sys_isr.o
 .debug_line    0x0000000000000674       0xa0 Debug\sys_irq.o
 .debug_line    0x0000000000000714       0x83 Debug\i2c.o
 .debug_line    0x0000000000000797       0xf8 Debug\hs_controller.o
 .debug_line    0x000000000000088f      0x85e Debug\ff.o
 .debug_line    0x00000000000010ed      0x137 Debug\diskio.o

.debug_frame    0x0000000000000000      0xe20
 *(.debug_frame)
 .debug_frame   0x0000000000000000       0x34 Debug\main.o
 .debug_frame   0x0000000000000034      0x184 Debug\libgloss.o
 .debug_frame   0x00000000000001b8       0xe8 Debug\uart.o
 .debug_frame   0x00000000000002a0      0x15c Debug\tv.o
 .debug_frame   0x00000000000003fc      0x100 Debug\norflash.o
 .debug_frame   0x00000000000004fc       0x64 Debug\sys_irq.o
 .debug_frame   0x0000000000000560       0x60 Debug\i2c.o
 .debug_frame   0x00000000000005c0       0x5c Debug\hs_controller.o
 .debug_frame   0x000000000000061c      0x6e4 Debug\ff.o
 .debug_frame   0x0000000000000d00      0x120 Debug\diskio.o

.debug_str      0x0000000000000000       0x63
 *(.debug_str)
 .debug_str     0x0000000000000000        0x6 Debug\main.o
 .debug_str     0x0000000000000006       0x1f Debug\libgloss.o
 .debug_str     0x0000000000000025       0x1b Debug\tv.o
 .debug_str     0x0000000000000040        0xf Debug\ff.o
 .debug_str     0x000000000000004f       0x14 Debug\diskio.o

.debug_loc      0x0000000000000000     0x1b49
 *(.debug_loc)
 .debug_loc     0x0000000000000000       0x45 Debug\main.o
 .debug_loc     0x0000000000000045      0x2c6 Debug\libgloss.o
 .debug_loc     0x000000000000030b      0x1a0 Debug\uart.o
 .debug_loc     0x00000000000004ab      0x288 Debug\tv.o
 .debug_loc     0x0000000000000733      0x1e8 Debug\norflash.o
 .debug_loc     0x000000000000091b       0xa5 Debug\sys_irq.o
 .debug_loc     0x00000000000009c0       0x99 Debug\i2c.o
 .debug_loc     0x0000000000000a59       0x9e Debug\hs_controller.o
 .debug_loc     0x0000000000000af7      0xe27 Debug\ff.o
 .debug_loc     0x000000000000191e      0x22b Debug\diskio.o

.debug_macinfo
 *(.debug_macinfo)

.debug_weaknames
 *(.debug_weaknames)

.debug_funcnames
 *(.debug_funcnames)

.debug_typenames
 *(.debug_typenames)

.debug_varnames
 *(.debug_varnames)
OUTPUT(Debug\hyperscan.elf elf32-littlescore)

.pdr            0x0000000000000000     0x10c0
 .pdr           0x0000000000000000        0x0 Debug\hyperscan_startup.o
 .pdr           0x0000000000000000       0x20 Debug\main.o
 .pdr           0x0000000000000020      0x1c0 Debug\libgloss.o
 .pdr           0x00000000000001e0      0x100 Debug\uart.o
 .pdr           0x00000000000002e0      0x180 Debug\tv.o
 .pdr           0x0000000000000460      0x100 Debug\norflash.o
 .pdr           0x0000000000000560        0x0 Debug\sys_isr.o
 .pdr           0x0000000000000560       0x60 Debug\sys_irq.o
 .pdr           0x00000000000005c0       0x60 Debug\i2c.o
 .pdr           0x0000000000000620       0x40 Debug\hs_controller.o
 .pdr           0x0000000000000660      0x6e0 Debug\ff.o
 .pdr           0x0000000000000d40      0x120 Debug\diskio.o
 .pdr           0x0000000000000e60       0x20 c:/sunplus/s_core~1.1/gnu/bin/../lib/gcc/score-elf/4.2.1/../../../../score-elf/lib/mel\libc.a(abort.o)
 .pdr           0x0000000000000e80       0x20 c:/sunplus/s_core~1.1/gnu/bin/../lib/gcc/score-elf/4.2.1/../../../../score-elf/lib/mel\libc.a(memcmp.o)
 .pdr           0x0000000000000ea0       0x20 c:/sunplus/s_core~1.1/gnu/bin/../lib/gcc/score-elf/4.2.1/../../../../score-elf/lib/mel\libc.a(memcpy.o)
 .pdr           0x0000000000000ec0       0x20 c:/sunplus/s_core~1.1/gnu/bin/../lib/gcc/score-elf/4.2.1/../../../../score-elf/lib/mel\libc.a(memset.o)
 .pdr           0x0000000000000ee0      0x100 c:/sunplus/s_core~1.1/gnu/bin/../lib/gcc/score-elf/4.2.1/../../../../score-elf/lib/mel\libc.a(signal.o)
 .pdr           0x0000000000000fe0       0x20 c:/sunplus/s_core~1.1/gnu/bin/../lib/gcc/score-elf/4.2.1/../../../../score-elf/lib/mel\libc.a(strchr.o)
 .pdr           0x0000000000001000       0x20 c:/sunplus/s_core~1.1/gnu/bin/../lib/gcc/score-elf/4.2.1/../../../../score-elf/lib/mel\libc.a(syswrite.o)
 .pdr           0x0000000000001020        0x0 c:/sunplus/s_core~1.1/gnu/bin/../lib/gcc/score-elf/4.2.1/../../../../score-elf/lib/mel\libc.a(impure.o)
 .pdr           0x0000000000001020       0x20 c:/sunplus/s_core~1.1/gnu/bin/../lib/gcc/score-elf/4.2.1/../../../../score-elf/lib/mel\libc.a(mallocr.o)
 .pdr           0x0000000000001040       0x40 c:/sunplus/s_core~1.1/gnu/bin/../lib/gcc/score-elf/4.2.1/../../../../score-elf/lib/mel\libc.a(mlock.o)
 .pdr           0x0000000000001080       0x40 c:/sunplus/s_core~1.1/gnu/bin/../lib/gcc/score-elf/4.2.1/../../../../score-elf/lib/mel\libc.a(freer.o)
