Archive member included because of file (symbol)

c:/sunplus/s_core~1.1/gnu/bin/../lib/gcc/score-elf/4.2.1/../../../../score-elf/lib/mel\libc.a(abort.o)
                              Debug\libgloss.o (abort)
c:/sunplus/s_core~1.1/gnu/bin/../lib/gcc/score-elf/4.2.1/../../../../score-elf/lib/mel\libc.a(atof.o)
                              Debug\m_config.o (atof)
c:/sunplus/s_core~1.1/gnu/bin/../lib/gcc/score-elf/4.2.1/../../../../score-elf/lib/mel\libc.a(atoi.o)
                              Debug\i_video.o (atoi)
c:/sunplus/s_core~1.1/gnu/bin/../lib/gcc/score-elf/4.2.1/../../../../score-elf/lib/mel\libc.a(calloc.o)
                              Debug\w_wad.o (calloc)
c:/sunplus/s_core~1.1/gnu/bin/../lib/gcc/score-elf/4.2.1/../../../../score-elf/lib/mel\libc.a(callocr.o)
                              c:/sunplus/s_core~1.1/gnu/bin/../lib/gcc/score-elf/4.2.1/../../../../score-elf/lib/mel\libc.a(calloc.o) (_calloc_r)
c:/sunplus/s_core~1.1/gnu/bin/../lib/gcc/score-elf/4.2.1/../../../../score-elf/lib/mel\libc.a(ctype_.o)
                              Debug\w_wad.o (_ctype_)
c:/sunplus/s_core~1.1/gnu/bin/../lib/gcc/score-elf/4.2.1/../../../../score-elf/lib/mel\libc.a(exit.o)
                              c:/sunplus/s_core~1.1/gnu/bin/../lib/gcc/score-elf/4.2.1/mel/crti.o (exit)
c:/sunplus/s_core~1.1/gnu/bin/../lib/gcc/score-elf/4.2.1/../../../../score-elf/lib/mel\libc.a(fclose.o)
                              Debug\m_menu.o (fclose)
c:/sunplus/s_core~1.1/gnu/bin/../lib/gcc/score-elf/4.2.1/../../../../score-elf/lib/mel\libc.a(fflush.o)
                              Debug\i_system.o (fflush)
c:/sunplus/s_core~1.1/gnu/bin/../lib/gcc/score-elf/4.2.1/../../../../score-elf/lib/mel\libc.a(findfp.o)
                              c:/sunplus/s_core~1.1/gnu/bin/../lib/gcc/score-elf/4.2.1/../../../../score-elf/lib/mel\libc.a(fclose.o) (__sinit)
c:/sunplus/s_core~1.1/gnu/bin/../lib/gcc/score-elf/4.2.1/../../../../score-elf/lib/mel\libc.a(fopen.o)
                              Debug\m_menu.o (fopen)
c:/sunplus/s_core~1.1/gnu/bin/../lib/gcc/score-elf/4.2.1/../../../../score-elf/lib/mel\libc.a(fprintf.o)
                              Debug\z_zone.o (fprintf)
c:/sunplus/s_core~1.1/gnu/bin/../lib/gcc/score-elf/4.2.1/../../../../score-elf/lib/mel\libc.a(fputc.o)
                              Debug\gusconf.o (fputc)
c:/sunplus/s_core~1.1/gnu/bin/../lib/gcc/score-elf/4.2.1/../../../../score-elf/lib/mel\libc.a(fread.o)
                              Debug\p_saveg.o (fread)
c:/sunplus/s_core~1.1/gnu/bin/../lib/gcc/score-elf/4.2.1/../../../../score-elf/lib/mel\libc.a(freer.o)
                              c:/sunplus/s_core~1.1/gnu/bin/../lib/gcc/score-elf/4.2.1/../../../../score-elf/lib/mel\libc.a(fclose.o) (_free_r)
c:/sunplus/s_core~1.1/gnu/bin/../lib/gcc/score-elf/4.2.1/../../../../score-elf/lib/mel\libc.a(fseek.o)
                              c:/sunplus/s_core~1.1/gnu/bin/../lib/gcc/score-elf/4.2.1/../../../../score-elf/lib/mel\libc.a(fopen.o) (_fseek_r)
c:/sunplus/s_core~1.1/gnu/bin/../lib/gcc/score-elf/4.2.1/../../../../score-elf/lib/mel\libc.a(ftell.o)
                              Debug\p_saveg.o (ftell)
c:/sunplus/s_core~1.1/gnu/bin/../lib/gcc/score-elf/4.2.1/../../../../score-elf/lib/mel\libc.a(fwalk.o)
                              c:/sunplus/s_core~1.1/gnu/bin/../lib/gcc/score-elf/4.2.1/../../../../score-elf/lib/mel\libc.a(fflush.o) (_fwalk)
c:/sunplus/s_core~1.1/gnu/bin/../lib/gcc/score-elf/4.2.1/../../../../score-elf/lib/mel\libc.a(fwrite.o)
                              Debug\z_zone.o (fwrite)
c:/sunplus/s_core~1.1/gnu/bin/../lib/gcc/score-elf/4.2.1/../../../../score-elf/lib/mel\libc.a(impure.o)
                              Debug\p_spec.o (_impure_ptr)
c:/sunplus/s_core~1.1/gnu/bin/../lib/gcc/score-elf/4.2.1/../../../../score-elf/lib/mel\libc.a(makebuf.o)
                              c:/sunplus/s_core~1.1/gnu/bin/../lib/gcc/score-elf/4.2.1/../../../../score-elf/lib/mel\libc.a(fseek.o) (__smakebuf)
c:/sunplus/s_core~1.1/gnu/bin/../lib/gcc/score-elf/4.2.1/../../../../score-elf/lib/mel\libc.a(malloc.o)
                              Debug\w_wad.o (free)
c:/sunplus/s_core~1.1/gnu/bin/../lib/gcc/score-elf/4.2.1/../../../../score-elf/lib/mel\libc.a(mallocr.o)
                              c:/sunplus/s_core~1.1/gnu/bin/../lib/gcc/score-elf/4.2.1/../../../../score-elf/lib/mel\libc.a(callocr.o) (_malloc_r)
c:/sunplus/s_core~1.1/gnu/bin/../lib/gcc/score-elf/4.2.1/../../../../score-elf/lib/mel\libc.a(memcmp.o)
                              Debug\ff.o (memcmp)
c:/sunplus/s_core~1.1/gnu/bin/../lib/gcc/score-elf/4.2.1/../../../../score-elf/lib/mel\libc.a(memcpy.o)
                              Debug\wi_stuff.o (memcpy)
c:/sunplus/s_core~1.1/gnu/bin/../lib/gcc/score-elf/4.2.1/../../../../score-elf/lib/mel\libc.a(memset.o)
                              Debug\w_wad.o (memset)
c:/sunplus/s_core~1.1/gnu/bin/../lib/gcc/score-elf/4.2.1/../../../../score-elf/lib/mel\libc.a(mlock.o)
[...]
Memory Configuration

Name             Origin             Length             Attributes
*default*        0x0000000000000000 0xffffffffffffffff

Linker script and memory map

LOAD c:/sunplus/s_core~1.1/gnu/bin/../lib/gcc/score-elf/4.2.1/mel/crti.o
LOAD c:/sunplus/s_core~1.1/gnu/bin/../lib/gcc/score-elf/4.2.1/mel/crtbegin.o
LOAD Obj.lst
LOAD Debug\doomnew_startup.o
LOAD Debug\z_zone.o
LOAD Debug\wi_stuff.o
LOAD Debug\w_wad.o
LOAD Debug\w_main.o
LOAD Debug\w_file_stdc.o
LOAD Debug\w_file.o
LOAD Debug\w_checksum.o
LOAD Debug\v_video.o
LOAD Debug\tables.o
LOAD Debug\statdump.o
LOAD Debug\st_stuff.o
LOAD Debug\st_lib.o
LOAD Debug\sounds.o
LOAD Debug\sha1.o
LOAD Debug\s_sound.o
LOAD Debug\r_things.o
LOAD Debug\r_sky.o
LOAD Debug\r_segs.o
LOAD Debug\r_plane.o
LOAD Debug\r_main.o
LOAD Debug\r_draw.o
LOAD Debug\r_data.o
LOAD Debug\r_bsp.o
LOAD Debug\p_user.o
LOAD Debug\p_tick.o
LOAD Debug\p_telept.o
LOAD Debug\p_switch.o
LOAD Debug\p_spec.o
LOAD Debug\p_sight.o
LOAD Debug\p_setup.o
LOAD Debug\p_saveg.o
LOAD Debug\p_pspr.o
LOAD Debug\p_plats.o
LOAD Debug\p_mobj.o
LOAD Debug\p_maputl.o
LOAD Debug\p_map.o
LOAD Debug\p_lights.o
LOAD Debug\p_inter.o
LOAD Debug\p_floor.o
LOAD Debug\p_enemy.o
LOAD Debug\p_doors.o
LOAD Debug\p_ceilng.o
LOAD Debug\mus2mid.o
LOAD Debug\memio.o
LOAD Debug\m_random.o
LOAD Debug\m_misc.o
LOAD Debug\m_menu.o
LOAD Debug\m_fixed.o
LOAD Debug\m_controls.o
LOAD Debug\m_config.o
LOAD Debug\m_cheat.o
LOAD Debug\m_bbox.o
LOAD Debug\m_argv.o
LOAD Debug\libgloss.o
LOAD Debug\info.o
LOAD Debug\i_video.o
LOAD Debug\i_timer.o
LOAD Debug\i_system.o
LOAD Debug\i_sound.o
LOAD Debug\i_scale.o
LOAD Debug\i_joystick.o
LOAD Debug\i_input.o
LOAD Debug\i_endoom.o
LOAD Debug\hu_stuff.o
LOAD Debug\hu_lib.o
LOAD Debug\gusconf.o
LOAD Debug\g_game.o
LOAD Debug\f_wipe.o
LOAD Debug\f_finale.o
LOAD Debug\dummy.o
LOAD Debug\dstrings.o
LOAD Debug\doomstat.o
LOAD Debug\doomgeneric_hyperscan.o
LOAD Debug\doomgeneric.o
LOAD Debug\doomdef.o
LOAD Debug\d_net.o
LOAD Debug\d_mode.o
LOAD Debug\d_main.o
LOAD Debug\d_loop.o
LOAD Debug\d_iwad.o
LOAD Debug\d_items.o
LOAD Debug\d_event.o
LOAD Debug\am_map.o
LOAD Debug\uart.o
LOAD Debug\tv.o
LOAD Debug\norflash.o
LOAD Debug\mp3drv.o
LOAD Debug\user_irq.o
LOAD Debug\sys_isr.o
LOAD Debug\sys_irq.o
LOAD Debug\i2c.o
LOAD Debug\hs_controller.o
LOAD Debug\ff.o
LOAD Debug\diskio.o
LOAD Lib.lst
LOAD c:/sunplus/s_core~1.1/gnu/bin/../lib/gcc/score-elf/4.2.1/../../../../score-elf/lib/mel\libm.a
LOAD c:/sunplus/s_core~1.1/gnu/bin/../lib/gcc/score-elf/4.2.1/../../../../score-elf/lib/mel\libc.a
LOAD c:/sunplus/s_core~1.1/gnu/bin/../lib/gcc/score-elf/4.2.1/mel\libgcc.a
LOAD c:/sunplus/s_core~1.1/gnu/bin/../lib/gcc/score-elf/4.2.1/mel\libgcc.a
LOAD c:/sunplus/s_core~1.1/gnu/bin/../lib/gcc/score-elf/4.2.1/../../../../score-elf/lib/mel\libc.a
LOAD c:/sunplus/s_core~1.1/gnu/bin/../lib/gcc/score-elf/4.2.1/mel\libgcc.a
LOAD c:/sunplus/s_core~1.1/gnu/bin/../lib/gcc/score-elf/4.2.1/mel/crtend.o
LOAD c:/sunplus/s_core~1.1/gnu/bin/../lib/gcc/score-elf/4.2.1/mel/crtn.o
START GROUP
LOAD c:/sunplus/s_core~1.1/gnu/bin/../lib/gcc/score-elf/4.2.1/../../../../score-elf/lib/mel\libc.a
LOAD c:/sunplus/s_core~1.1/gnu/bin/../lib/gcc/score-elf/4.2.1/../../../../score-elf/lib/mel\libm.a
LOAD c:/sunplus/s_core~1.1/gnu/bin/../lib/gcc/score-elf/4.2.1/mel\libgcc.a
END GROUP

.exception      0x00000000a00901fc      0x23c
 *(.exception_vec)
 .exception_vec
                0x00000000a00901fc      0x23c Debug\sys_isr.o

.stack          0x00000000a0fffff0        0x0
                0x00000000a0fffff0                _stack = .
 *(.stack)
                0x00000000a0091000                . = 0xa0091000

.interp
 *(.interp)

.hash
 *(.hash)

.dynsym
 *(.dynsym)

.dynstr
 *(.dynstr)

.gnu.version
 *(.gnu.version)

.gnu.version_d
 *(.gnu.version_d)

.gnu.version_r
 *(.gnu.version_r)

.rel.dyn        0x00000000a0091000        0x0
 *(.rel.init)
 *(.rel.text .rel.text.* .rel.gnu.linkonce.t.*)
 *(.rel.fini)
 *(.rel.rodata .rel.rodata.* .rel.gnu.linkonce.r.*)
 *(.rel.data .rel.data.* .rel.gnu.linkonce.d.*)
 *(.rel.tdata .rel.tdata.* .rel.gnu.linkonce.td.*)
 *(.rel.tbss .rel.tbss.* .rel.gnu.linkonce.tb.*)
 *(.rel.ctors)
 *(.rel.dtors)
 *(.rel.got)
 *(.rel.sdata .rel.sdata.* .rel.gnu.linkonce.s.*)
 *(.rel.sbss .rel.sbss.* .rel.gnu.linkonce.sb.*)
 *(.rel.sdata2 .rel.sdata2.* .rel.gnu.linkonce.s2.*)
 *(.rel.sbss2 .rel.sbss2.* .rel.gnu.linkonce.sb2.*)
 *(.rel.bss .rel.bss.* .rel.gnu.linkonce.b.*)
 .rel.dyn       0x0000000000000000        0x0 Debug\w_file_stdc.o

.rela.dyn
 *(.rela.init)
 *(.rela.text .rela.text.* .rela.gnu.linkonce.t.*)
 *(.rela.fini)
 *(.rela.rodata .rela.rodata.* .rela.gnu.linkonce.r.*)
 *(.rela.data .rela.data.* .rela.gnu.linkonce.d.*)
 *(.rela.tdata .rela.tdata.* .rela.gnu.linkonce.td.*)
 *(.rela.tbss .rela.tbss.* .rela.gnu.linkonce.tb.*)
 *(.rela.ctors)
 *(.rela.dtors)
 *(.rela.got)
 *(.rela.sdata .rela.sdata.* .rela.gnu.linkonce.s.*)
 *(.rela.sbss .rela.sbss.* .rela.gnu.linkonce.sb.*)
 *(.rela.sdata2 .rela.sdata2.* .rela.gnu.linkonce.s2.*)
 *(.rela.sbss2 .rela.sbss2.* .rela.gnu.linkonce.sb2.*)
 *(.rela.bss .rela.bss.* .rela.gnu.linkonce.b.*)

.rel.plt
 *(.rel.plt)

.rela.plt
 *(.rela.plt)

.hardware_init  0x00000000a0091000       0x20
 *(.hardware_init)
 .hardware_init
                0x00000000a0091000       0x20 Debug\doomnew_startup.o
                0x00000000a0091000                _hardware_init

.init           0x00000000a0091020       0x70
 *(.init)
 .init          0x00000000a0091020       0x5c c:/sunplus/s_core~1.1/gnu/bin/../lib/gcc/score-elf/4.2.1/mel/crti.o
                0x00000000a009106c                _init_argv
                0x00000000a0091074                _init
                0x00000000a0091020                _start
 .init          0x00000000a009107c        0x4 c:/sunplus/s_core~1.1/gnu/bin/../lib/gcc/score-elf/4.2.1/mel/crtbegin.o
 .init          0x00000000a0091080        0x4 c:/sunplus/s_core~1.1/gnu/bin/../lib/gcc/score-elf/4.2.1/mel/crtend.o
 .init          0x00000000a0091084        0xc c:/sunplus/s_core~1.1/gnu/bin/../lib/gcc/score-elf/4.2.1/mel/crtn.o

.plt
 *(.plt)

.text           0x00000000a0091090    0x63770
 *(.text .stub .text.* .gnu.linkonce.t.*)
 .text          0x00000000a0091090        0x0 c:/sunplus/s_core~1.1/gnu/bin/../lib/gcc/score-elf/4.2.1/mel/crti.o
 .text          0x00000000a0091090       0xe4 c:/sunplus/s_core~1.1/gnu/bin/../lib/gcc/score-elf/4.2.1/mel/crtbegin.o
 .text          0x00000000a0091174        0x0 Debug\doomnew_startup.o
 .text          0x00000000a0091174      0x994 Debug\z_zone.o
                0x00000000a0091774                Z_Malloc
                0x00000000a00913b8                Z_Free
                0x00000000a00919bc                Z_FreeTags
                0x00000000a0091250                Z_ChangeTag2
                0x00000000a00912ec                Z_CheckHeap
                0x00000000a00914ac                Z_FileDumpHeap
                0x00000000a0091200                Z_ChangeUser
                0x00000000a00915cc                Z_DumpHeap
                0x00000000a00911b4                Z_FreeMemory
                0x00000000a0091718                Z_Init
                0x00000000a00911f8                Z_ZoneSize
                0x00000000a0091174                Z_ClearZone
 .text          0x00000000a0091b08     0x6b5c Debug\wi_stuff.o
                0x00000000a0093acc                WI_initNetgameStats
                0x00000000a0093914                WI_drawNoState
                0x00000000a00927dc                WI_loadData
                0x00000000a00942f4                WI_updateNoState
                0x00000000a009287c                WI_drawNum
                0x00000000a0092ba0                WI_drawLF
                0x00000000a0094840                WI_drawDeathmatchStats
                0x00000000a00927b0                WI_unloadData
                0x00000000a00940f8                WI_updateShowNextLoc
                0x00000000a00944c4                WI_drawPercent
                0x00000000a0091be0                WI_checkForAccelerate
                0x00000000a0092d00                WI_updateAnimatedBack
                0x00000000a0097264                WI_Start
                0x00000000a0097dd0                WI_drawNetgameStats
                0x00000000a0092ea0                WI_initAnimatedBack
                0x00000000a0091b28                WI_fragSum
                0x00000000a0095844                WI_updateStats
                0x00000000a00950fc                WI_updateDeathmatchStats
                0x00000000a0093d74                WI_initDeathmatchStats
                0x00000000a0091e74                WI_initVariables
                0x00000000a0092ff8                WI_drawOnLnode
                0x00000000a0093920                WI_initStats
                0x00000000a0091b0c                WI_initNoState
                0x00000000a0097948                WI_drawStats
                0x00000000a0096b90                WI_Ticker
                0x00000000a0091b08                WI_Responder
                0x00000000a00931b4                WI_End
                0x00000000a0092ad0                WI_drawEL
                0x00000000a00945e8                WI_drawTime
                0x00000000a0098608                WI_Drawer
                0x00000000a0095f68                WI_updateNetgameStats
                0x00000000a0092ce4                WI_slamBackground
                0x00000000a00931c0                WI_drawShowNextLoc
                0x00000000a0092a14                WI_drawAnimatedBack
                0x00000000a0093f98                WI_initShowNextLoc
 .text          0x00000000a0098664      0xfd8 Debug\w_wad.o
                0x00000000a00988e8                W_ReadLump
                0x00000000a0098664                W_LumpNameHash
                0x00000000a00995e4                W_CacheLumpName
                0x00000000a0098dec                W_GetNumForName
                0x00000000a0098860                W_ReleaseLumpNum
                0x00000000a00993d8                W_ReleaseLumpName
                0x00000000a0098e38                W_AddFile
                0x00000000a0099198                W_GenerateHashTable
                0x00000000a0098980                W_CheckNumForName
                0x00000000a00987f8                W_NumLumps
                0x00000000a0098c1c                W_CheckCorrectIWAD
                0x00000000a0099484                W_CacheLumpNum
                0x00000000a0098808                W_LumpLength
 .text          0x00000000a009963c       0xe0 Debug\w_main.o
                0x00000000a009963c                W_ParseCommandLine
 .text          0x00000000a009971c       0xd8 Debug\w_file_stdc.o
                0x00000000a00997b4                W_StdC_Read
 .text          0x00000000a00997f4       0x48 Debug\w_file.o
                0x00000000a00997f4                W_CloseFile
                0x00000000a0099800                W_Read
                0x00000000a009980c                W_OpenFile
 .text          0x00000000a009983c      0x140 Debug\w_checksum.o
                0x00000000a009983c                W_Checksum
 .text          0x00000000a009997c     0x17b0 Debug\v_video.o
                0x00000000a0099984                V_DrawXlaPatch
                0x00000000a009a950                V_DrawBlock
                0x00000000a009a600                V_MarkRect
                0x00000000a0099c24                V_DrawBox
                0x00000000a009a134                V_DrawTLPatch
                0x00000000a009aa4c                V_DrawPatchFlipped
                0x00000000a009a32c                V_LoadXlaTable
                0x00000000a009997c                V_SetPatchClipCallback
                0x00000000a009a680                V_DrawMouseSpeedBox
                0x00000000a0099f3c                V_DrawAltTLPatch
                0x00000000a009a384                WritePCXfile
                0x00000000a0099b98                V_DrawHorizLine
                0x00000000a0099d0c                V_Init
                0x00000000a009a5dc                V_DrawRawScreen
                0x00000000a009aff0                V_CopyRect
                0x00000000a009afec                V_DrawPatchDirect
                0x00000000a009a358                V_LoadTintTable
                0x00000000a0099d10                V_UseBuffer
                0x00000000a0099b24                V_DrawFilledBox
                0x00000000a0099d18                V_RestoreBuffer
                0x00000000a0099bdc                V_DrawVertLine
                0x00000000a009acd4                V_DrawPatch
                0x00000000a0099d2c                V_DrawShadowedPatch
                0x00000000a009a534                V_ScreenShot
 .text          0x00000000a009b12c       0x28 Debug\tables.o
                0x00000000a009b12c                SlopeDiv
 .text          0x00000000a009b154       0x84 Debug\statdump.o
                0x00000000a009b154                StatDump
                0x00000000a009b158                StatCopy
 .text          0x00000000a009b1d8     0x265c Debug\st_stuff.o
                0x00000000a009d1a0                ST_Start
                0x00000000a009d2c8                ST_Ticker
                0x00000000a009b3b0                ST_createWidgets
                0x00000000a009b238                ST_Stop
                0x00000000a009bd78                ST_unloadGraphics
                0x00000000a009c80c                ST_loadData
                0x00000000a009c800                ST_unloadData
                0x00000000a009d57c                ST_doRefresh
                0x00000000a009b26c                ST_doPaletteStuff
                0x00000000a009d61c                ST_Drawer
                0x00000000a009bd84                ST_loadGraphics
                0x00000000a009c778                ST_refreshBackground
                0x00000000a009b7a8                ST_initData
                0x00000000a009bf98                ST_diffDraw
                0x00000000a009bfa0                ST_Responder
                0x00000000a009cec8                ST_updateWidgets
                0x00000000a009d160                ST_Init
                0x00000000a009bdcc                ST_drawWidgets
                0x00000000a009b1d8                ST_calcPainOffset
                0x00000000a009c838                ST_updateFaceWidget
 .text          0x00000000a009d834      0x5e0 Debug\st_lib.o
                0x00000000a009d834                STlib_initNum
                0x00000000a009d888                STlib_initBinIcon
                0x00000000a009d9f8                STlib_updateMultIcon
                0x00000000a009dda8                STlib_updatePercent
                0x00000000a009d860                STlib_initMultIcon
                0x00000000a009dd34                STlib_updateNum
                0x00000000a009db58                STlib_drawNum
                0x00000000a009dd70                STlib_initPercent
                0x00000000a009d8b0                STlib_updateBinIcon
                0x00000000a009dd4c                STlib_init
 .text          0x00000000a009de14        0x0 Debug\sounds.o
 .text          0x00000000a009de14     0x19f8 Debug\sha1.o
                0x00000000a009f5a4                SHA1_UpdateString
                0x00000000a009de14                SHA1_Init
                0x00000000a009f3fc                SHA1_Update
                0x00000000a009f5d4                SHA1_Final
                0x00000000a009f570                SHA1_UpdateInt32
 .text          0x00000000a009f80c      0xed0 Debug\s_sound.o
                0x00000000a00a0228                S_StartSound
                0x00000000a009fb28                S_Init
                0x00000000a009f80c                S_ResumeSound
                0x00000000a009f8ac                S_SetSfxVolume
                0x00000000a009fd70                S_Start
                0x00000000a009f84c                S_StopMusic
                0x00000000a009f8a8                S_MusicPlaying
                0x00000000a009fd5c                S_StartMusic
                0x00000000a009fc1c                S_ChangeMusic
                0x00000000a009ffb0                S_UpdateSounds
                0x00000000a009fee0                S_StopSound
                0x00000000a009f8e0                S_SetMusicVolume
                0x00000000a009fb10                S_Shutdown
                0x00000000a009fad0                S_PauseSound
 .text          0x00000000a00a06dc     0x1bb0 Debug\r_things.o
                0x00000000a00a0bd8                R_ProjectSprite
                0x00000000a00a1f30                R_DrawPlayerSprites
                0x00000000a00a071c                R_DrawMaskedColumn
                0x00000000a00a1524                R_InitSprites
                0x00000000a00a18d0                R_DrawSprite
                0x00000000a00a09cc                R_InstallSpriteLump
                0x00000000a00a06ec                R_NewVisSprite
                0x00000000a00a08b0                R_SortVisSprites
                0x00000000a00a06dc                R_ClearSprites
                0x00000000a00a0fd4                R_AddSprites
                0x00000000a00a1088                R_InitSpriteDefs
                0x00000000a00a200c                R_DrawMasked
                0x00000000a00a1544                R_DrawVisSprite
                0x00000000a00a1c7c                R_DrawPSprite
 .text          0x00000000a00a228c        0xc Debug\r_sky.o
                0x00000000a00a228c                R_InitSkyMap
 .text          0x00000000a00a2298     0x141c Debug\r_segs.o
                0x00000000a00a2738                R_StoreWallRange
                0x00000000a00a2298                R_RenderSegLoop
                0x00000000a00a32d4                R_RenderMaskedSegRange
 .text          0x00000000a00a36b4      0xce8 Debug\r_plane.o
                0x00000000a00a36b8                R_CheckPlane
                0x00000000a00a396c                R_MapPlane
                0x00000000a00a3878                R_ClearPlanes
                0x00000000a00a3788                R_FindPlane
                0x00000000a00a3dd0                R_DrawPlanes
                0x00000000a00a3c18                R_MakeSpans
                0x00000000a00a36b4                R_InitPlanes
 .text          0x00000000a00a439c     0x12a8 Debug\r_main.o
                0x00000000a00a44ec                R_InitLightTables
                0x00000000a00a4b3c                R_PointToAngle
                0x00000000a00a50d0                R_ExecuteSetViewSize
                0x00000000a00a43e4                R_SetViewSize
                0x00000000a00a439c                R_AddPointToBox
                0x00000000a00a4e0c                R_Init
                0x00000000a00a4cec                R_RenderPlayerView
                0x00000000a00a4854                R_ScaleFromGlobalAngle
                0x00000000a00a4914                R_PointOnSegSide
                0x00000000a00a4a28                R_PointOnSide
                0x00000000a00a43dc                R_InitPointToAngle
                0x00000000a00a45b8                R_PointToDist
                0x00000000a00a4cdc                R_PointToAngle2
                0x00000000a00a43e0                R_InitTables
                0x00000000a00a43f8                R_SetupFrame
                0x00000000a00a4f44                R_PointInSubsector
                0x00000000a00a4654                R_InitTextureMapping
 .text          0x00000000a00a5644      0xeb4 Debug\r_draw.o
                0x00000000a00a5e38                R_DrawTranslatedColumn
                0x00000000a00a5bf8                R_DrawSpan
                0x00000000a00a61d8                R_DrawColumnLow
                0x00000000a00a5f28                R_DrawFuzzColumnLow
                0x00000000a00a57ac                R_FillBackScreen
                0x00000000a00a60ac                R_DrawFuzzColumn
                0x00000000a00a5d04                R_DrawTranslatedColumnLow
                0x00000000a00a56e8                R_VideoErase
                0x00000000a00a63bc                R_DrawViewBorder
                0x00000000a00a5abc                R_DrawSpanLow
                0x00000000a00a5720                R_InitTranslationTables
                0x00000000a00a5644                R_InitBuffer
                0x00000000a00a62d8                R_DrawColumn
 .text          0x00000000a00a64f8     0x16f0 Debug\r_data.o
                0x00000000a00a6c10                R_DrawColumnInCache
                0x00000000a00a6e38                R_InitFlats
                0x00000000a00a776c                R_GenerateComposite
                0x00000000a00a7148                R_InitTextures
                0x00000000a00a7a78                R_TextureNumForName
                0x00000000a00a6cec                R_InitSpriteLumps
                0x00000000a00a64f8                R_PrecacheLevel
                0x00000000a00a6b18                R_CheckTextureNumForName
                0x00000000a00a79c8                R_GetColumn
                0x00000000a00a7b1c                R_InitData
                0x00000000a00a6cc0                R_InitColormaps
                0x00000000a00a6ec8                R_GenerateLookup
                0x00000000a00a6b9c                R_FlatNumForName
 .text          0x00000000a00a7be8      0x920 Debug\r_bsp.o
                0x00000000a00a7f00                R_ClipSolidWallSegment
                0x00000000a00a7be8                R_ClearDrawSegs
                0x00000000a00a8064                R_AddLine
                0x00000000a00a7c38                R_CheckBBox
                0x00000000a00a8278                R_Subsector
                0x00000000a00a8424                R_RenderBSPNode
                0x00000000a00a7bf8                R_ClearClipSegs
                0x00000000a00a7e20                R_ClipPassWallSegment
 .text          0x00000000a00a8508      0x918 Debug\p_user.o
                0x00000000a00a8508                P_CalcHeight
                0x00000000a00a87fc                P_Thrust
                0x00000000a00a8a04                P_PlayerThink
                0x00000000a00a8884                P_MovePlayer
                0x00000000a00a86c0                P_DeathThink
 .text          0x00000000a00a8e20      0x284 Debug\p_tick.o
                0x00000000a00a8e20                P_InitThinkers
                0x00000000a00a8e60                P_RunThinkers
                0x00000000a00a8e34                P_AddThinker
                0x00000000a00a8ed8                P_Ticker
                0x00000000a00a8e5c                P_AllocateThinker
                0x00000000a00a8e50                P_RemoveThinker
 .text          0x00000000a00a90a4      0x228 Debug\p_telept.o
                0x00000000a00a90a4                EV_Teleport
 .text          0x00000000a00a92cc     0x1764 Debug\p_switch.o
                0x00000000a00a92cc                P_StartButton
                0x00000000a00a97fc                P_ChangeSwitchTexture
                0x00000000a00a96dc                P_InitSwitchList
                0x00000000a00aa520                P_UseSpecialLine
 .text          0x00000000a00aaa30     0x1a58 Debug\p_spec.o
                0x00000000a00abc9c                P_InitPicAnims
                0x00000000a00abeb8                P_FindHighestCeilingSurrounding
                0x00000000a00ac104                EV_DoDonut
                0x00000000a00aaa30                getSide
                0x00000000a00abf8c                P_FindNextHighestFloor
                0x00000000a00ab284                P_UpdateSpecials
                0x00000000a00abdf0                P_FindLowestFloorSurrounding
                0x00000000a00abf18                P_FindLowestCeilingSurrounding
                0x00000000a00aab3c                getNextSector
                0x00000000a00aaa94                getSector
                0x00000000a00aac08                P_SpawnSpecials
                0x00000000a00aab64                P_FindSectorFromLineTag
                0x00000000a00abe50                P_FindMinSurroundingLight
                0x00000000a00ab6bc                P_ShootSpecialLine
                0x00000000a00ac0a4                P_FindHighestFloorSurrounding
                0x00000000a00ab754                P_CrossSpecialLine
                0x00000000a00ab558                P_PlayerInSpecialSector
                0x00000000a00aaafc                twoSided
 .text          0x00000000a00ac488      0xaf8 Debug\p_sight.o
                0x00000000a00acdf0                P_CheckSight
                0x00000000a00ac488                P_DivlineSide
                0x00000000a00ac54c                P_InterceptVector2
                0x00000000a00acb4c                P_CrossBSPNode
                0x00000000a00ac5ec                P_CrossSubsector
 .text          0x00000000a00acf80     0x1700 Debug\p_setup.o
                0x00000000a00adde8                P_LoadSegs
                0x00000000a00adab4                P_LoadThings
                0x00000000a00ad740                P_LoadVertexes
                0x00000000a00ad054                P_GroupLines
                0x00000000a00acf80                P_Init
                0x00000000a00add7c                GetSectorAtNullAddress
                0x00000000a00ad7e8                P_LoadLineDefs
                0x00000000a00ae060                P_SetupLevel
                0x00000000a00acfa4                P_LoadBlockMap
                0x00000000a00adc10                P_LoadSectors
                0x00000000a00ad494                P_LoadNodes
                0x00000000a00ad68c                P_LoadSubsectors
                0x00000000a00ad350                P_LoadSideDefs
 .text          0x00000000a00ae680     0x5a54 Debug\p_saveg.o
                0x00000000a00b1a98                P_ArchivePlayers
                0x00000000a00b39b0                P_ArchiveThinkers
                0x00000000a00b2d8c                P_ArchiveWorld
                0x00000000a00b0164                P_ArchiveSpecials
                0x00000000a00ae680                P_SaveGameFile
                0x00000000a00ae75c                P_ReadSaveGameEOF
                0x00000000a00b2134                P_UnArchiveWorld
                0x00000000a00af7d4                P_UnArchiveSpecials
                0x00000000a00b136c                P_UnArchiveThinkers
                0x00000000a00aef34                P_WriteSaveGameEOF
                0x00000000a00aefa8                P_WriteSaveGameHeader
                0x00000000a00b0d10                P_UnArchivePlayers
                0x00000000a00ae710                P_TempSaveGameFile
                0x00000000a00ae7ec                P_ReadSaveGameHeader
 .text          0x00000000a00b40d4     0x2f14 Debug\p_pspr.o
                0x00000000a00b5c4c                P_SetupPsprites
                0x00000000a00b4ba8                A_FireShotgun2
                0x00000000a00b4e1c                P_CheckAmmo
                0x00000000a00b444c                P_GunShot
                0x00000000a00b4548                A_Saw
                0x00000000a00b624c                A_CheckReload
                0x00000000a00b50c0                P_BringUpWeapon
                0x00000000a00b58f0                A_Raise
                0x00000000a00b5688                A_FirePlasma
                0x00000000a00b4874                A_FireMissile
                0x00000000a00b41fc                P_BulletSlope
                0x00000000a00b41f4                A_BFGsound
                0x00000000a00b48d8                A_FireCGun
                0x00000000a00b44e4                A_FireBFG
                0x00000000a00b5d7c                A_Lower
                0x00000000a00b41e8                A_Light2
                0x00000000a00b46d8                A_Punch
                0x00000000a00b5a0c                P_DropWeapon
                0x00000000a00b5448                A_FirePistol
                0x00000000a00b47d0                P_CalcSwing
                0x00000000a00b40d4                P_SetPsprite
                0x00000000a00b51f8                A_FireShotgun
                0x00000000a00b5efc                P_FireWeapon
                0x00000000a00b6ac0                A_WeaponReady
                0x00000000a00b41d0                A_Light0
                0x00000000a00b57ec                A_GunFlash
                0x00000000a00b5b08                P_MovePsprites
                0x00000000a00b41dc                A_Light1
                0x00000000a00b64dc                A_ReFire
                0x00000000a00b427c                A_BFGSpray
 .text          0x00000000a00b6fe8      0x6fc Debug\p_plats.o
                0x00000000a00b7160                EV_DoPlat
                0x00000000a00b7044                EV_StopPlat
                0x00000000a00b7480                T_PlatRaise
                0x00000000a00b6fe8                P_ActivateInStasis
                0x00000000a00b70a4                P_RemoveActivePlat
                0x00000000a00b711c                P_AddActivePlat
 .text          0x00000000a00b76e4     0x1e00 Debug\p_mobj.o
                0x00000000a00b7718                P_RemoveMobj
                0x00000000a00b7b50                P_SpawnMapThing
                0x00000000a00b9058                P_SpawnMissile
                0x00000000a00b8570                P_ExplodeMissile
                0x00000000a00b77e4                P_SpawnMobj
                0x00000000a00b8618                P_CheckMissileSpawn
                0x00000000a00b84c4                P_SpawnPuff
                0x00000000a00b928c                P_SpawnPlayerMissile
                0x00000000a00b82c0                P_SetMobjState
                0x00000000a00b8f30                P_MobjThinker
                0x00000000a00b76e4                P_SubstNullMobj
                0x00000000a00b794c                P_SpawnPlayer
                0x00000000a00b80f4                P_NightmareRespawn
                0x00000000a00b8410                P_SpawnBlood
                0x00000000a00b8744                P_ZMovement
                0x00000000a00b8aa8                P_XYMovement
                0x00000000a00b7f1c                P_RespawnSpecials
 .text          0x00000000a00b94e4     0x1dcc Debug\p_maputl.o
                0x00000000a00b9830                P_TraverseIntercepts
                0x00000000a00b95bc                P_UnsetThingPosition
                0x00000000a00baf38                P_BoxOnLineSide
                0x00000000a00b9524                P_MakeDivline
                0x00000000a00b9ce0                P_PathTraverse
                0x00000000a00b9914                P_InterceptVector
                0x00000000a00b9548                P_LineOpening
                0x00000000a00b9bd4                P_SetThingPosition
                0x00000000a00b9798                P_BlockThingsIterator
                0x00000000a00b96ac                P_BlockLinesIterator
                0x00000000a00ba1f8                PIT_AddThingIntercepts
                0x00000000a00b99b4                P_PointOnDivlineSide
                0x00000000a00b9ad0                P_PointOnLineSide
                0x00000000a00b94e4                P_AproxDistance
                0x00000000a00ba76c                PIT_AddLineIntercepts
 .text          0x00000000a00bb2b0     0x1ce8 Debug\p_map.o
                0x00000000a00bc46c                P_TryMove
                0x00000000a00bc3d0                P_ThingHeightClip
                0x00000000a00bbe84                P_HitSlideLine
                0x00000000a00bb2b0                P_ChangeSector
                0x00000000a00bc17c                P_CheckPosition
                0x00000000a00bb338                P_RadiusAttack
                0x00000000a00bbd98                PTR_SlideTraverse
                0x00000000a00bba50                PTR_ShootTraverse
                0x00000000a00bb720                P_AimLineAttack
                0x00000000a00bbfbc                P_TeleportMove
                0x00000000a00bc5f4                P_SlideMove
                0x00000000a00bb688                PTR_UseTraverse
                0x00000000a00bb4ac                PIT_RadiusAttack
                0x00000000a00bb5dc                P_LineAttack
                0x00000000a00bce20                PIT_ChangeSector
                0x00000000a00bcbbc                PIT_CheckLine
                0x00000000a00bc9d0                PIT_CheckThing
                0x00000000a00bb404                PIT_StompThing
                0x00000000a00bb56c                P_UseLines
                0x00000000a00bb80c                PTR_AimTraverse
 .text          0x00000000a00bcf98      0x6c4 Debug\p_lights.o
                0x00000000a00bd064                P_SpawnGlowingLight
                0x00000000a00bd460                T_LightFlash
                0x00000000a00bd320                P_SpawnStrobeFlash
                0x00000000a00bcf98                T_StrobeFlash
                0x00000000a00bd0d0                P_SpawnFireFlicker
                0x00000000a00bd230                EV_TurnTagLightsOff
                0x00000000a00bd4e4                T_FireFlicker
                0x00000000a00bd55c                EV_StartLightStrobing
                0x00000000a00bd3e0                P_SpawnLightFlash
                0x00000000a00bd138                EV_LightTurnOn
                0x00000000a00bcfe8                T_Glow
 .text          0x00000000a00bd65c     0x1c84 Debug\p_inter.o
                0x00000000a00bde40                P_GiveAmmo
                0x00000000a00be004                P_GiveWeapon
                0x00000000a00bd6f0                P_GivePower
                0x00000000a00bd6c8                P_GiveCard
                0x00000000a00bd65c                P_GiveBody
                0x00000000a00bda98                P_DamageMobj
                0x00000000a00bd7d0                P_KillMobj
                0x00000000a00be544                P_TouchSpecialThing
                0x00000000a00bd698                P_GiveArmor
 .text          0x00000000a00bf2e0      0x8c8 Debug\p_floor.o
                0x00000000a00bf2e0                EV_BuildStairs
                0x00000000a00bfac0                T_MoveFloor
                0x00000000a00bf92c                T_MovePlane
                0x00000000a00bf4f4                EV_DoFloor
 .text          0x00000000a00bfba8     0x43f0 Debug\p_enemy.o
                0x00000000a00c1b64                A_Chase
                0x00000000a00c2674                A_SkullAttack
                0x00000000a00c1398                P_RecursiveSound
                0x00000000a00bfcf0                A_XScream
                0x00000000a00c036c                P_CheckMissileRange
                0x00000000a00bfde0                A_BrainExplode
                0x00000000a00c34f0                A_BspiAttack
                0x00000000a00bff38                A_BrainSpit
                0x00000000a00c3e60                A_SargAttack
                0x00000000a00c21ec                A_BabyMetal
                0x00000000a00c3bb8                A_SkelMissile
                0x00000000a00bfe80                A_BrainScream
                0x00000000a00c2c0c                A_FatAttack1
                0x00000000a00c2478                A_SpawnFly
                0x00000000a00c0d64                P_TryWalk
                0x00000000a00c224c                A_Look
                0x00000000a00c2f0c                A_PainAttack
                0x00000000a00c2998                A_FatAttack3
                0x00000000a00c30b4                A_CPosAttack
                0x00000000a00c33c4                A_TroopAttack
                0x00000000a00c0734                A_Tracer
                0x00000000a00bfcc4                A_OpenShotgun2
                0x00000000a00c27d4                A_PainShootSkull
                0x00000000a00c2940                A_PainDie
                0x00000000a00bfba8                A_Fall
                0x00000000a00bfd18                A_Scream
                0x00000000a00c3b28                A_SkelWhoosh
                0x00000000a00c0624                A_FireCrackle
                0x00000000a00c0354                A_Explode
                0x00000000a00c37d8                A_VileChase
                0x00000000a00c0f2c                P_NewChaseDir
                0x00000000a00c2fa0                A_PosAttack
                0x00000000a00c2654                A_SpawnSound
                0x00000000a00c222c                A_Hoof
                0x00000000a00c04cc                P_CheckMeleeRange
                0x00000000a00bfccc                A_Pain
                0x00000000a00bfd04                A_VileStart
                0x00000000a00c3c8c                A_CyberAttack
                0x00000000a00c0cd0                A_KeenDie
                0x00000000a00c2db0                A_VileAttack
                0x00000000a00c0010                A_BrainDie
                0x00000000a00bfc1c                A_BrainAwake
                0x00000000a00c055c                A_Fire
                0x00000000a00c0664                PIT_VileCheck
                0x00000000a00c3d20                A_HeadAttack
                0x00000000a00c0014                A_CloseShotgun2
                0x00000000a00c1a20                P_NoiseAlert
                0x00000000a00c3584                A_SpidRefire
                0x00000000a00c39e4                A_SkelFist
                0x00000000a00c2d20                A_FatRaise
                0x00000000a00c2af8                A_FatAttack2
                0x00000000a00c220c                A_Metal
                0x00000000a00c0928                A_FaceTarget
                0x00000000a00c09bc                P_LookForPlayers
                0x00000000a00c12d0                A_BruisAttack
                0x00000000a00bfcbc                A_LoadShotgun2
                0x00000000a00c3714                A_VileTarget
                0x00000000a00bfc04                A_BrainPain
                0x00000000a00c0afc                P_Move
                0x00000000a00c31d4                A_SPosAttack
                0x00000000a00bfbbc                A_PlayerScream
                0x00000000a00c364c                A_CPosRefire
                0x00000000a00c0644                A_StartFire
                0x00000000a00c0040                A_BossDeath
 .text          0x00000000a00c3f98      0x8a8 Debug\p_doors.o
                0x00000000a00c4558                EV_DoLockedDoor
                0x00000000a00c4084                EV_VerticalDoor
                0x00000000a00c4000                P_SpawnDoorRaiseIn5Mins
                0x00000000a00c4364                EV_DoDoor
                0x00000000a00c4638                T_VerticalDoor
                0x00000000a00c3f98                P_SpawnDoorCloseIn30
 .text          0x00000000a00c4840      0x5d4 Debug\p_ceilng.o
                0x00000000a00c48e0                EV_CeilingCrushStop
                0x00000000a00c49b0                EV_DoCeiling
                0x00000000a00c4bd8                T_MoveCeiling
                0x00000000a00c487c                P_ActivateInStasisCeiling
                0x00000000a00c4944                P_RemoveActiveCeiling
                0x00000000a00c4840                P_AddActiveCeiling
 .text          0x00000000a00c4e14      0xa64 Debug\mus2mid.o
                0x00000000a00c4e14                mus2mid
 .text          0x00000000a00c5878      0x2bc Debug\memio.o
                0x00000000a00c5884                mem_ftell
                0x00000000a00c59d0                mem_fwrite
                0x00000000a00c590c                mem_fclose
                0x00000000a00c594c                mem_fopen_write
                0x00000000a00c5878                mem_get_buf
                0x00000000a00c588c                mem_fseek
                0x00000000a00c5998                mem_fopen_read
                0x00000000a00c5a9c                mem_fread
 .text          0x00000000a00c5b34       0x90 Debug\m_random.o
                0x00000000a00c5b6c                M_Random
                0x00000000a00c5ba4                M_ClearRandom
                0x00000000a00c5b34                P_Random
 .text          0x00000000a00c5bc4      0xaac Debug\m_misc.o
                0x00000000a00c5e20                M_ExtractFileBase
                0x00000000a00c5ce8                M_StringStartsWith
                0x00000000a00c626c                M_FileExists
                0x00000000a00c629c                M_MakeDirectory
                0x00000000a00c663c                M_TempFile
                0x00000000a00c5d54                M_StringCopy
                0x00000000a00c649c                M_StringConcat
                0x00000000a00c6120                M_ReadFile
                0x00000000a00c6080                M_StrToInt
                0x00000000a00c5bc4                M_FileLength
                0x00000000a00c5c10                M_vsnprintf
                0x00000000a00c5dac                M_StrCaseStr
                0x00000000a00c6198                M_WriteFile
                0x00000000a00c5c74                M_StringEndsWith
                0x00000000a00c6304                M_snprintf
                0x00000000a00c6514                M_StringJoin
                0x00000000a00c5bcc                M_ForceUppercase
                0x00000000a00c6370                M_StringReplace
 .text          0x00000000a00c6670     0x3554 Debug\m_menu.o
                0x00000000a00c6b0c                M_DrawSelCell
                0x00000000a00c67d4                M_ClearMenus
                0x00000000a00c6768                M_StartMessage
                0x00000000a00c7ca4                M_ReadThis2
                0x00000000a00c6fa8                M_EndGame
                0x00000000a00c691c                M_StringHeight
                0x00000000a00c94b4                M_Drawer
                0x00000000a00c768c                M_DoSave
                0x00000000a00c6990                M_StringWidth
                0x00000000a00c6728                M_ChangeSensitivity
                0x00000000a00c7268                M_QuickLoad
                0x00000000a00c6824                M_Init
                0x00000000a00c7490                M_SfxVol
                0x00000000a00c797c                M_LoadGame
                0x00000000a00c7aa0                M_Episode
                0x00000000a00c98bc                M_DrawSave
                0x00000000a00c67f0                M_Ticker
                0x00000000a00c750c                M_DrawReadThis1
                0x00000000a00c67a0                M_StartControlPanel
                0x00000000a00c6ef8                M_DrawSaveLoadBorder
                0x00000000a00c7d0c                M_QuickSaveResponse
                0x00000000a00c76d8                M_LoadSelect
                0x00000000a00c6b60                M_DrawEmptyCell
                0x00000000a00c6a30                M_WriteText
                0x00000000a00c77e8                M_QuickSave
                0x00000000a00c6e40                M_DrawSound
                0x00000000a00c7054                M_SizeDisplay
                0x00000000a00c7be8                M_NewGame
                0x00000000a00c6da0                M_DrawEpisode
                0x00000000a00c6710                M_FinishReadThis
                0x00000000a00c7d80                M_QuickLoadResponse
                0x00000000a00c7de0                M_Responder
                0x00000000a00c7710                M_ReadSaveStrings
                0x00000000a00c6670                M_ChangeMessages
                0x00000000a00c6bb4                M_DrawThermo
                0x00000000a00c6ec8                M_DrawReadThis2
                0x00000000a00c7a24                M_VerifyNightmare
                0x00000000a00c79f4                M_ReadThis
                0x00000000a00c678c                M_StopMessage
                0x00000000a00c67e0                M_SetupNextMenu
                0x00000000a00c7b78                M_ChooseSkill
                0x00000000a00c7a0c                M_Options
                0x00000000a00c70f8                M_ChangeDetail
                0x00000000a00c7368                M_QuitResponse
                0x00000000a00c6dcc                M_DrawNewGame
                0x00000000a00c9348                M_DrawLoad
                0x00000000a00c7414                M_MusicVol
                0x00000000a00c7a70                M_EndGameResponse
                0x00000000a00c79dc                M_Sound
                0x00000000a00c71b0                M_QuitDOOM
                0x00000000a00c761c                M_SaveSelect
                0x00000000a00c7908                M_SaveGame
                0x00000000a00c6e14                M_DrawMainMenu
                0x00000000a00c6c88                M_DrawOptions
 .text          0x00000000a00c9bc4       0x8c Debug\m_fixed.o
                0x00000000a00c9bc4                FixedMul
                0x00000000a00c9bdc                FixedDiv
 .text          0x00000000a00c9c50      0xa10 Debug\m_controls.o
                0x00000000a00c9f58                M_BindWeaponControls
                0x00000000a00c9c54                M_BindMenuControls
                0x00000000a00c9c50                M_ApplyPlatformDefaults
                0x00000000a00c9e58                M_BindMapControls
                0x00000000a00ca3ac                M_BindBaseControls
                0x00000000a00ca1fc                M_BindHexenControls
                0x00000000a00ca2e8                M_BindHereticControls
                0x00000000a00ca080                M_BindStrifeControls
                0x00000000a00ca5d8                M_BindChatControls
 .text          0x00000000a00ca660      0x850 Debug\m_config.o
                0x00000000a00ca66c                M_SaveDefaults
                0x00000000a00ca6e8                M_SetConfigDir
                0x00000000a00caca4                M_GetStrVariable
                0x00000000a00ca660                M_SetConfigFilenames
                0x00000000a00ca74c                M_LoadDefaults
                0x00000000a00ca888                M_SetVariable
                0x00000000a00cab98                M_GetFloatVariable
                0x00000000a00ca884                M_SaveDefaultsAlternate
                0x00000000a00cada4                M_GetIntVariable
                0x00000000a00ca670                M_GetSaveGameDir
                0x00000000a00caaac                M_BindVariable
 .text          0x00000000a00caeb0      0x100 Debug\m_cheat.o
                0x00000000a00caed4                cht_CheckCheat
                0x00000000a00caeb0                cht_GetParam
 .text          0x00000000a00cafb0       0x64 Debug\m_bbox.o
                0x00000000a00cafb0                M_ClearBox
                0x00000000a00cafd0                M_AddToBox
 .text          0x00000000a00cb014      0x198 Debug\m_argv.o
                0x00000000a00cb04c                M_CheckParmWithArgs
                0x00000000a00cb014                M_FindResponseFile
                0x00000000a00cb018                M_GetExecutableName
                0x00000000a00cb134                M_ParmExists
                0x00000000a00cb0c4                M_CheckParm
 .text          0x00000000a00cb1ac      0x2a4 Debug\libgloss.o
                0x00000000a00cb254                _getpid
                0x00000000a00cb22c                _lseek_r
                0x00000000a00cb270                _kill_r
                0x00000000a00cb234                _fstat_r
                0x00000000a00cb244                isatty
                0x00000000a00cb258                _getpid_r
                0x00000000a00cb284                _sbrk_r
                0x00000000a00cb36c                _read_r
                0x00000000a00cb1ac                _putc_r
                0x00000000a00cb200                _open_r
                0x00000000a00cb208                _close_r
                0x00000000a00cb2ec                _write_r
                0x00000000a00cb25c                _kill
                0x00000000a00cb210                _exit
 .text          0x00000000a00cb450        0x0 Debug\info.o
 .text          0x00000000a00cb450      0x58c Debug\i_video.o
                0x00000000a00cb508                cmap_to_rgb565bkp
                0x00000000a00cb76c                I_ShutdownGraphics
                0x00000000a00cb678                I_EnableLoadingDisk
                0x00000000a00cb768                I_StartTic
                0x00000000a00cb680                I_DisplayFPSDots
                0x00000000a00cb674                I_SetGrabMouseCallback
                0x00000000a00cb684                I_CheckIsScreensaver
                0x00000000a00cb5d4                I_UpdateNoBlit
                0x00000000a00cb5d8                I_SetPalette
                0x00000000a00cb670                I_GraphicsCheckCommandLine
                0x00000000a00cb740                I_ReadScreen
                0x00000000a00cb904                I_FinishUpdate
                0x00000000a00cb5d0                I_StartFrame
                0x00000000a00cb77c                I_InitGraphics
                0x00000000a00cb450                cmap_to_rgb565
                0x00000000a00cb66c                I_EndRead
                0x00000000a00cb67c                I_BindVideoVariables
                0x00000000a00cb668                I_BeginRead
                0x00000000a00cb68c                I_GetPaletteIndex
                0x00000000a00cb688                I_SetWindowTitle
 .text          0x00000000a00cb9dc       0x98 Debug\i_timer.o
                0x00000000a00cb9dc                I_WaitVBL
                0x00000000a00cb9e4                I_Sleep
                0x00000000a00cb9e8                I_GetTicks
                0x00000000a00cb9ec                I_GetTime
                0x00000000a00cb9e0                I_InitTimer
                0x00000000a00cba44                I_GetTimeMS
 .text          0x00000000a00cba74      0x8a8 Debug\i_system.o
                0x00000000a00cba74                I_Tactile
                0x00000000a00cbdac                I_AtExit
                0x00000000a00cba78                I_ConsoleStdout
                0x00000000a00cc24c                I_ZoneBase
                0x00000000a00cc034                I_PrintStartupBanner
                0x00000000a00cbde4                I_PrintDivider
                0x00000000a00cc068                I_Error
                0x00000000a00cba7c                I_Quit
                0x00000000a00cbf58                I_PrintBanner
                0x00000000a00cbab0                I_GetMemoryValue
 .text          0x00000000a00cc31c      0x298 Debug\i_sound.o
                0x00000000a00cc4ec                I_InitSound
                0x00000000a00cc3ec                I_InitMusic
                0x00000000a00cc40c                I_StopSong
                0x00000000a00cc3a4                I_StopSound
                0x00000000a00cc3b8                I_SoundIsPlaying
                0x00000000a00cc400                I_RegisterSong
                0x00000000a00cc348                I_UpdateSound
                0x00000000a00cc414                I_BindSoundVariables
                0x00000000a00cc35c                I_StartSound
                0x00000000a00cc3d0                I_PrecacheSounds
                0x00000000a00cc410                I_MusicIsPlaying
                0x00000000a00cc404                I_UnRegisterSong
                0x00000000a00cc570                I_UpdateSoundParams
                0x00000000a00cc330                I_GetSfxLumpNum
                0x00000000a00cc3f8                I_PauseSong
                0x00000000a00cc31c                I_ShutdownSound
                0x00000000a00cc3fc                I_ResumeSong
                0x00000000a00cc3f0                I_ShutdownMusic
                0x00000000a00cc408                I_PlaySong
                0x00000000a00cc3f4                I_SetMusicVolume
 .text          0x00000000a00cc5b4     0x2344 Debug\i_scale.o
                0x00000000a00cc5b4                I_InitScale
                0x00000000a00cd510                I_ResetScaleTables
 .text          0x00000000a00ce8f8      0x218 Debug\i_joystick.o
                0x00000000a00ce904                I_BindJoystickVariables
                0x00000000a00ce8fc                I_InitJoystick
                0x00000000a00ce900                I_UpdateJoystick
                0x00000000a00ce8f8                I_ShutdownJoystick
 .text          0x00000000a00ceb10       0xd8 Debug\i_input.o
                0x00000000a00ceb14                I_GetEvent
                0x00000000a00ceb10                I_InitInput
 .text          0x00000000a00cebe8        0x4 Debug\i_endoom.o
                0x00000000a00cebe8                I_Endoom
 .text          0x00000000a00cebec     0x1080 Debug\hu_stuff.o
                0x00000000a00cf2e0                HU_Responder
                0x00000000a00cf250                HU_Init
                0x00000000a00cebf8                HU_queueChatChar
                0x00000000a00cf1d0                HU_Erase
                0x00000000a00cec3c                HU_dequeueChatChar
                0x00000000a00cf954                HU_Start
                0x00000000a00cec70                HU_Ticker
                0x00000000a00cf204                HU_Drawer
                0x00000000a00cebec                HU_Stop
 .text          0x00000000a00cfc6c      0xd68 Debug\hu_lib.o
                0x00000000a00cfc6c                HUlib_init
                0x00000000a00cfcac                HUlib_addCharToTextLine
                0x00000000a00d01c8                HUlib_keyInIText
                0x00000000a00d0188                HUlib_eraseLineFromIText
                0x00000000a00d071c                HUlib_drawIText
                0x00000000a00d0048                HUlib_addPrefixToIText
                0x00000000a00cfdc8                HUlib_eraseTextLine
                0x00000000a00cfc70                HUlib_clearTextLine
                0x00000000a00d0170                HUlib_resetIText
                0x00000000a00cfd1c                HUlib_addLineToSText
                0x00000000a00d0138                HUlib_initIText
                0x00000000a00cfcec                HUlib_delCharFromTextLine
                0x00000000a00d00a8                HUlib_initSText
                0x00000000a00cfef8                HUlib_drawTextLine
                0x00000000a00d0878                HUlib_drawSText
                0x00000000a00d0404                HUlib_eraseIText
                0x00000000a00cfd94                HUlib_delCharFromIText
                0x00000000a00cfc84                HUlib_initTextLine
                0x00000000a00d0288                HUlib_addMessageToSText
                0x00000000a00d0570                HUlib_eraseSText
 .text          0x00000000a00d09d4      0x3bc Debug\gusconf.o
                0x00000000a00d09d4                GUS_WriteConfig
 .text          0x00000000a00d0d90     0x46a8 Debug\g_game.o
                0x00000000a00d1780                G_DeathMatchSpawnPlayer
                0x00000000a00d1178                G_SaveGame
                0x00000000a00d11d8                G_DoSaveGame
                0x00000000a00d2530                G_InitNew
                0x00000000a00d10c4                G_RecordDemo
                0x00000000a00d0fd4                G_ReadDemoTiccmd
                0x00000000a00d1b08                G_PlayerFinishLevel
                0x00000000a00d144c                G_CheckSpot
                0x00000000a00d0e48                G_CheckDemoStatus
                0x00000000a00d11a8                G_LoadGame
                0x00000000a00d4b18                G_Ticker
                0x00000000a00d0d90                G_CmdChecksum
                0x00000000a00d0dec                G_VanillaVersionCode
                0x00000000a00d3fa4                G_BeginRecording
                0x00000000a00d2a44                G_DoNewGame
                0x00000000a00d1a04                G_PlayerReborn
                0x00000000a00d2bf0                G_DoWorldDone
                0x00000000a00d0db4                G_ExitLevel
                0x00000000a00d0ddc                G_DeferedPlayDemo
                0x00000000a00d18a4                G_DoReborn
                0x00000000a00d4940                G_WriteDemoTiccmd
                0x00000000a00d0da8                G_ScreenShot
                0x00000000a00d2c30                G_BuildTiccmd
                0x00000000a00d4138                G_DoCompleted
                0x00000000a00d483c                G_InitPlayer
                0x00000000a00d1080                G_TimeDemo
                0x00000000a00d13f4                G_SecretExitLevel
                0x00000000a00d2170                G_DoLoadLevel
                0x00000000a00d1b80                G_Responder
                0x00000000a00d1368                G_WorldDone
                0x00000000a00d3c24                G_DoPlayDemo
                0x00000000a00d2ac0                G_DoLoadGame
                0x00000000a00d0dc4                G_DeferedInitNew
 .text          0x00000000a00d5438      0x6d0 Debug\f_wipe.o
                0x00000000a00d5778                wipe_EndScreen
                0x00000000a00d57fc                wipe_initColorXForm
                0x00000000a00d54cc                wipe_exitColorXForm
                0x00000000a00d57d0                wipe_exitMelt
                0x00000000a00d5438                wipe_doColorXForm
                0x00000000a00d58d4                wipe_initMelt
                0x00000000a00d574c                wipe_StartScreen
                0x00000000a00d5824                wipe_shittyColMajorXform
                0x00000000a00d54d0                wipe_doMelt
                0x00000000a00d565c                wipe_ScreenWipe
 .text          0x00000000a00d5b08     0x1780 Debug\f_finale.o
                0x00000000a00d6658                F_StartFinale
                0x00000000a00d5d54                F_CastResponder
                0x00000000a00d6ec4                F_Responder
                0x00000000a00d65bc                F_StartCast
                0x00000000a00d6b44                F_TextWrite
                0x00000000a00d71b8                F_Drawer
                0x00000000a00d6ce4                F_Ticker
                0x00000000a00d5bc8                F_CastPrint
                0x00000000a00d6f94                F_CastDrawer
                0x00000000a00d5e10                F_CastTicker
                0x00000000a00d62e0                F_BunnyScroll
                0x00000000a00d5b08                F_DrawPatchCol
 .text          0x00000000a00d7288        0x4 Debug\dummy.o
                0x00000000a00d7288                I_InitTimidityConfig
 .text          0x00000000a00d728c        0x0 Debug\dstrings.o
 .text          0x00000000a00d728c        0x0 Debug\doomstat.o
 .text          0x00000000a00d728c      0x3a8 Debug\doomgeneric_hyperscan.o
                0x00000000a00d756c                DG_Init
                0x00000000a00d7290                DG_GetTicksMs
                0x00000000a00d728c                DG_SleepMs
                0x00000000a00d72bc                DG_GetKey
                0x00000000a00d7628                _unlink_r
                0x00000000a00d7304                DG_SetWindowTitle
                0x00000000a00d73ec                DG_DrawFrame
                0x00000000a00d7308                patch_interrupt
                0x00000000a00d7390                main
                0x00000000a00d761c                _link_r
 .text          0x00000000a00d7634       0x4c Debug\doomgeneric.o
                0x00000000a00d7634                doomgeneric_Create
 .text          0x00000000a00d7680        0x0 Debug\doomdef.o
 .text          0x00000000a00d7680      0x7e4 Debug\d_net.o
                0x00000000a00d7d38                D_ConnectNetGame
                0x00000000a00d7680                D_CheckNetGame
 .text          0x00000000a00d7e64      0xc44 Debug\d_mode.o
                0x00000000a00d845c                D_ValidGameVersion
                0x00000000a00d86e0                D_GameMissionString
                0x00000000a00d7e64                D_ValidGameMode
                0x00000000a00d86b8                D_IsEpisodeMap
                0x00000000a00d8774                D_GetNumEpisodes
                0x00000000a00d8144                D_ValidEpisodeMap
 .text          0x00000000a00d8aa8     0x226c Debug\d_main.o
                0x00000000a00d8c50                D_SetGameDescription
                0x00000000a00d95f0                D_PageTicker
                0x00000000a00d8e24                D_IdentifyVersion
                0x00000000a00d9610                D_Display
                0x00000000a00d9b8c                D_DoomLoop
                0x00000000a00d8b30                D_AdvanceDemo
                0x00000000a00d9094                D_DoAdvanceDemo
                0x00000000a00d9304                D_PageDrawer
                0x00000000a00d8b3c                D_StartTitle
                0x00000000a00d8b60                PrintGameVersion
                0x00000000a00d9b28                doomgeneric_Tick
                0x00000000a00d95ac                D_ProcessEvents
                0x00000000a00d8c48                PrintDehackedBanners
                0x00000000a00d8aa8                D_GrabMouseCallback
                0x00000000a00d9ccc                D_DoomMain
                0x00000000a00d932c                D_BindVariables
 .text          0x00000000a00dad14     0x1058 Debug\d_loop.o
                0x00000000a00dafd4                D_ReceiveTic
                0x00000000a00dad14                D_StartNetGame
                0x00000000a00daea8                D_InitNetGame
                0x00000000a00dad40                D_QuitNetGame
                0x00000000a00db354                D_StartGameLoop
                0x00000000a00dad44                D_RegisterLoopCallbacks
                0x00000000a00daedc                NetUpdate
                0x00000000a00db3d4                TryRunTics
 .text          0x00000000a00dbd6c     0x10b0 Debug\d_iwad.o
                0x00000000a00dc1c8                D_SuggestGameName
                0x00000000a00dc6b4                D_FindAllIWADs
                0x00000000a00dbd6c                D_SaveGameIWADName
                0x00000000a00dcdf4                D_TryFindWADByName
                0x00000000a00dc554                D_FindWADByName
                0x00000000a00dbf0c                D_SuggestIWADName
                0x00000000a00dc76c                D_FindIWAD
 .text          0x00000000a00dce1c        0x0 Debug\d_items.o
 .text          0x00000000a00dce1c       0x9c Debug\d_event.o
                0x00000000a00dce70                D_PopEvent
                0x00000000a00dce1c                D_PostEvent
 .text          0x00000000a00dceb8     0x3258 Debug\am_map.o
                0x00000000a00dda00                AM_clearFB
                0x00000000a00de77c                AM_maxOutWindowScale
                0x00000000a00de848                AM_minOutWindowScale
                0x00000000a00ddf38                AM_unloadPics
                0x00000000a00dd1bc                AM_clipMline
                0x00000000a00deaa8                AM_drawLineCharacter
                0x00000000a00ddc14                AM_restoreScaleAndLoc
                0x00000000a00de914                AM_drawGrid
                0x00000000a00de1e0                AM_Stop
                0x00000000a00ddccc                AM_getIslope
                0x00000000a00dd0ec                AM_drawCrosshair
                0x00000000a00dda2c                AM_findMinMaxBoundaries
                0x00000000a00ddd78                AM_initVariables
                0x00000000a00dcf68                AM_changeWindowLoc
                0x00000000a00dceb8                AM_saveScaleAndLoc
                0x00000000a00df124                AM_drawWalls
                0x00000000a00dff5c                AM_changeWindowScale
                0x00000000a00dd7f8                AM_drawFline
                0x00000000a00dd718                AM_drawMarks
                0x00000000a00dd590                AM_doFollowPlayer
                0x00000000a00dedc0                AM_drawPlayers
                0x00000000a00df364                AM_Drawer
                0x00000000a00dd660                AM_activateNewScale
                0x00000000a00dcedc                AM_addMark
                0x00000000a00df6dc                AM_Responder
                0x00000000a00dd078                AM_updateLightLev
                0x00000000a00dd9bc                AM_drawMline
                0x00000000a00dd118                AM_rotate
                0x00000000a00e0084                AM_Ticker
                0x00000000a00de070                AM_loadPics
                0x00000000a00dd038                AM_clearMarks
                0x00000000a00ded00                AM_drawThings
                0x00000000a00ddb64                AM_LevelInit
                0x00000000a00de340                AM_Start
 .text          0x00000000a00e0110       0x78 Debug\uart.o
                0x00000000a00e0114                uart_sendchar
                0x00000000a00e0144                uart_getchar
                0x00000000a00e0110                uart_init
 .text          0x00000000a00e0188      0x834 Debug\tv.o
                0x00000000a00e03a0                tv_printcolor
                0x00000000a00e01b4                tv_buffer_set
                0x00000000a00e0474                tv_fadeout
                0x00000000a00e01e8                tv_hue
                0x00000000a00e01d8                tv_saturation
                0x00000000a00e01cc                tv_buffer_sel
                0x00000000a00e04cc                tv_init
                0x00000000a00e01f8                tv_fade
                0x00000000a00e0208                tv_print
                0x00000000a00e04a0                tv_fadein
                0x00000000a00e0580                tv_printhex
                0x00000000a00e0188                tv_clearscreen
 .text          0x00000000a00e09bc      0x328 Debug\norflash.o
                0x00000000a00e0a60                norflash_sectorerase
                0x00000000a00e0b78                norflash_chiperase
                0x00000000a00e0a5c                norflash_delay
                0x00000000a00e0bbc                norflash_write32
                0x00000000a00e0aec                norflash_blockerase
                0x00000000a00e09e4                norflash_wordwrite
                0x00000000a00e0a24                norflash_setaddress
                0x00000000a00e09bc                norflash_init
 .text          0x00000000a00e0ce4        0x0 Debug\mp3drv.o
 .text          0x00000000a00e0ce4       0xd8 Debug\user_irq.o
                0x00000000a00e0da8                IRQ28
                0x00000000a00e0d04                IRQ55
                0x00000000a00e0cf8                IRQ58
                0x00000000a00e0d78                IRQ40
                0x00000000a00e0d88                IRQ36
                0x00000000a00e0d9c                IRQ31
                0x00000000a00e0ce8                IRQ62
                0x00000000a00e0cec                IRQ61
                0x00000000a00e0d84                IRQ37
                0x00000000a00e0d80                IRQ38
                0x00000000a00e0da0                IRQ30
                0x00000000a00e0da4                IRQ29
                0x00000000a00e0d08                IRQ54
                0x00000000a00e0d70                IRQ42
                0x00000000a00e0cfc                IRQ57
                0x00000000a00e0d00                IRQ56
                0x00000000a00e0d74                IRQ41
                0x00000000a00e0d5c                IRQ47
                0x00000000a00e0d94                IRQ33
                0x00000000a00e0cf4                IRQ59
                0x00000000a00e0db8                IRQ24
                0x00000000a00e0d7c                IRQ39
                0x00000000a00e0d68                IRQ44
                0x00000000a00e0dac                IRQ27
                0x00000000a00e0d4c                IRQ51
                0x00000000a00e0d90                IRQ34
                0x00000000a00e0d50                IRQ50
                0x00000000a00e0cf0                IRQ60
                0x00000000a00e0db4                IRQ25
                0x00000000a00e0d0c                IRQ53
                0x00000000a00e0d54                IRQ49
                0x00000000a00e0d60                IRQ46
                0x00000000a00e0d64                IRQ45
                0x00000000a00e0db0                IRQ26
                0x00000000a00e0d2c                IRQ52
                0x00000000a00e0d98                IRQ32
                0x00000000a00e0d6c                IRQ43
                0x00000000a00e0d58                IRQ48
                0x00000000a00e0ce4                IRQ63
                0x00000000a00e0d8c                IRQ35
 .text          0x00000000a00e0dbc        0x0 Debug\sys_isr.o
 .text          0x00000000a00e0dbc       0xd0 Debug\sys_irq.o
                0x00000000a00e0dc0                irq_dispatch
                0x00000000a00e0dbc                intmsg
 .text          0x00000000a00e0e8c       0xe4 Debug\i2c.o
                0x00000000a00e0f1c                i2c_write8
                0x00000000a00e0ec8                i2c_read8
                0x00000000a00e0e8c                i2c_init
 .text          0x00000000a00e0f70      0x18c Debug\hs_controller.o
                0x00000000a00e1020                hs_controller_init
                0x00000000a00e0f70                hs_controller_read
 .text          0x00000000a00e10fc     0x5838 Debug\ff.o
                0x00000000a00e1c7c                f_gets
                0x00000000a00e3764                f_printf
                0x00000000a00e658c                f_rename
                0x00000000a00e58a4                f_truncate
                0x00000000a00e10fc                f_closedir
                0x00000000a00e6120                f_unlink
                0x00000000a00e36a4                f_putc
                0x00000000a00e3efc                f_puts
                0x00000000a00e14e0                f_close
                0x00000000a00e1960                f_read
                0x00000000a00e4cc0                f_readdir
                0x00000000a00e12f0                f_sync
                0x00000000a00e2930                f_mount
                0x00000000a00e4af4                f_opendir
                0x00000000a00e2fb8                f_lseek
                0x00000000a00e47e4                f_stat
                0x00000000a00e322c                f_write
                0x00000000a00e5b68                f_open
                0x00000000a00e54fc                f_mkdir
                0x00000000a00e26a4                f_getfree
 .text          0x00000000a00e6934      0x25c Debug\diskio.o
                0x00000000a00e6a70                USB_disk_initialize
                0x00000000a00e6988                DiskB_ReadSector
                0x00000000a00e6b00                disk_initialize
                0x00000000a00e69f0                disk_status
                0x00000000a00e69f4                disk_ioctl
                0x00000000a00e6934                DiskB_Initial
                0x00000000a00e69bc                DiskB_WriteSector
                0x00000000a00e69f8                disk_write
                0x00000000a00e6a34                disk_read
 .text          0x00000000a00e6b90       0x14 c:/sunplus/s_core~1.1/gnu/bin/../lib/gcc/score-elf/4.2.1/../../../../score-elf/lib/mel\libc.a(abort.o)
                0x00000000a00e6b90                abort
 .text          0x00000000a00e6ba4       0x14 c:/sunplus/s_core~1.1/gnu/bin/../lib/gcc/score-elf/4.2.1/../../../../score-elf/lib/mel\libc.a(atof.o)
                0x00000000a00e6ba4                atof
 .text          0x00000000a00e6bb8       0x30 c:/sunplus/s_core~1.1/gnu/bin/../lib/gcc/score-elf/4.2.1/../../../../score-elf/lib/mel\libc.a(atoi.o)
                0x00000000a00e6bb8                _atoi_r
                0x00000000a00e6bd0                atoi
 .text          0x00000000a00e6be8       0x28 c:/sunplus/s_core~1.1/gnu/bin/../lib/gcc/score-elf/4.2.1/../../../../score-elf/lib/mel\libc.a(calloc.o)
                0x00000000a00e6be8                calloc
 .text          0x00000000a00e6c10       0xb4 c:/sunplus/s_core~1.1/gnu/bin/../lib/gcc/score-elf/4.2.1/../../../../score-elf/lib/mel\libc.a(callocr.o)
                0x00000000a00e6c10                _calloc_r
 .text          0x00000000a00e6cc4        0x0 c:/sunplus/s_core~1.1/gnu/bin/../lib/gcc/score-elf/4.2.1/../../../../score-elf/lib/mel\libc.a(ctype_.o)
 .text          0x00000000a00e6cc4       0xd4 c:/sunplus/s_core~1.1/gnu/bin/../lib/gcc/score-elf/4.2.1/../../../../score-elf/lib/mel\libc.a(exit.o)
                0x00000000a00e6cc4                exit
 .text          0x00000000a00e6d98      0x13c c:/sunplus/s_core~1.1/gnu/bin/../lib/gcc/score-elf/4.2.1/../../../../score-elf/lib/mel\libc.a(fclose.o)
                0x00000000a00e6d98                fclose
 .text          0x00000000a00e6ed4       0xf8 c:/sunplus/s_core~1.1/gnu/bin/../lib/gcc/score-elf/4.2.1/../../../../score-elf/lib/mel\libc.a(fflush.o)
                0x00000000a00e6ed4                fflush
 .text          0x00000000a00e6fcc      0x24c c:/sunplus/s_core~1.1/gnu/bin/../lib/gcc/score-elf/4.2.1/../../../../score-elf/lib/mel\libc.a(findfp.o)
                0x00000000a00e7028                __sinit
                0x00000000a00e70c4                __sfmoreglue
                0x00000000a00e70b4                _cleanup
                0x00000000a00e7098                _cleanup_r
                0x00000000a00e7128                __sfp
 .text          0x00000000a00e7218       0xec c:/sunplus/s_core~1.1/gnu/bin/../lib/gcc/score-elf/4.2.1/../../../../score-elf/lib/mel\libc.a(fopen.o)
                0x00000000a00e72dc                fopen
                0x00000000a00e7218                _fopen_r
 .text          0x00000000a00e7304       0x1c c:/sunplus/s_core~1.1/gnu/bin/../lib/gcc/score-elf/4.2.1/../../../../score-elf/lib/mel\libc.a(fprintf.o)
                0x00000000a00e7304                fprintf
 .text          0x00000000a00e7320       0x58 c:/sunplus/s_core~1.1/gnu/bin/../lib/gcc/score-elf/4.2.1/../../../../score-elf/lib/mel\libc.a(fputc.o)
                0x00000000a00e7320                fputc
 .text          0x00000000a00e7378       0xdc c:/sunplus/s_core~1.1/gnu/bin/../lib/gcc/score-elf/4.2.1/../../../../score-elf/lib/mel\libc.a(fread.o)
                0x00000000a00e7378                fread
 .text          0x00000000a00e7454      0x42c c:/sunplus/s_core~1.1/gnu/bin/../lib/gcc/score-elf/4.2.1/../../../../score-elf/lib/mel\libc.a(freer.o)
                0x00000000a00e7570                _free_r
                0x00000000a00e7454                _malloc_trim_r
 .text          0x00000000a00e7880      0x4b8 c:/sunplus/s_core~1.1/gnu/bin/../lib/gcc/score-elf/4.2.1/../../../../score-elf/lib/mel\libc.a(fseek.o)
                0x00000000a00e7d10                fseek
                0x00000000a00e7880                _fseek_r
 .text          0x00000000a00e7d38      0x108 c:/sunplus/s_core~1.1/gnu/bin/../lib/gcc/score-elf/4.2.1/../../../../score-elf/lib/mel\libc.a(ftell.o)
                0x00000000a00e7e20                ftell
                0x00000000a00e7d38                _ftell_r
 .text          0x00000000a00e7e40      0x110 c:/sunplus/s_core~1.1/gnu/bin/../lib/gcc/score-elf/4.2.1/../../../../score-elf/lib/mel\libc.a(fwalk.o)
                0x00000000a00e7e40                _fwalk
 .text          0x00000000a00e7f50       0x6c c:/sunplus/s_core~1.1/gnu/bin/../lib/gcc/score-elf/4.2.1/../../../../score-elf/lib/mel\libc.a(fwrite.o)
                0x00000000a00e7f50                fwrite
 .text          0x00000000a00e7fbc        0x0 c:/sunplus/s_core~1.1/gnu/bin/../lib/gcc/score-elf/4.2.1/../../../../score-elf/lib/mel\libc.a(impure.o)
 .text          0x00000000a00e7fbc      0x17c c:/sunplus/s_core~1.1/gnu/bin/../lib/gcc/score-elf/4.2.1/../../../../score-elf/lib/mel\libc.a(makebuf.o)
                0x00000000a00e7fbc                __smakebuf
 .text          0x00000000a00e8138       0x40 c:/sunplus/s_core~1.1/gnu/bin/../lib/gcc/score-elf/4.2.1/../../../../score-elf/lib/mel\libc.a(malloc.o)
                0x00000000a00e8158                malloc
                0x00000000a00e8138                free
 .text          0x00000000a00e8178      0x8ac c:/sunplus/s_core~1.1/gnu/bin/../lib/gcc/score-elf/4.2.1/../../../../score-elf/lib/mel\libc.a(mallocr.o)
                0x00000000a00e8178                _malloc_r
 .text          0x00000000a00e8a24       0x90 c:/sunplus/s_core~1.1/gnu/bin/../lib/gcc/score-elf/4.2.1/../../../../score-elf/lib/mel\libc.a(memcmp.o)
                0x00000000a00e8a24                memcmp
 .text          0x00000000a00e8ab4       0xb0 c:/sunplus/s_core~1.1/gnu/bin/../lib/gcc/score-elf/4.2.1/../../../../score-elf/lib/mel\libc.a(memcpy.o)
                0x00000000a00e8ab4                memcpy
 .text          0x00000000a00e8b64       0xb4 c:/sunplus/s_core~1.1/gnu/bin/../lib/gcc/score-elf/4.2.1/../../../../score-elf/lib/mel\libc.a(memset.o)
                0x00000000a00e8b64                memset
 .text          0x00000000a00e8c18        0x8 c:/sunplus/s_core~1.1/gnu/bin/../lib/gcc/score-elf/4.2.1/../../../../score-elf/lib/mel\libc.a(mlock.o)
                0x00000000a00e8c1c                __malloc_unlock
                0x00000000a00e8c18                __malloc_lock
 .text          0x00000000a00e8c20       0x4c c:/sunplus/s_core~1.1/gnu/bin/../lib/gcc/score-elf/4.2.1/../../../../score-elf/lib/mel\libc.a(printf.o)
                0x00000000a00e8c20                printf
                0x00000000a00e8c4c                _printf_r
 .text          0x00000000a00e8c6c       0x88 c:/sunplus/s_core~1.1/gnu/bin/../lib/gcc/score-elf/4.2.1/../../../../score-elf/lib/mel\libc.a(putchar.o)
                0x00000000a00e8cd4                putchar
                0x00000000a00e8c6c                _putchar_r
 .text          0x00000000a00e8cf4       0x94 c:/sunplus/s_core~1.1/gnu/bin/../lib/gcc/score-elf/4.2.1/../../../../score-elf/lib/mel\libc.a(puts.o)
                0x00000000a00e8cf4                _puts_r
                0x00000000a00e8d68                puts
 .text          0x00000000a00e8d88       0x28 c:/sunplus/s_core~1.1/gnu/bin/../lib/gcc/score-elf/4.2.1/../../../../score-elf/lib/mel\libc.a(realloc.o)
                0x00000000a00e8d88                realloc
 .text          0x00000000a00e8db0      0x5d4 c:/sunplus/s_core~1.1/gnu/bin/../lib/gcc/score-elf/4.2.1/../../../../score-elf/lib/mel\libc.a(reallocr.o)
                0x00000000a00e8db0                _realloc_r
 .text          0x00000000a00e9384      0x1f0 c:/sunplus/s_core~1.1/gnu/bin/../lib/gcc/score-elf/4.2.1/../../../../score-elf/lib/mel\libc.a(refill.o)
                0x00000000a00e939c                __srefill
 .text          0x00000000a00e9574       0x44 c:/sunplus/s_core~1.1/gnu/bin/../lib/gcc/score-elf/4.2.1/../../../../score-elf/lib/mel\libc.a(remove.o)
                0x00000000a00e9598                remove
                0x00000000a00e9574                _remove_r
 .text          0x00000000a00e95b8       0x74 c:/sunplus/s_core~1.1/gnu/bin/../lib/gcc/score-elf/4.2.1/../../../../score-elf/lib/mel\libc.a(rename.o)
                0x00000000a00e9604                rename
                0x00000000a00e95b8                _rename_r
 .text          0x00000000a00e962c      0x2a8 c:/sunplus/s_core~1.1/gnu/bin/../lib/gcc/score-elf/4.2.1/../../../../score-elf/lib/mel\libc.a(signal.o)
                0x00000000a00e9834                _signal_r
                0x00000000a00e9758                _raise_r
                0x00000000a00e96a8                __sigtramp_r
                0x00000000a00e98ac                signal
                0x00000000a00e9698                _init_signal
                0x00000000a00e962c                _init_signal_r
                0x00000000a00e9738                __sigtramp
                0x00000000a00e9814                raise
 .text          0x00000000a00e98d4       0xf8 c:/sunplus/s_core~1.1/gnu/bin/../lib/gcc/score-elf/4.2.1/../../../../score-elf/lib/mel\libc.a(snprintf.o)
                0x00000000a00e98d4                snprintf
                0x00000000a00e9958                _snprintf_r
 .text          0x00000000a00e99cc       0xd4 c:/sunplus/s_core~1.1/gnu/bin/../lib/gcc/score-elf/4.2.1/../../../../score-elf/lib/mel\libc.a(sscanf.o)
                0x00000000a00e9a38                sscanf
                0x00000000a00e99d0                _sscanf_r
 .text          0x00000000a00e9aa0      0x170 c:/sunplus/s_core~1.1/gnu/bin/../lib/gcc/score-elf/4.2.1/../../../../score-elf/lib/mel\libc.a(stdio.o)
                0x00000000a00e9ac8                __sseek
                0x00000000a00e9ba8                __sread
                0x00000000a00e9aa0                __sclose
                0x00000000a00e9b34                __swrite
 .text          0x00000000a00e9c10       0xc0 c:/sunplus/s_core~1.1/gnu/bin/../lib/gcc/score-elf/4.2.1/../../../../score-elf/lib/mel\libc.a(strcasecmp.o)
                0x00000000a00e9c10                strcasecmp
 .text          0x00000000a00e9cd0       0xfc c:/sunplus/s_core~1.1/gnu/bin/../lib/gcc/score-elf/4.2.1/../../../../score-elf/lib/mel\libc.a(strchr.o)
                0x00000000a00e9cd0                strchr
 .text          0x00000000a00e9dcc       0xc4 c:/sunplus/s_core~1.1/gnu/bin/../lib/gcc/score-elf/4.2.1/../../../../score-elf/lib/mel\libc.a(strcmp.o)
                0x00000000a00e9dcc                strcmp
 .text          0x00000000a00e9e90       0x20 c:/sunplus/s_core~1.1/gnu/bin/../lib/gcc/score-elf/4.2.1/../../../../score-elf/lib/mel\libc.a(strdup.o)
                0x00000000a00e9e90                strdup
 .text          0x00000000a00e9eb0       0x48 c:/sunplus/s_core~1.1/gnu/bin/../lib/gcc/score-elf/4.2.1/../../../../score-elf/lib/mel\libc.a(strdup_r.o)
                0x00000000a00e9eb0                _strdup_r
 .text          0x00000000a00e9ef8       0x60 c:/sunplus/s_core~1.1/gnu/bin/../lib/gcc/score-elf/4.2.1/../../../../score-elf/lib/mel\libc.a(strlen.o)
                0x00000000a00e9ef8                strlen
 .text          0x00000000a00e9f58       0xe4 c:/sunplus/s_core~1.1/gnu/bin/../lib/gcc/score-elf/4.2.1/../../../../score-elf/lib/mel\libc.a(strncasecmp.o)
                0x00000000a00e9f58                strncasecmp
 .text          0x00000000a00ea03c      0x120 c:/sunplus/s_core~1.1/gnu/bin/../lib/gcc/score-elf/4.2.1/../../../../score-elf/lib/mel\libc.a(strncmp.o)
                0x00000000a00ea03c                strncmp
 .text          0x00000000a00ea15c      0x10c c:/sunplus/s_core~1.1/gnu/bin/../lib/gcc/score-elf/4.2.1/../../../../score-elf/lib/mel\libc.a(strncpy.o)
                0x00000000a00ea15c                strncpy
 .text          0x00000000a00ea268       0x54 c:/sunplus/s_core~1.1/gnu/bin/../lib/gcc/score-elf/4.2.1/../../../../score-elf/lib/mel\libc.a(strrchr.o)
                0x00000000a00ea268                strrchr
 .text          0x00000000a00ea2bc       0x84 c:/sunplus/s_core~1.1/gnu/bin/../lib/gcc/score-elf/4.2.1/../../../../score-elf/lib/mel\libc.a(strstr.o)
                0x00000000a00ea2bc                strstr
 .text          0x00000000a00ea340      0xffc c:/sunplus/s_core~1.1/gnu/bin/../lib/gcc/score-elf/4.2.1/../../../../score-elf/lib/mel\libc.a(strtod.o)
                0x00000000a00ea34c                _strtod_r
                0x00000000a00ea340                getversion
                0x00000000a00eb314                strtod
                0x00000000a00eb2ec                strtof
 .text          0x00000000a00eb33c      0x208 c:/sunplus/s_core~1.1/gnu/bin/../lib/gcc/score-elf/4.2.1/../../../../score-elf/lib/mel\libc.a(strtol.o)
                0x00000000a00eb51c                strtol
                0x00000000a00eb33c                _strtol_r
 .text          0x00000000a00eb544       0x50 c:/sunplus/s_core~1.1/gnu/bin/../lib/gcc/score-elf/4.2.1/../../../../score-elf/lib/mel\libc.a(system.o)
                0x00000000a00eb574                system
                0x00000000a00eb544                _system_r
 .text          0x00000000a00eb594       0x28 c:/sunplus/s_core~1.1/gnu/bin/../lib/gcc/score-elf/4.2.1/../../../../score-elf/lib/mel\libc.a(syswrite.o)
                0x00000000a00eb594                write
 .text          0x00000000a00eb5bc     0x1bb0 c:/sunplus/s_core~1.1/gnu/bin/../lib/gcc/score-elf/4.2.1/../../../../score-elf/lib/mel\libc.a(vfprintf.o)
                0x00000000a00eb65c                _vfprintf_r
                0x00000000a00eb600                vfprintf
 .text          0x00000000a00ed16c     0x1020 c:/sunplus/s_core~1.1/gnu/bin/../lib/gcc/score-elf/4.2.1/../../../../score-elf/lib/mel\libc.a(vfscanf.o)
                0x00000000a00ee100                __svfscanf
                0x00000000a00ee0fc                _vfscanf_r
                0x00000000a00ee128                vfscanf
                0x00000000a00ed16c                __sccl
                0x00000000a00ed26c                __svfscanf_r
 .text          0x00000000a00ee18c       0xe0 c:/sunplus/s_core~1.1/gnu/bin/../lib/gcc/score-elf/4.2.1/../../../../score-elf/lib/mel\libc.a(vsnprintf.o)
                0x00000000a00ee1f8                vsnprintf
                0x00000000a00ee18c                _vsnprintf_r
 .text          0x00000000a00ee26c      0x124 c:/sunplus/s_core~1.1/gnu/bin/../lib/gcc/score-elf/4.2.1/../../../../score-elf/lib/mel\libc.a(wbuf.o)
                0x00000000a00ee26c                __swbuf
 .text          0x00000000a00ee390       0x78 c:/sunplus/s_core~1.1/gnu/bin/../lib/gcc/score-elf/4.2.1/../../../../score-elf/lib/mel\libc.a(wcrtomb.o)
                0x00000000a00ee390                _wcrtomb_r
                0x00000000a00ee3e0                wcrtomb
 .text          0x00000000a00ee408      0x174 c:/sunplus/s_core~1.1/gnu/bin/../lib/gcc/score-elf/4.2.1/../../../../score-elf/lib/mel\libc.a(wcsrtombs.o)
                0x00000000a00ee408                _wcsrtombs_r
                0x00000000a00ee550                wcsrtombs
 .text          0x00000000a00ee57c      0x4d8 c:/sunplus/s_core~1.1/gnu/bin/../lib/gcc/score-elf/4.2.1/../../../../score-elf/lib/mel\libc.a(wctomb_r.o)
                0x00000000a00ee57c                _wctomb_r
 .text          0x00000000a00eea54      0x124 c:/sunplus/s_core~1.1/gnu/bin/../lib/gcc/score-elf/4.2.1/../../../../score-elf/lib/mel\libc.a(wsetup.o)
                0x00000000a00eea54                __swsetup
 .text          0x00000000a00eeb78     0x14b0 c:/sunplus/s_core~1.1/gnu/bin/../lib/gcc/score-elf/4.2.1/../../../../score-elf/lib/mel\libc.a(dtoa.o)
                0x00000000a00eed68                _dtoa_r
 .text          0x00000000a00f0028        0xc c:/sunplus/s_core~1.1/gnu/bin/../lib/gcc/score-elf/4.2.1/../../../../score-elf/lib/mel\libc.a(errno.o)
                0x00000000a00f0028                __errno
 .text          0x00000000a00f0034       0x8c c:/sunplus/s_core~1.1/gnu/bin/../lib/gcc/score-elf/4.2.1/../../../../score-elf/lib/mel\libc.a(flags.o)
                0x00000000a00f0034                __sflags
 .text          0x00000000a00f00c0      0x390 c:/sunplus/s_core~1.1/gnu/bin/../lib/gcc/score-elf/4.2.1/../../../../score-elf/lib/mel\libc.a(fvwrite.o)
                0x00000000a00f00c0                __sfvwrite
 .text          0x00000000a00f0450       0x24 c:/sunplus/s_core~1.1/gnu/bin/../lib/gcc/score-elf/4.2.1/../../../../score-elf/lib/mel\libc.a(iswspace.o)
                0x00000000a00f0450                iswspace
 .text          0x00000000a00f0474       0xdc c:/sunplus/s_core~1.1/gnu/bin/../lib/gcc/score-elf/4.2.1/../../../../score-elf/lib/mel\libc.a(locale.o)
                0x00000000a00f049c                _setlocale_r
                0x00000000a00f0474                __locale_charset
                0x00000000a00f0480                _localeconv_r
                0x00000000a00f0528                setlocale
                0x00000000a00f048c                localeconv
 .text          0x00000000a00f0550       0x94 c:/sunplus/s_core~1.1/gnu/bin/../lib/gcc/score-elf/4.2.1/../../../../score-elf/lib/mel\libc.a(mbrtowc.o)
                0x00000000a00f05b8                mbrtowc
                0x00000000a00f0550                _mbrtowc_r
 .text          0x00000000a00f05e4       0x54 c:/sunplus/s_core~1.1/gnu/bin/../lib/gcc/score-elf/4.2.1/../../../../score-elf/lib/mel\libc.a(mbtowc_r.o)
                0x00000000a00f05e4                _mbtowc_r
 .text          0x00000000a00f0638      0x100 c:/sunplus/s_core~1.1/gnu/bin/../lib/gcc/score-elf/4.2.1/../../../../score-elf/lib/mel\libc.a(memchr.o)
                0x00000000a00f0638                memchr
 .text          0x00000000a00f0738       0xe8 c:/sunplus/s_core~1.1/gnu/bin/../lib/gcc/score-elf/4.2.1/../../../../score-elf/lib/mel\libc.a(memmove.o)
                0x00000000a00f0738                memmove
 .text          0x00000000a00f0820      0xd5c c:/sunplus/s_core~1.1/gnu/bin/../lib/gcc/score-elf/4.2.1/../../../../score-elf/lib/mel\libc.a(mprec.o)
                0x00000000a00f0bc0                _mprec_log10
                0x00000000a00f0840                _hi0bits
                0x00000000a00f0c30                _Balloc
                0x00000000a00f0ccc                _d2b
                0x00000000a00f107c                _multiply
                0x00000000a00f0b34                _ratio
                0x00000000a00f1470                _s2b
                0x00000000a00f126c                _i2b
                0x00000000a00f08b4                _lo0bits
                0x00000000a00f0968                __mcmp
                0x00000000a00f1384                _pow5mult
                0x00000000a00f09c0                _ulp
                0x00000000a00f0a1c                _b2d
                0x00000000a00f1294                _multadd
                0x00000000a00f0e08                __mdiff
                0x00000000a00f0f60                _lshift
                0x00000000a00f0820                _Bfree
 .text          0x00000000a00f157c        0x0 c:/sunplus/s_core~1.1/gnu/bin/../lib/gcc/score-elf/4.2.1/../../../../score-elf/lib/mel\libc.a(s_infconst.o)
 .text          0x00000000a00f157c       0x3c c:/sunplus/s_core~1.1/gnu/bin/../lib/gcc/score-elf/4.2.1/../../../../score-elf/lib/mel\libc.a(s_isinf.o)
                0x00000000a00f157c                isinf
 .text          0x00000000a00f15b8       0x2c c:/sunplus/s_core~1.1/gnu/bin/../lib/gcc/score-elf/4.2.1/../../../../score-elf/lib/mel\libc.a(s_isnan.o)
                0x00000000a00f15b8                isnan
 .text          0x00000000a00f15e4       0xb0 c:/sunplus/s_core~1.1/gnu/bin/../lib/gcc/score-elf/4.2.1/../../../../score-elf/lib/mel\libc.a(sprintf.o)
                0x00000000a00f1644                _sprintf_r
                0x00000000a00f15e4                sprintf
 .text          0x00000000a00f1694      0x298 c:/sunplus/s_core~1.1/gnu/bin/../lib/gcc/score-elf/4.2.1/../../../../score-elf/lib/mel\libc.a(strtoll_r.o)
                0x00000000a00f1694                _strtoll_r
 .text          0x00000000a00f192c      0x27c c:/sunplus/s_core~1.1/gnu/bin/../lib/gcc/score-elf/4.2.1/../../../../score-elf/lib/mel\libc.a(strtoull_r.o)
                0x00000000a00f192c                _strtoull_r
 .text          0x00000000a00f1ba8      0x204 c:/sunplus/s_core~1.1/gnu/bin/../lib/gcc/score-elf/4.2.1/../../../../score-elf/lib/mel\libc.a(strtoul.o)
                0x00000000a00f1d84                strtoul
                0x00000000a00f1ba8                _strtoul_r
 .text          0x00000000a00f1dac      0x278 c:/sunplus/s_core~1.1/gnu/bin/../lib/gcc/score-elf/4.2.1/../../../../score-elf/lib/mel\libc.a(ungetc.o)
                0x00000000a00f1e9c                ungetc
                0x00000000a00f1dac                __submore
 .text          0x00000000a00f2024      0x1fc c:/sunplus/s_core~1.1/gnu/bin/../lib/gcc/score-elf/4.2.1/mel\libgcc.a(_addsub_sf.o)
                0x00000000a00f2024                __subsf3
                0x00000000a00f2026                __addsf3
 .text          0x00000000a00f2220      0x368 c:/sunplus/s_core~1.1/gnu/bin/../lib/gcc/score-elf/4.2.1/mel\libgcc.a(_addsub_df.o)
                0x00000000a00f2222                __adddf3
                0x00000000a00f2220                __subdf3
 .text          0x00000000a00f2588      0x1b4 c:/sunplus/s_core~1.1/gnu/bin/../lib/gcc/score-elf/4.2.1/mel\libgcc.a(_mulsf3.o)
                0x00000000a00f2588                __mulsf3
 .text          0x00000000a00f273c      0x324 c:/sunplus/s_core~1.1/gnu/bin/../lib/gcc/score-elf/4.2.1/mel\libgcc.a(_muldf3.o)
                0x00000000a00f273c                __muldf3
 .text          0x00000000a00f2a60      0x228 c:/sunplus/s_core~1.1/gnu/bin/../lib/gcc/score-elf/4.2.1/mel\libgcc.a(_divsf3.o)
                0x00000000a00f2a60                __divsf3
 .text          0x00000000a00f2c88      0x4c0 c:/sunplus/s_core~1.1/gnu/bin/../lib/gcc/score-elf/4.2.1/mel\libgcc.a(_divdf3.o)
                0x00000000a00f2d4c                __divdf3
                0x00000000a00f2c88                Div64by32To32
 .text          0x00000000a00f3148       0x6c c:/sunplus/s_core~1.1/gnu/bin/../lib/gcc/score-elf/4.2.1/mel\libgcc.a(_clz32.o)
                0x00000000a00f3148                countLeadingZeros32
 .text          0x00000000a00f31b4       0x80 c:/sunplus/s_core~1.1/gnu/bin/../lib/gcc/score-elf/4.2.1/mel\libgcc.a(_clz64.o)
                0x00000000a00f31b4                countLeadingZeros64
 .text          0x00000000a00f3234       0x74 c:/sunplus/s_core~1.1/gnu/bin/../lib/gcc/score-elf/4.2.1/mel\libgcc.a(_floatsisf.o)
                0x00000000a00f3234                __floatsisf