Archive member included because of file (symbol)

c:/sunplus/s_core~1.1/gnu/bin/../lib/gcc/score-elf/4.2.1/../../../../score-elf/lib/mel\libc.a(abort.o)
                              Debug\libgloss.o (abort)
c:/sunplus/s_core~1.1/gnu/bin/../lib/gcc/score-elf/4.2.1/../../../../score-elf/lib/mel\libc.a(memcmp.o)
                              Debug\ff.o (memcmp)
c:/sunplus/s_core~1.1/gnu/bin/../lib/gcc/score-elf/4.2.1/../../../../score-elf/lib/mel\libc.a(memcpy.o)
                              Debug\ff.o (memcpy)
c:/sunplus/s_core~1.1/gnu/bin/../lib/gcc/score-elf/4.2.1/../../../../score-elf/lib/mel\libc.a(memset.o)
                              Debug\ff.o (memset)
c:/sunplus/s_core~1.1/gnu/bin/../lib/gcc/score-elf/4.2.1/../../../../score-elf/lib/mel\libc.a(signal.o)
                              c:/sunplus/s_core~1.1/gnu/bin/../lib/gcc/score-elf/4.2.1/../../../../score-elf/lib/mel\libc.a(abort.o) (raise)
c:/sunplus/s_core~1.1/gnu/bin/../lib/gcc/score-elf/4.2.1/../../../../score-elf/lib/mel\libc.a(strchr.o)
                              Debug\ff.o (strchr)
c:/sunplus/s_core~1.1/gnu/bin/../lib/gcc/score-elf/4.2.1/../../../../score-elf/lib/mel\libc.a(syswrite.o)
                              Debug\libgloss.o (write)
c:/sunplus/s_core~1.1/gnu/bin/../lib/gcc/score-elf/4.2.1/../../../../score-elf/lib/mel\libc.a(impure.o)
                              c:/sunplus/s_core~1.1/gnu/bin/../lib/gcc/score-elf/4.2.1/../../../../score-elf/lib/mel\libc.a(signal.o) (_impure_ptr)
c:/sunplus/s_core~1.1/gnu/bin/../lib/gcc/score-elf/4.2.1/../../../../score-elf/lib/mel\libc.a(mallocr.o)
                              c:/sunplus/s_core~1.1/gnu/bin/../lib/gcc/score-elf/4.2.1/../../../../score-elf/lib/mel\libc.a(signal.o) (_malloc_r)
c:/sunplus/s_core~1.1/gnu/bin/../lib/gcc/score-elf/4.2.1/../../../../score-elf/lib/mel\libc.a(mlock.o)
                              c:/sunplus/s_core~1.1/gnu/bin/../lib/gcc/score-elf/4.2.1/../../../../score-elf/lib/mel\libc.a(mallocr.o) (__malloc_lock)
c:/sunplus/s_core~1.1/gnu/bin/../lib/gcc/score-elf/4.2.1/../../../../score-elf/lib/mel\libc.a(freer.o)
                              c:/sunplus/s_core~1.1/gnu/bin/../lib/gcc/score-elf/4.2.1/../../../../score-elf/lib/mel\libc.a(mallocr.o) (_free_r)

Allocating common symbols
Common symbol       size              file

fs                  0x230             Debug\ff.o
controller          0x5               Debug\hs_controller.o

Memory Configuration

Name             Origin             Length             Attributes
*default*        0x0000000000000000 0xffffffffffffffff

Linker script and memory map

LOAD Obj.lst
LOAD Debug\hyperscan_startup.o
LOAD Debug\main.o
LOAD Debug\libgloss.o
LOAD Debug\uart.o
LOAD Debug\tv.o
LOAD Debug\norflash.o
LOAD Debug\sys_isr.o
LOAD Debug\sys_irq.o
LOAD Debug\i2c.o
LOAD Debug\hs_controller.o
LOAD Debug\ff.o
LOAD Debug\diskio.o
LOAD Lib.lst
LOAD c:/sunplus/s_core~1.1/gnu/bin/../lib/gcc/score-elf/4.2.1/../../../../score-elf/lib/mel\libm.a
LOAD c:/sunplus/s_core~1.1/gnu/bin/../lib/gcc/score-elf/4.2.1/../../../../score-elf/lib/mel\libc.a
LOAD c:/sunplus/s_core~1.1/gnu/bin/../lib/gcc/score-elf/4.2.1/mel\libgcc.a
LOAD c:/sunplus/s_core~1.1/gnu/bin/../lib/gcc/score-elf/4.2.1/mel\libgcc.a
LOAD c:/sunplus/s_core~1.1/gnu/bin/../lib/gcc/score-elf/4.2.1/../../../../score-elf/lib/mel\libc.a
LOAD c:/sunplus/s_core~1.1/gnu/bin/../lib/gcc/score-elf/4.2.1/mel\libgcc.a
START GROUP
LOAD c:/sunplus/s_core~1.1/gnu/bin/../lib/gcc/score-elf/4.2.1/../../../../score-elf/lib/mel\libc.a
LOAD c:/sunplus/s_core~1.1/gnu/bin/../lib/gcc/score-elf/4.2.1/../../../../score-elf/lib/mel\libm.a
LOAD c:/sunplus/s_core~1.1/gnu/bin/../lib/gcc/score-elf/4.2.1/mel\libgcc.a
END GROUP

.exception      0x00000000a00901fc      0x244
 *(.exception_vec)
 .exception_vec
                0x00000000a00901fc      0x244 Debug\sys_isr.o
                0x00000000a0090204                int1_vec

.stack          0x00000000a0fffff0        0x0
                0x00000000a0fffff0                _stack = .
 *(.stack)
                0x00000000a0091000                . = 0xa0091000

.interp
 *(.interp)

.hash
 *(.hash)

.dynsym
 *(.dynsym)

.dynstr
 *(.dynstr)

.gnu.version
 *(.gnu.version)

.gnu.version_d
 *(.gnu.version_d)

.gnu.version_r
 *(.gnu.version_r)

.rel.dyn        0x00000000a0091000        0x0
 *(.rel.init)
 *(.rel.text .rel.text.* .rel.gnu.linkonce.t.*)
 *(.rel.fini)
 *(.rel.rodata .rel.rodata.* .rel.gnu.linkonce.r.*)
 *(.rel.data .rel.data.* .rel.gnu.linkonce.d.*)
 *(.rel.tdata .rel.tdata.* .rel.gnu.linkonce.td.*)
 *(.rel.tbss .rel.tbss.* .rel.gnu.linkonce.tb.*)
 *(.rel.ctors)
 *(.rel.dtors)
 *(.rel.got)
 *(.rel.sdata .rel.sdata.* .rel.gnu.linkonce.s.*)
 *(.rel.sbss .rel.sbss.* .rel.gnu.linkonce.sb.*)
 *(.rel.sdata2 .rel.sdata2.* .rel.gnu.linkonce.s2.*)
 *(.rel.sbss2 .rel.sbss2.* .rel.gnu.linkonce.sb2.*)
 *(.rel.bss .rel.bss.* .rel.gnu.linkonce.b.*)
 .rel.dyn       0x0000000000000000        0x0 c:/sunplus/s_core~1.1/gnu/bin/../lib/gcc/score-elf/4.2.1/../../../../score-elf/lib/mel\libc.a(mallocr.o)

.rela.dyn
 *(.rela.init)
 *(.rela.text .rela.text.* .rela.gnu.linkonce.t.*)
 *(.rela.fini)
 *(.rela.rodata .rela.rodata.* .rela.gnu.linkonce.r.*)
 *(.rela.data .rela.data.* .rela.gnu.linkonce.d.*)
 *(.rela.tdata .rela.tdata.* .rela.gnu.linkonce.td.*)
 *(.rela.tbss .rela.tbss.* .rela.gnu.linkonce.tb.*)
 *(.rela.ctors)
 *(.rela.dtors)
 *(.rela.got)
 *(.rela.sdata .rela.sdata.* .rela.gnu.linkonce.s.*)
 *(.rela.sbss .rela.sbss.* .rela.gnu.linkonce.sb.*)
 *(.rela.sdata2 .rela.sdata2.* .rela.gnu.linkonce.s2.*)
 *(.rela.sbss2 .rela.sbss2.* .rela.gnu.linkonce.sb2.*)
 *(.rela.bss .rela.bss.* .rela.gnu.linkonce.b.*)

.rel.plt
 *(.rel.plt)

.rela.plt
 *(.rela.plt)

.hardware_init  0x00000000a0091000       0x94
 *(.hardware_init)
 .hardware_init
                0x00000000a0091000       0x94 Debug\hyperscan_startup.o
                0x00000000a0091000                _hardware_init

.init
 *(.init)

.plt
 *(.plt)

.text           0x00000000a0091094     0x7830
 *(.text .stub .text.* .gnu.linkonce.t.*)
 .text          0x00000000a0091094        0x0 Debug\hyperscan_startup.o
 .text          0x00000000a0091094       0x44 Debug\main.o
                0x00000000a0091094                main
 .text          0x00000000a00910d8      0x3c0 Debug\libgloss.o
                0x00000000a0091408                _getpid
                0x00000000a0091388                _lseek_r
                0x00000000a0091460                _kill_r
                0x00000000a00913a0                _fstat_r
                0x00000000a00913c0                isatty
                0x00000000a0091418                _getpid_r
                0x00000000a00912f8                _sbrk_r
                0x00000000a0091158                _read_r
                0x00000000a00910d8                _putc_r
                0x00000000a00912ac                _open_r
                0x00000000a00912c4                _close_r
                0x00000000a0091228                _write_r
                0x00000000a0091428                _kill
                0x00000000a00912d8                _exit
 .text          0x00000000a0091498      0x1ec Debug\uart.o
                0x00000000a00914a4                uart_sendchar
                0x00000000a00914f4                uart_getchar
                0x00000000a0091570                uart_enable_interface
                0x00000000a0091498                uart_init
                0x00000000a0091610                uart_print_string
                0x00000000a0091654                uart_read_byte
                0x00000000a00915ec                uart_write_byte
 .text          0x00000000a0091684      0x5d0 Debug\tv.o
                0x00000000a009198c                tv_printcolor
                0x00000000a0091798                tv_buffer_set
                0x00000000a0091b9c                tv_fadeout
                0x00000000a0091808                tv_hue
                0x00000000a00917e8                tv_saturation
                0x00000000a00917cc                tv_buffer_sel
                0x00000000a00916d8                tv_init
                0x00000000a0091828                tv_fade
                0x00000000a0091848                tv_print
                0x00000000a0091bf4                tv_fadein
                0x00000000a0091ac4                tv_printhex
                0x00000000a0091684                tv_clearscreen
 .text          0x00000000a0091c54      0x3d0 Debug\norflash.o
                0x00000000a0091dc8                norflash_sectorerase
                0x00000000a0091c8c                norflash_chiperase
                0x00000000a0091ff0                norflash_delay
                0x00000000a0091e80                norflash_write32
                0x00000000a0091d10                norflash_blockerase
                0x00000000a0091f28                norflash_wordwrite
                0x00000000a0091f9c                norflash_setaddress
                0x00000000a0091c54                norflash_init
 .text          0x00000000a0092024        0x0 Debug\sys_isr.o
 .text          0x00000000a0092024      0x16c Debug\sys_irq.o
                0x00000000a0092030                attach_isr
                0x00000000a0092128                irq_dispatch
 .text          0x00000000a0092190      0x164 Debug\i2c.o
                0x00000000a009226c                i2c_write8
                0x00000000a00921e0                i2c_read8
                0x00000000a0092190                i2c_init
 .text          0x00000000a00922f4      0x138 Debug\hs_controller.o
                0x00000000a00922f4                hs_controller_init
                0x00000000a0092348                hs_controller_read
 .text          0x00000000a009242c     0x4fd0 Debug\ff.o
                0x00000000a0096a70                f_gets
                0x00000000a0096d50                f_printf
                0x00000000a00967cc                f_rename
                0x00000000a00962d0                f_truncate
                0x00000000a0095f3c                f_closedir
                0x00000000a0096454                f_unlink
                0x00000000a0096c94                f_putc
                0x00000000a0096ce4                f_puts
                0x00000000a0095a70                f_close
                0x00000000a00951c0                f_read
                0x00000000a0095f80                f_readdir
                0x00000000a0095950                f_sync
                0x00000000a0094c88                f_mount
                0x00000000a0095e24                f_opendir
                0x00000000a0095acc                f_lseek
                0x00000000a0096024                f_stat
                0x00000000a0095508                f_write
                0x00000000a0094d80                f_open
                0x00000000a00965d4                f_mkdir
                0x00000000a00960b8                f_getfree
 .text          0x00000000a00973fc      0x214 Debug\diskio.o
                0x00000000a0097474                USB_disk_initialize
                0x00000000a00974e0                DiskB_ReadSector
                0x00000000a0097574                disk_initialize
                0x00000000a0097560                disk_status
                0x00000000a00975f8                disk_ioctl
                0x00000000a00973fc                DiskB_Initial
                0x00000000a0097520                DiskB_WriteSector
                0x00000000a00975c8                disk_write
                0x00000000a0097598                disk_read
 .text          0x00000000a0097610       0x14 c:/sunplus/s_core~1.1/gnu/bin/../lib/gcc/score-elf/4.2.1/../../../../score-elf/lib/mel\libc.a(abort.o)
                0x00000000a0097610                abort
 .text          0x00000000a0097624       0x90 c:/sunplus/s_core~1.1/gnu/bin/../lib/gcc/score-elf/4.2.1/../../../../score-elf/lib/mel\libc.a(memcmp.o)
                0x00000000a0097624                memcmp
 .text          0x00000000a00976b4       0xb0 c:/sunplus/s_core~1.1/gnu/bin/../lib/gcc/score-elf/4.2.1/../../../../score-elf/lib/mel\libc.a(memcpy.o)
                0x00000000a00976b4                memcpy
 .text          0x00000000a0097764       0xb4 c:/sunplus/s_core~1.1/gnu/bin/../lib/gcc/score-elf/4.2.1/../../../../score-elf/lib/mel\libc.a(memset.o)
                0x00000000a0097764                memset
 .text          0x00000000a0097818      0x2a8 c:/sunplus/s_core~1.1/gnu/bin/../lib/gcc/score-elf/4.2.1/../../../../score-elf/lib/mel\libc.a(signal.o)
                0x00000000a0097a20                _signal_r
                0x00000000a0097944                _raise_r
                0x00000000a0097894                __sigtramp_r
                0x00000000a0097a98                signal
                0x00000000a0097884                _init_signal
                0x00000000a0097818                _init_signal_r
                0x00000000a0097924                __sigtramp
                0x00000000a0097a00                raise
 .text          0x00000000a0097ac0       0xfc c:/sunplus/s_core~1.1/gnu/bin/../lib/gcc/score-elf/4.2.1/../../../../score-elf/lib/mel\libc.a(strchr.o)
                0x00000000a0097ac0                strchr
 .text          0x00000000a0097bbc       0x28 c:/sunplus/s_core~1.1/gnu/bin/../lib/gcc/score-elf/4.2.1/../../../../score-elf/lib/mel\libc.a(syswrite.o)
                0x00000000a0097bbc                write
 .text          0x00000000a0097be4        0x0 c:/sunplus/s_core~1.1/gnu/bin/../lib/gcc/score-elf/4.2.1/../../../../score-elf/lib/mel\libc.a(impure.o)
 .text          0x00000000a0097be4      0x8ac c:/sunplus/s_core~1.1/gnu/bin/../lib/gcc/score-elf/4.2.1/../../../../score-elf/lib/mel\libc.a(mallocr.o)
                0x00000000a0097be4                _malloc_r
 .text          0x00000000a0098490        0x8 c:/sunplus/s_core~1.1/gnu/bin/../lib/gcc/score-elf/4.2.1/../../../../score-elf/lib/mel\libc.a(mlock.o)
                0x00000000a0098494                __malloc_unlock
                0x00000000a0098490                __malloc_lock
 .text          0x00000000a0098498      0x42c c:/sunplus/s_core~1.1/gnu/bin/../lib/gcc/score-elf/4.2.1/../../../../score-elf/lib/mel\libc.a(freer.o)
                0x00000000a00985b4                _free_r
                0x00000000a0098498                _malloc_trim_r
 *(.gnu.warning)
 *(.glue_7t)
 *(.glue_7)

.fini
 *(.fini)
                0x00000000a00988c4                PROVIDE (__etext, .)
                0x00000000a00988c4                PROVIDE (_etext, .)
                0x00000000a00988c4                PROVIDE (etext, .)

.rodata         0x00000000a00988c4     0x1148
 *(.rodata .rodata.* .gnu.linkonce.r.*)
 .rodata        0x00000000a00988c4       0x10 Debug\main.o
 .rodata        0x00000000a00988d4       0x10 Debug\libgloss.o
 .rodata        0x00000000a00988e4     0x1004 Debug\tv.o
                0x00000000a00988e4                font
 .rodata        0x00000000a00998e8      0x120 Debug\ff.o
 .rodata.str1.4
                0x00000000a0099a08        0x4 c:/sunplus/s_core~1.1/gnu/bin/../lib/gcc/score-elf/4.2.1/../../../../score-elf/lib/mel\libc.a(impure.o)

.rodata1
 *(.rodata1)

.sdata2
 *(.sdata2 .sdata2.* .gnu.linkonce.s2.*)

.sbss2
 *(.sbss2 .sbss2.* .gnu.linkonce.sb2.*)

.eh_frame_hdr
 *(.eh_frame_hdr)
                0x00000000a0099b0c                . = (ALIGN (0x100) + (. & 0xff))
                0x00000000a0099b0c                . = ALIGN (0x4)
                0x00000000a0099b0c                PROVIDE (__preinit_array_start, .)

.preinit_array
 *(.preinit_array)
                0x00000000a0099b0c                PROVIDE (__preinit_array_end, .)
                0x00000000a0099b0c                PROVIDE (__init_array_start, .)

.init_array
 *(.init_array)
                0x00000000a0099b0c                PROVIDE (__init_array_end, .)
                0x00000000a0099b0c                PROVIDE (__fini_array_start, .)

.fini_array
 *(.fini_array)
                0x00000000a0099b0c                PROVIDE (__fini_array_end, .)

.data           0x00000000a0099b10      0x798
                0x00000000a0099b10                __data_start = .
 *(.data .data.* .gnu.linkonce.d.*)
 .data          0x00000000a0099b10        0x0 Debug\hyperscan_startup.o
 .data          0x00000000a0099b10        0x0 Debug\main.o
 .data          0x00000000a0099b10        0x0 Debug\libgloss.o
 .data          0x00000000a0099b10        0x0 Debug\uart.o
 .data          0x00000000a0099b10        0x0 Debug\tv.o
 .data          0x00000000a0099b10        0x0 Debug\norflash.o
 .data          0x00000000a0099b10        0x0 Debug\sys_isr.o
 .data          0x00000000a0099b10        0x0 Debug\sys_irq.o
 .data          0x00000000a0099b10        0x0 Debug\i2c.o
 .data          0x00000000a0099b10        0x0 Debug\hs_controller.o
 .data          0x00000000a0099b10        0x0 Debug\ff.o
 .data          0x00000000a0099b10        0x0 Debug\diskio.o
 .data          0x00000000a0099b10        0x0 c:/sunplus/s_core~1.1/gnu/bin/../lib/gcc/score-elf/4.2.1/../../../../score-elf/lib/mel\libc.a(abort.o)
 .data          0x00000000a0099b10        0x0 c:/sunplus/s_core~1.1/gnu/bin/../lib/gcc/score-elf/4.2.1/../../../../score-elf/lib/mel\libc.a(memcmp.o)
 .data          0x00000000a0099b10        0x0 c:/sunplus/s_core~1.1/gnu/bin/../lib/gcc/score-elf/4.2.1/../../../../score-elf/lib/mel\libc.a(memcpy.o)
 .data          0x00000000a0099b10        0x0 c:/sunplus/s_core~1.1/gnu/bin/../lib/gcc/score-elf/4.2.1/../../../../score-elf/lib/mel\libc.a(memset.o)
 .data          0x00000000a0099b10        0x0 c:/sunplus/s_core~1.1/gnu/bin/../lib/gcc/score-elf/4.2.1/../../../../score-elf/lib/mel\libc.a(signal.o)
 .data          0x00000000a0099b10        0x0 c:/sunplus/s_core~1.1/gnu/bin/../lib/gcc/score-elf/4.2.1/../../../../score-elf/lib/mel\libc.a(strchr.o)
 .data          0x00000000a0099b10        0x0 c:/sunplus/s_core~1.1/gnu/bin/../lib/gcc/score-elf/4.2.1/../../../../score-elf/lib/mel\libc.a(syswrite.o)
 .data          0x00000000a0099b10      0x388 c:/sunplus/s_core~1.1/gnu/bin/../lib/gcc/score-elf/4.2.1/../../../../score-elf/lib/mel\libc.a(impure.o)
                0x00000000a0099b10                _impure_ptr
 .data          0x00000000a0099e98      0x410 c:/sunplus/s_core~1.1/gnu/bin/../lib/gcc/score-elf/4.2.1/../../../../score-elf/lib/mel\libc.a(mallocr.o)
                0x00000000a009a2a4                __malloc_sbrk_base
                0x00000000a0099e98                __malloc_av_
                0x00000000a009a2a0                __malloc_trim_threshold
 .data          0x00000000a009a2a8        0x0 c:/sunplus/s_core~1.1/gnu/bin/../lib/gcc/score-elf/4.2.1/../../../../score-elf/lib/mel\libc.a(mlock.o)
 .data          0x00000000a009a2a8        0x0 c:/sunplus/s_core~1.1/gnu/bin/../lib/gcc/score-elf/4.2.1/../../../../score-elf/lib/mel\libc.a(freer.o)

.data1
 *(.data1)

.tdata
 *(.tdata .tdata.* .gnu.linkonce.td.*)

.tbss
 *(.tbss .tbss.* .gnu.linkonce.tb.*)
 *(.tcommon)

.eh_frame
 *(.eh_frame)

.gcc_except_table
 *(.gcc_except_table)

.dynamic
 *(.dynamic)

.ctors
 *crtbegin.o(.ctors)
 *(EXCLUDE_FILE(*crtend.o) .ctors)
 *(SORT(.ctors.*))
 *(.ctors)

.dtors
 *crtbegin.o(.dtors)
 *(EXCLUDE_FILE(*crtend.o) .dtors)
 *(SORT(.dtors.*))
 *(.dtors)

.jcr
 *(.jcr)

.got
 *(.got.plt)
 *(.got)
                0x00000000a009e2a8                _gp = (. + 0x4000)

.sdata          0x00000000a009a2a8        0x4
                0x00000000a009a2a8                _sdata_start = .
 *(.sdata .sdata.* .gnu.linkonce.s.*)
 .sdata         0x00000000a009a2a8        0x4 Debug\main.o
                0x00000000a009a2a8                fb
                0x00000000a009a2ac                _edata = .
                0x00000000a009a2ac                PROVIDE (edata, .)
                0x00000000a009a2ac                . = ALIGN (0x4)
                0x00000000a009a2ac                __bss_start = .
                0x00000000a009a2ac                __bss_start__ = .

.sbss           0x00000000a009a2ac       0x11
                0x00000000a009a2ac                PROVIDE (__sbss_start, .)
                0x00000000a009a2ac                PROVIDE (___sbss_start, .)
 *(.dynsbss)
 *(.sbss .sbss.* .gnu.linkonce.sb.*)
 .sbss          0x00000000a009a2ac        0x4 Debug\libgloss.o
 .sbss          0x00000000a009a2b0        0x8 Debug\ff.o
 *(.scommon)
 .scommon       0x00000000a009a2b8        0x5 Debug\hs_controller.o
                0x00000000a009a2b8                controller
                0x00000000a009a2bd                PROVIDE (__sbss_end, .)
                0x00000000a009a2bd                PROVIDE (___sbss_end, .)
                0x00000000a009e2a8                _gp = (_sdata_start + 0x4000)

.bss            0x00000000a009a2c0    0x80360
 *(.dynbss)
 *(.bss .bss.* .gnu.linkonce.b.*)
 .bss           0x00000000a009a2c0        0x0 Debug\hyperscan_startup.o
 .bss           0x00000000a009a2c0        0x0 Debug\main.o
 .bss           0x00000000a009a2c0    0x80000 Debug\libgloss.o
 .bss           0x00000000a011a2c0        0x0 Debug\uart.o
 .bss           0x00000000a011a2c0        0x0 Debug\tv.o
 .bss           0x00000000a011a2c0        0x0 Debug\norflash.o
 .bss           0x00000000a011a2c0        0x0 Debug\sys_isr.o
 .bss           0x00000000a011a2c0       0xfc Debug\sys_irq.o
 .bss           0x00000000a011a3bc        0x0 Debug\i2c.o
 .bss           0x00000000a011a3bc        0x0 Debug\hs_controller.o
 .bss           0x00000000a011a3bc        0x0 Debug\ff.o
 .bss           0x00000000a011a3bc        0x0 Debug\diskio.o
 .bss           0x00000000a011a3bc        0x0 c:/sunplus/s_core~1.1/gnu/bin/../lib/gcc/score-elf/4.2.1/../../../../score-elf/lib/mel\libc.a(abort.o)
 .bss           0x00000000a011a3bc        0x0 c:/sunplus/s_core~1.1/gnu/bin/../lib/gcc/score-elf/4.2.1/../../../../score-elf/lib/mel\libc.a(memcmp.o)
 .bss           0x00000000a011a3bc        0x0 c:/sunplus/s_core~1.1/gnu/bin/../lib/gcc/score-elf/4.2.1/../../../../score-elf/lib/mel\libc.a(memcpy.o)
 .bss           0x00000000a011a3bc        0x0 c:/sunplus/s_core~1.1/gnu/bin/../lib/gcc/score-elf/4.2.1/../../../../score-elf/lib/mel\libc.a(memset.o)
 .bss           0x00000000a011a3bc        0x0 c:/sunplus/s_core~1.1/gnu/bin/../lib/gcc/score-elf/4.2.1/../../../../score-elf/lib/mel\libc.a(signal.o)
 .bss           0x00000000a011a3bc        0x0 c:/sunplus/s_core~1.1/gnu/bin/../lib/gcc/score-elf/4.2.1/../../../../score-elf/lib/mel\libc.a(strchr.o)
 .bss           0x00000000a011a3bc        0x0 c:/sunplus/s_core~1.1/gnu/bin/../lib/gcc/score-elf/4.2.1/../../../../score-elf/lib/mel\libc.a(syswrite.o)
 .bss           0x00000000a011a3bc        0x0 c:/sunplus/s_core~1.1/gnu/bin/../lib/gcc/score-elf/4.2.1/../../../../score-elf/lib/mel\libc.a(impure.o)
 .bss           0x00000000a011a3bc       0x34 c:/sunplus/s_core~1.1/gnu/bin/../lib/gcc/score-elf/4.2.1/../../../../score-elf/lib/mel\libc.a(mallocr.o)
                0x00000000a011a3bc                __malloc_top_pad
                0x00000000a011a3c0                __malloc_max_sbrked_mem
                0x00000000a011a3c8                __malloc_current_mallinfo
                0x00000000a011a3c4                __malloc_max_total_mem
 .bss           0x00000000a011a3f0        0x0 c:/sunplus/s_core~1.1/gnu/bin/../lib/gcc/score-elf/4.2.1/../../../../score-elf/lib/mel\libc.a(mlock.o)
 .bss           0x00000000a011a3f0        0x0 c:/sunplus/s_core~1.1/gnu/bin/../lib/gcc/score-elf/4.2.1/../../../../score-elf/lib/mel\libc.a(freer.o)
 *(COMMON)
 COMMON         0x00000000a011a3f0      0x230 Debug\ff.o
                0x00000000a011a3f0                fs
                0x00000000a011a620                . = ALIGN (0x4)
                0x00000000a011a620                . = ALIGN (0x4)
                0x00000000a011a620                _end = .
                0x00000000a011a620                _bss_end__ = .
                0x00000000a011a620                __bss_end__ = .
                0x00000000a011a620                __end__ = .
                0x00000000a011a620                PROVIDE (end, .)

.stab
 *(.stab)

.stabstr
 *(.stabstr)

.stab.excl
 *(.stab.excl)

.stab.exclstr
 *(.stab.exclstr)

.stab.index
 *(.stab.index)

.stab.indexstr
 *(.stab.indexstr)

.comment        0x0000000000000000      0x17a
 *(.comment)
 .comment       0x0000000000000000       0x12 Debug\main.o
 .comment       0x0000000000000012       0x12 Debug\libgloss.o
 .comment       0x0000000000000024       0x12 Debug\uart.o
 .comment       0x0000000000000036       0x12 Debug\tv.o
 .comment       0x0000000000000048       0x12 Debug\norflash.o
 .comment       0x000000000000005a       0x12 Debug\sys_irq.o
 .comment       0x000000000000006c       0x12 Debug\i2c.o
 .comment       0x000000000000007e       0x12 Debug\hs_controller.o
 .comment       0x0000000000000090       0x12 Debug\ff.o
 .comment       0x00000000000000a2       0x12 Debug\diskio.o
 .comment       0x00000000000000b4       0x12 c:/sunplus/s_core~1.1/gnu/bin/../lib/gcc/score-elf/4.2.1/../../../../score-elf/lib/mel\libc.a(abort.o)
 .comment       0x00000000000000c6       0x12 c:/sunplus/s_core~1.1/gnu/bin/../lib/gcc/score-elf/4.2.1/../../../../score-elf/lib/mel\libc.a(memcmp.o)
 .comment       0x00000000000000d8       0x12 c:/sunplus/s_core~1.1/gnu/bin/../lib/gcc/score-elf/4.2.1/../../../../score-elf/lib/mel\libc.a(memcpy.o)
 .comment       0x00000000000000ea       0x12 c:/sunplus/s_core~1.1/gnu/bin/../lib/gcc/score-elf/4.2.1/../../../../score-elf/lib/mel\libc.a(memset.o)
 .comment       0x00000000000000fc       0x12 c:/sunplus/s_core~1.1/gnu/bin/../lib/gcc/score-elf/4.2.1/../../../../score-elf/lib/mel\libc.a(signal.o)
 .comment       0x000000000000010e       0x12 c:/sunplus/s_core~1.1/gnu/bin/../lib/gcc/score-elf/4.2.1/../../../../score-elf/lib/mel\libc.a(strchr.o)
 .comment       0x0000000000000120       0x12 c:/sunplus/s_core~1.1/gnu/bin/../lib/gcc/score-elf/4.2.1/../../../../score-elf/lib/mel\libc.a(syswrite.o)
 .comment       0x0000000000000132       0x12 c:/sunplus/s_core~1.1/gnu/bin/../lib/gcc/score-elf/4.2.1/../../../../score-elf/lib/mel\libc.a(impure.o)
 .comment       0x0000000000000144       0x12 c:/sunplus/s_core~1.1/gnu/bin/../lib/gcc/score-elf/4.2.1/../../../../score-elf/lib/mel\libc.a(mallocr.o)
 .comment       0x0000000000000156       0x12 c:/sunplus/s_core~1.1/gnu/bin/../lib/gcc/score-elf/4.2.1/../../../../score-elf/lib/mel\libc.a(mlock.o)
 .comment       0x0000000000000168       0x12 c:/sunplus/s_core~1.1/gnu/bin/../lib/gcc/score-elf/4.2.1/../../../../score-elf/lib/mel\libc.a(freer.o)

.debug
 *(.debug)

.line
 *(.line)

.debug_srcinfo
 *(.debug_srcinfo)

.debug_sfnames
 *(.debug_sfnames)

.debug_aranges  0x0000000000000000      0x180
 *(.debug_aranges)
 .debug_aranges
                0x0000000000000000       0x20 Debug\hyperscan_startup.o
 .debug_aranges
                0x0000000000000020       0x20 Debug\main.o
 .debug_aranges
                0x0000000000000040       0x20 Debug\libgloss.o
 .debug_aranges
                0x0000000000000060       0x20 Debug\uart.o
 .debug_aranges
                0x0000000000000080       0x20 Debug\tv.o
 .debug_aranges
                0x00000000000000a0       0x20 Debug\norflash.o
 .debug_aranges
                0x00000000000000c0       0x20 Debug\sys_isr.o
 .debug_aranges
                0x00000000000000e0       0x20 Debug\sys_irq.o
 .debug_aranges
                0x0000000000000100       0x20 Debug\i2c.o
 .debug_aranges
                0x0000000000000120       0x20 Debug\hs_controller.o
 .debug_aranges
                0x0000000000000140       0x20 Debug\ff.o
 .debug_aranges
                0x0000000000000160       0x20 Debug\diskio.o

.debug_pubnames
                0x0000000000000000      0x599
 *(.debug_pubnames)
 .debug_pubnames
                0x0000000000000000       0x22 Debug\main.o
 .debug_pubnames
                0x0000000000000022       0xbb Debug\libgloss.o
 .debug_pubnames
                0x00000000000000dd       0x9a Debug\uart.o
 .debug_pubnames
                0x0000000000000177       0xd3 Debug\tv.o
 .debug_pubnames
                0x000000000000024a       0xc3 Debug\norflash.o
 .debug_pubnames
                0x000000000000030d       0x32 Debug\sys_irq.o
 .debug_pubnames
                0x000000000000033f       0x3c Debug\i2c.o
 .debug_pubnames
                0x000000000000037b       0x4f Debug\hs_controller.o
 .debug_pubnames
                0x00000000000003ca      0x111 Debug\ff.o
 .debug_pubnames
                0x00000000000004db       0xbe Debug\diskio.o

.debug_info     0x0000000000000000     0x4b67
 *(.debug_info .gnu.linkonce.wi.*)
 .debug_info    0x0000000000000000       0xc4 Debug\hyperscan_startup.o
 .debug_info    0x00000000000000c4      0x11a Debug\main.o
 .debug_info    0x00000000000001de     0x1115 Debug\libgloss.o
 .debug_info    0x00000000000012f3      0x267 Debug\uart.o
 .debug_info    0x000000000000155a      0x4f6 Debug\tv.o
 .debug_info    0x0000000000001a50      0x28a Debug\norflash.o
 .debug_info    0x0000000000001cda       0xa0 Debug\sys_isr.o
 .debug_info    0x0000000000001d7a      0x2a5 Debug\sys_irq.o
 .debug_info    0x000000000000201f      0x151 Debug\i2c.o
 .debug_info    0x0000000000002170      0x2d7 Debug\hs_controller.o
 .debug_info    0x0000000000002447     0x2104 Debug\ff.o
 .debug_info    0x000000000000454b      0x61c Debug\diskio.o

.debug_abbrev   0x0000000000000000      0x8eb
 *(.debug_abbrev)
 .debug_abbrev  0x0000000000000000       0x14 Debug\hyperscan_startup.o
 .debug_abbrev  0x0000000000000014       0x5f Debug\main.o
 .debug_abbrev  0x0000000000000073      0x1ce Debug\libgloss.o
 .debug_abbrev  0x0000000000000241       0xb6 Debug\uart.o
 .debug_abbrev  0x00000000000002f7       0xa8 Debug\tv.o
 .debug_abbrev  0x000000000000039f       0x97 Debug\norflash.o
 .debug_abbrev  0x0000000000000436       0x14 Debug\sys_isr.o
 .debug_abbrev  0x000000000000044a       0xa8 Debug\sys_irq.o
 .debug_abbrev  0x00000000000004f2       0x80 Debug\i2c.o
 .debug_abbrev  0x0000000000000572       0xcf Debug\hs_controller.o
 .debug_abbrev  0x0000000000000641      0x190 Debug\ff.o
 .debug_abbrev  0x00000000000007d1      0x11a Debug\diskio.o

.debug_line     0x0000000000000000     0x120c
 *(.debug_line)
 .debug_line    0x0000000000000000       0xa8 Debug\hyperscan_startup.o
 .debug_line    0x00000000000000a8       0x84 Debug\main.o
 .debug_line    0x000000000000012c      0x198 Debug\libgloss.o
 .debug_line    0x00000000000002c4       0x9c Debug\uart.o
 .debug_line    0x0000000000000360      0x130 Debug\tv.o
 .debug_line    0x0000000000000490       0xd2 Debug\norflash.o
 .debug_line    0x0000000000000562       0xfa Debug\sys_isr.o
 .debug_line    0x000000000000065c       0xa0 Debug\sys_irq.o
 .debug_line    0x00000000000006fc       0x83 Debug\i2c.o
 .debug_line    0x000000000000077f       0xf8 Debug\hs_controller.o
 .debug_line    0x0000000000000877      0x85e Debug\ff.o
 .debug_line    0x00000000000010d5      0x137 Debug\diskio.o

.debug_frame    0x0000000000000000      0xe1c
 *(.debug_frame)
 .debug_frame   0x0000000000000000       0x30 Debug\main.o
 .debug_frame   0x0000000000000030      0x184 Debug\libgloss.o
 .debug_frame   0x00000000000001b4       0xe8 Debug\uart.o
 .debug_frame   0x000000000000029c      0x15c Debug\tv.o
 .debug_frame   0x00000000000003f8      0x100 Debug\norflash.o
 .debug_frame   0x00000000000004f8       0x64 Debug\sys_irq.o
 .debug_frame   0x000000000000055c       0x60 Debug\i2c.o
 .debug_frame   0x00000000000005bc       0x5c Debug\hs_controller.o
 .debug_frame   0x0000000000000618      0x6e4 Debug\ff.o
 .debug_frame   0x0000000000000cfc      0x120 Debug\diskio.o

.debug_str      0x0000000000000000       0x5d
 *(.debug_str)
 .debug_str     0x0000000000000000       0x1f Debug\libgloss.o
 .debug_str     0x000000000000001f       0x1b Debug\tv.o
 .debug_str     0x000000000000003a        0xf Debug\ff.o
 .debug_str     0x0000000000000049       0x14 Debug\diskio.o

.debug_loc      0x0000000000000000     0x1b47
 *(.debug_loc)
 .debug_loc     0x0000000000000000       0x43 Debug\main.o
 .debug_loc     0x0000000000000043      0x2c6 Debug\libgloss.o
 .debug_loc     0x0000000000000309      0x1a0 Debug\uart.o
 .debug_loc     0x00000000000004a9      0x288 Debug\tv.o
 .debug_loc     0x0000000000000731      0x1e8 Debug\norflash.o
 .debug_loc     0x0000000000000919       0xa5 Debug\sys_irq.o
 .debug_loc     0x00000000000009be       0x99 Debug\i2c.o
 .debug_loc     0x0000000000000a57       0x9e Debug\hs_controller.o
 .debug_loc     0x0000000000000af5      0xe27 Debug\ff.o
 .debug_loc     0x000000000000191c      0x22b Debug\diskio.o

.debug_macinfo
 *(.debug_macinfo)

.debug_weaknames
 *(.debug_weaknames)

.debug_funcnames
 *(.debug_funcnames)

.debug_typenames
 *(.debug_typenames)

.debug_varnames
 *(.debug_varnames)
OUTPUT(Debug\hyperscan.elf elf32-littlescore)

.pdr            0x0000000000000000     0x10c0
 .pdr           0x0000000000000000        0x0 Debug\hyperscan_startup.o
 .pdr           0x0000000000000000       0x20 Debug\main.o
 .pdr           0x0000000000000020      0x1c0 Debug\libgloss.o
 .pdr           0x00000000000001e0      0x100 Debug\uart.o
 .pdr           0x00000000000002e0      0x180 Debug\tv.o
 .pdr           0x0000000000000460      0x100 Debug\norflash.o
 .pdr           0x0000000000000560        0x0 Debug\sys_isr.o
 .pdr           0x0000000000000560       0x60 Debug\sys_irq.o
 .pdr           0x00000000000005c0       0x60 Debug\i2c.o
 .pdr           0x0000000000000620       0x40 Debug\hs_controller.o
 .pdr           0x0000000000000660      0x6e0 Debug\ff.o
 .pdr           0x0000000000000d40      0x120 Debug\diskio.o
 .pdr           0x0000000000000e60       0x20 c:/sunplus/s_core~1.1/gnu/bin/../lib/gcc/score-elf/4.2.1/../../../../score-elf/lib/mel\libc.a(abort.o)
 .pdr           0x0000000000000e80       0x20 c:/sunplus/s_core~1.1/gnu/bin/../lib/gcc/score-elf/4.2.1/../../../../score-elf/lib/mel\libc.a(memcmp.o)
 .pdr           0x0000000000000ea0       0x20 c:/sunplus/s_core~1.1/gnu/bin/../lib/gcc/score-elf/4.2.1/../../../../score-elf/lib/mel\libc.a(memcpy.o)
 .pdr           0x0000000000000ec0       0x20 c:/sunplus/s_core~1.1/gnu/bin/../lib/gcc/score-elf/4.2.1/../../../../score-elf/lib/mel\libc.a(memset.o)
 .pdr           0x0000000000000ee0      0x100 c:/sunplus/s_core~1.1/gnu/bin/../lib/gcc/score-elf/4.2.1/../../../../score-elf/lib/mel\libc.a(signal.o)
 .pdr           0x0000000000000fe0       0x20 c:/sunplus/s_core~1.1/gnu/bin/../lib/gcc/score-elf/4.2.1/../../../../score-elf/lib/mel\libc.a(strchr.o)
 .pdr           0x0000000000001000       0x20 c:/sunplus/s_core~1.1/gnu/bin/../lib/gcc/score-elf/4.2.1/../../../../score-elf/lib/mel\libc.a(syswrite.o)
 .pdr           0x0000000000001020        0x0 c:/sunplus/s_core~1.1/gnu/bin/../lib/gcc/score-elf/4.2.1/../../../../score-elf/lib/mel\libc.a(impure.o)
 .pdr           0x0000000000001020       0x20 c:/sunplus/s_core~1.1/gnu/bin/../lib/gcc/score-elf/4.2.1/../../../../score-elf/lib/mel\libc.a(mallocr.o)
 .pdr           0x0000000000001040       0x40 c:/sunplus/s_core~1.1/gnu/bin/../lib/gcc/score-elf/4.2.1/../../../../score-elf/lib/mel\libc.a(mlock.o)
 .pdr           0x0000000000001080       0x40 c:/sunplus/s_core~1.1/gnu/bin/../lib/gcc/score-elf/4.2.1/../../../../score-elf/lib/mel\libc.a(freer.o)
