Archive member included because of file (symbol)

c:/sunplus/s_core~1.1/gnu/bin/../lib/gcc/score-elf/4.2.1/../../../../score-elf/lib/mel\libc.a(abort.o)
                              Debug\libgloss.o (abort)
c:/sunplus/s_core~1.1/gnu/bin/../lib/gcc/score-elf/4.2.1/../../../../score-elf/lib/mel\libc.a(memcmp.o)
                              Debug\ff.o (memcmp)
c:/sunplus/s_core~1.1/gnu/bin/../lib/gcc/score-elf/4.2.1/../../../../score-elf/lib/mel\libc.a(memcpy.o)
                              Debug\ff.o (memcpy)
c:/sunplus/s_core~1.1/gnu/bin/../lib/gcc/score-elf/4.2.1/../../../../score-elf/lib/mel\libc.a(memset.o)
                              Debug\ff.o (memset)
c:/sunplus/s_core~1.1/gnu/bin/../lib/gcc/score-elf/4.2.1/../../../../score-elf/lib/mel\libc.a(signal.o)
                              c:/sunplus/s_core~1.1/gnu/bin/../lib/gcc/score-elf/4.2.1/../../../../score-elf/lib/mel\libc.a(abort.o) (raise)
c:/sunplus/s_core~1.1/gnu/bin/../lib/gcc/score-elf/4.2.1/../../../../score-elf/lib/mel\libc.a(strchr.o)
                              Debug\ff.o (strchr)
c:/sunplus/s_core~1.1/gnu/bin/../lib/gcc/score-elf/4.2.1/../../../../score-elf/lib/mel\libc.a(syswrite.o)
                              Debug\libgloss.o (write)
c:/sunplus/s_core~1.1/gnu/bin/../lib/gcc/score-elf/4.2.1/../../../../score-elf/lib/mel\libc.a(impure.o)
                              c:/sunplus/s_core~1.1/gnu/bin/../lib/gcc/score-elf/4.2.1/../../../../score-elf/lib/mel\libc.a(signal.o) (_impure_ptr)
c:/sunplus/s_core~1.1/gnu/bin/../lib/gcc/score-elf/4.2.1/../../../../score-elf/lib/mel\libc.a(mallocr.o)
                              c:/sunplus/s_core~1.1/gnu/bin/../lib/gcc/score-elf/4.2.1/../../../../score-elf/lib/mel\libc.a(signal.o) (_malloc_r)
c:/sunplus/s_core~1.1/gnu/bin/../lib/gcc/score-elf/4.2.1/../../../../score-elf/lib/mel\libc.a(mlock.o)
                              c:/sunplus/s_core~1.1/gnu/bin/../lib/gcc/score-elf/4.2.1/../../../../score-elf/lib/mel\libc.a(mallocr.o) (__malloc_lock)
c:/sunplus/s_core~1.1/gnu/bin/../lib/gcc/score-elf/4.2.1/../../../../score-elf/lib/mel\libc.a(freer.o)
                              c:/sunplus/s_core~1.1/gnu/bin/../lib/gcc/score-elf/4.2.1/../../../../score-elf/lib/mel\libc.a(mallocr.o) (_free_r)

Allocating common symbols
Common symbol       size              file

fs                  0x230             Debug\ff.o
controller          0x5               Debug\hs_controller.o

Memory Configuration

Name             Origin             Length             Attributes
*default*        0x0000000000000000 0xffffffffffffffff

Linker script and memory map

LOAD Obj.lst
LOAD Debug\hyperscan_startup.o
LOAD Debug\main.o
LOAD Debug\libgloss.o
LOAD Debug\uart.o
LOAD Debug\tv.o
LOAD Debug\norflash.o
LOAD Debug\sys_isr.o
LOAD Debug\sys_irq.o
LOAD Debug\i2c.o
LOAD Debug\hs_controller.o
LOAD Debug\ff.o
LOAD Debug\diskio.o
LOAD Lib.lst
LOAD c:/sunplus/s_core~1.1/gnu/bin/../lib/gcc/score-elf/4.2.1/../../../../score-elf/lib/mel\libm.a
LOAD c:/sunplus/s_core~1.1/gnu/bin/../lib/gcc/score-elf/4.2.1/../../../../score-elf/lib/mel\libc.a
LOAD c:/sunplus/s_core~1.1/gnu/bin/../lib/gcc/score-elf/4.2.1/mel\libgcc.a
LOAD c:/sunplus/s_core~1.1/gnu/bin/../lib/gcc/score-elf/4.2.1/mel\libgcc.a
LOAD c:/sunplus/s_core~1.1/gnu/bin/../lib/gcc/score-elf/4.2.1/../../../../score-elf/lib/mel\libc.a
LOAD c:/sunplus/s_core~1.1/gnu/bin/../lib/gcc/score-elf/4.2.1/mel\libgcc.a
START GROUP
LOAD c:/sunplus/s_core~1.1/gnu/bin/../lib/gcc/score-elf/4.2.1/../../../../score-elf/lib/mel\libc.a
LOAD c:/sunplus/s_core~1.1/gnu/bin/../lib/gcc/score-elf/4.2.1/../../../../score-elf/lib/mel\libm.a
LOAD c:/sunplus/s_core~1.1/gnu/bin/../lib/gcc/score-elf/4.2.1/mel\libgcc.a
END GROUP

.exception      0x00000000a00901fc      0x244
 *(.exception_vec)
 .exception_vec
                0x00000000a00901fc      0x244 Debug\sys_isr.o

.stack          0x00000000a0fffff0        0x0
                0x00000000a0fffff0                _stack = .
 *(.stack)
                0x00000000a0091000                . = 0xa0091000

.interp
 *(.interp)

.hash
 *(.hash)

.dynsym
 *(.dynsym)

.dynstr
 *(.dynstr)

.gnu.version
 *(.gnu.version)

.gnu.version_d
 *(.gnu.version_d)

.gnu.version_r
 *(.gnu.version_r)

.rel.dyn        0x00000000a0091000        0x0
 *(.rel.init)
 *(.rel.text .rel.text.* .rel.gnu.linkonce.t.*)
 *(.rel.fini)
 *(.rel.rodata .rel.rodata.* .rel.gnu.linkonce.r.*)
 *(.rel.data .rel.data.* .rel.gnu.linkonce.d.*)
 *(.rel.tdata .rel.tdata.* .rel.gnu.linkonce.td.*)
 *(.rel.tbss .rel.tbss.* .rel.gnu.linkonce.tb.*)
 *(.rel.ctors)
 *(.rel.dtors)
 *(.rel.got)
 *(.rel.sdata .rel.sdata.* .rel.gnu.linkonce.s.*)
 *(.rel.sbss .rel.sbss.* .rel.gnu.linkonce.sb.*)
 *(.rel.sdata2 .rel.sdata2.* .rel.gnu.linkonce.s2.*)
 *(.rel.sbss2 .rel.sbss2.* .rel.gnu.linkonce.sb2.*)
 *(.rel.bss .rel.bss.* .rel.gnu.linkonce.b.*)
 .rel.dyn       0x0000000000000000        0x0 c:/sunplus/s_core~1.1/gnu/bin/../lib/gcc/score-elf/4.2.1/../../../../score-elf/lib/mel\libc.a(mallocr.o)

.rela.dyn
 *(.rela.init)
 *(.rela.text .rela.text.* .rela.gnu.linkonce.t.*)
 *(.rela.fini)
 *(.rela.rodata .rela.rodata.* .rela.gnu.linkonce.r.*)
 *(.rela.data .rela.data.* .rela.gnu.linkonce.d.*)
 *(.rela.tdata .rela.tdata.* .rela.gnu.linkonce.td.*)
 *(.rela.tbss .rela.tbss.* .rela.gnu.linkonce.tb.*)
 *(.rela.ctors)
 *(.rela.dtors)
 *(.rela.got)
 *(.rela.sdata .rela.sdata.* .rela.gnu.linkonce.s.*)
 *(.rela.sbss .rela.sbss.* .rela.gnu.linkonce.sb.*)
 *(.rela.sdata2 .rela.sdata2.* .rela.gnu.linkonce.s2.*)
 *(.rela.sbss2 .rela.sbss2.* .rela.gnu.linkonce.sb2.*)
 *(.rela.bss .rela.bss.* .rela.gnu.linkonce.b.*)

.rel.plt
 *(.rel.plt)

.rela.plt
 *(.rela.plt)

.hardware_init  0x00000000a0091000       0x94
 *(.hardware_init)
 .hardware_init
                0x00000000a0091000       0x94 Debug\hyperscan_startup.o
                0x00000000a0091000                _hardware_init

.init
 *(.init)

.plt
 *(.plt)

.text           0x00000000a0091094     0x763c
 *(.text .stub .text.* .gnu.linkonce.t.*)
 .text          0x00000000a0091094        0x0 Debug\hyperscan_startup.o
 .text          0x00000000a0091094       0x44 Debug\main.o
                0x00000000a0091094                main
 .text          0x00000000a00910d8      0x3c0 Debug\libgloss.o
                0x00000000a0091408                _getpid
                0x00000000a0091388                _lseek_r
                0x00000000a0091460                _kill_r
                0x00000000a00913a0                _fstat_r
                0x00000000a00913c0                isatty
                0x00000000a0091418                _getpid_r
                0x00000000a00912f8                _sbrk_r
                0x00000000a0091158                _read_r
                0x00000000a00910d8                _putc_r
                0x00000000a00912ac                _open_r
                0x00000000a00912c4                _close_r
                0x00000000a0091228                _write_r
                0x00000000a0091428                _kill
                0x00000000a00912d8                _exit
 .text          0x00000000a0091498       0xd8 Debug\uart.o
                0x00000000a00914a4                uart_sendchar
                0x00000000a00914f4                uart_getchar
                0x00000000a0091498                uart_init
 .text          0x00000000a0091570      0x5bc Debug\tv.o
                0x00000000a0091864                tv_printcolor
                0x00000000a0091670                tv_buffer_set
                0x00000000a0091a74                tv_fadeout
                0x00000000a00916e0                tv_hue
                0x00000000a00916c0                tv_saturation
                0x00000000a00916a4                tv_buffer_sel
                0x00000000a00915c4                tv_init
                0x00000000a0091700                tv_fade
                0x00000000a0091720                tv_print
                0x00000000a0091acc                tv_fadein
                0x00000000a009199c                tv_printhex
                0x00000000a0091570                tv_clearscreen
 .text          0x00000000a0091b2c      0x3d0 Debug\norflash.o
                0x00000000a0091ca0                norflash_sectorerase
                0x00000000a0091b64                norflash_chiperase
                0x00000000a0091ec8                norflash_delay
                0x00000000a0091d58                norflash_write32
                0x00000000a0091be8                norflash_blockerase
                0x00000000a0091e00                norflash_wordwrite
                0x00000000a0091e74                norflash_setaddress
                0x00000000a0091b2c                norflash_init
 .text          0x00000000a0091efc        0x0 Debug\sys_isr.o
 .text          0x00000000a0091efc       0x94 Debug\sys_irq.o
                0x00000000a0091f08                attach_isr
                0x00000000a0091f3c                irq_dispatch
 .text          0x00000000a0091f90      0x164 Debug\i2c.o
                0x00000000a009206c                i2c_write8
                0x00000000a0091fe0                i2c_read8
                0x00000000a0091f90                i2c_init
 .text          0x00000000a00920f4      0x138 Debug\hs_controller.o
                0x00000000a00920f4                hs_controller_init
                0x00000000a0092148                hs_controller_read
 .text          0x00000000a009222c     0x4fd0 Debug\ff.o
                0x00000000a0096870                f_gets
                0x00000000a0096b50                f_printf
                0x00000000a00965cc                f_rename
                0x00000000a00960d0                f_truncate
                0x00000000a0095d3c                f_closedir
                0x00000000a0096254                f_unlink
                0x00000000a0096a94                f_putc
                0x00000000a0096ae4                f_puts
                0x00000000a0095870                f_close
                0x00000000a0094fc0                f_read
                0x00000000a0095d80                f_readdir
                0x00000000a0095750                f_sync
                0x00000000a0094a88                f_mount
                0x00000000a0095c24                f_opendir
                0x00000000a00958cc                f_lseek
                0x00000000a0095e24                f_stat
                0x00000000a0095308                f_write
                0x00000000a0094b80                f_open
                0x00000000a00963d4                f_mkdir
                0x00000000a0095eb8                f_getfree
 .text          0x00000000a00971fc      0x220 Debug\diskio.o
                0x00000000a0097268                USB_disk_initialize
                0x00000000a00972e4                DiskB_ReadSector
                0x00000000a0097380                disk_initialize
                0x00000000a009736c                disk_status
                0x00000000a0097404                disk_ioctl
                0x00000000a00971fc                DiskB_Initial
                0x00000000a0097328                DiskB_WriteSector
                0x00000000a00973d4                disk_write
                0x00000000a00973a4                disk_read
 .text          0x00000000a009741c       0x14 c:/sunplus/s_core~1.1/gnu/bin/../lib/gcc/score-elf/4.2.1/../../../../score-elf/lib/mel\libc.a(abort.o)
                0x00000000a009741c                abort
 .text          0x00000000a0097430       0x90 c:/sunplus/s_core~1.1/gnu/bin/../lib/gcc/score-elf/4.2.1/../../../../score-elf/lib/mel\libc.a(memcmp.o)
                0x00000000a0097430                memcmp
 .text          0x00000000a00974c0       0xb0 c:/sunplus/s_core~1.1/gnu/bin/../lib/gcc/score-elf/4.2.1/../../../../score-elf/lib/mel\libc.a(memcpy.o)
                0x00000000a00974c0                memcpy
 .text          0x00000000a0097570       0xb4 c:/sunplus/s_core~1.1/gnu/bin/../lib/gcc/score-elf/4.2.1/../../../../score-elf/lib/mel\libc.a(memset.o)
                0x00000000a0097570                memset
 .text          0x00000000a0097624      0x2a8 c:/sunplus/s_core~1.1/gnu/bin/../lib/gcc/score-elf/4.2.1/../../../../score-elf/lib/mel\libc.a(signal.o)
                0x00000000a009782c                _signal_r
                0x00000000a0097750                _raise_r
                0x00000000a00976a0                __sigtramp_r
                0x00000000a00978a4                signal
                0x00000000a0097690                _init_signal
                0x00000000a0097624                _init_signal_r
                0x00000000a0097730                __sigtramp
                0x00000000a009780c                raise
 .text          0x00000000a00978cc       0xfc c:/sunplus/s_core~1.1/gnu/bin/../lib/gcc/score-elf/4.2.1/../../../../score-elf/lib/mel\libc.a(strchr.o)
                0x00000000a00978cc                strchr
 .text          0x00000000a00979c8       0x28 c:/sunplus/s_core~1.1/gnu/bin/../lib/gcc/score-elf/4.2.1/../../../../score-elf/lib/mel\libc.a(syswrite.o)
                0x00000000a00979c8                write
 .text          0x00000000a00979f0        0x0 c:/sunplus/s_core~1.1/gnu/bin/../lib/gcc/score-elf/4.2.1/../../../../score-elf/lib/mel\libc.a(impure.o)
 .text          0x00000000a00979f0      0x8ac c:/sunplus/s_core~1.1/gnu/bin/../lib/gcc/score-elf/4.2.1/../../../../score-elf/lib/mel\libc.a(mallocr.o)
                0x00000000a00979f0                _malloc_r
 .text          0x00000000a009829c        0x8 c:/sunplus/s_core~1.1/gnu/bin/../lib/gcc/score-elf/4.2.1/../../../../score-elf/lib/mel\libc.a(mlock.o)
                0x00000000a00982a0                __malloc_unlock
                0x00000000a009829c                __malloc_lock
 .text          0x00000000a00982a4      0x42c c:/sunplus/s_core~1.1/gnu/bin/../lib/gcc/score-elf/4.2.1/../../../../score-elf/lib/mel\libc.a(freer.o)
                0x00000000a00983c0                _free_r
                0x00000000a00982a4                _malloc_trim_r
 *(.gnu.warning)
 *(.glue_7t)
 *(.glue_7)

.fini
 *(.fini)
                0x00000000a00986d0                PROVIDE (__etext, .)
                0x00000000a00986d0                PROVIDE (_etext, .)
                0x00000000a00986d0                PROVIDE (etext, .)

.rodata         0x00000000a00986d0     0x1148
 *(.rodata .rodata.* .gnu.linkonce.r.*)
 .rodata        0x00000000a00986d0       0x10 Debug\main.o
 .rodata        0x00000000a00986e0       0x10 Debug\libgloss.o
 .rodata        0x00000000a00986f0     0x1004 Debug\tv.o
                0x00000000a00986f0                font
 .rodata        0x00000000a00996f4      0x120 Debug\ff.o
 .rodata.str1.4
                0x00000000a0099814        0x4 c:/sunplus/s_core~1.1/gnu/bin/../lib/gcc/score-elf/4.2.1/../../../../score-elf/lib/mel\libc.a(impure.o)

.rodata1
 *(.rodata1)

.sdata2
 *(.sdata2 .sdata2.* .gnu.linkonce.s2.*)

.sbss2
 *(.sbss2 .sbss2.* .gnu.linkonce.sb2.*)

.eh_frame_hdr
 *(.eh_frame_hdr)
                0x00000000a0099918                . = (ALIGN (0x100) + (. & 0xff))
                0x00000000a0099918                . = ALIGN (0x4)
                0x00000000a0099918                PROVIDE (__preinit_array_start, .)

.preinit_array
 *(.preinit_array)
                0x00000000a0099918                PROVIDE (__preinit_array_end, .)
                0x00000000a0099918                PROVIDE (__init_array_start, .)

.init_array
 *(.init_array)
                0x00000000a0099918                PROVIDE (__init_array_end, .)
                0x00000000a0099918                PROVIDE (__fini_array_start, .)

.fini_array
 *(.fini_array)
                0x00000000a0099918                PROVIDE (__fini_array_end, .)

.data           0x00000000a0099918      0x798
                0x00000000a0099918                __data_start = .
 *(.data .data.* .gnu.linkonce.d.*)
 .data          0x00000000a0099918        0x0 Debug\hyperscan_startup.o
 .data          0x00000000a0099918        0x0 Debug\main.o
 .data          0x00000000a0099918        0x0 Debug\libgloss.o
 .data          0x00000000a0099918        0x0 Debug\uart.o
 .data          0x00000000a0099918        0x0 Debug\tv.o
 .data          0x00000000a0099918        0x0 Debug\norflash.o
 .data          0x00000000a0099918        0x0 Debug\sys_isr.o
 .data          0x00000000a0099918        0x0 Debug\sys_irq.o
 .data          0x00000000a0099918        0x0 Debug\i2c.o
 .data          0x00000000a0099918        0x0 Debug\hs_controller.o
 .data          0x00000000a0099918        0x0 Debug\ff.o
 .data          0x00000000a0099918        0x0 Debug\diskio.o
 .data          0x00000000a0099918        0x0 c:/sunplus/s_core~1.1/gnu/bin/../lib/gcc/score-elf/4.2.1/../../../../score-elf/lib/mel\libc.a(abort.o)
 .data          0x00000000a0099918        0x0 c:/sunplus/s_core~1.1/gnu/bin/../lib/gcc/score-elf/4.2.1/../../../../score-elf/lib/mel\libc.a(memcmp.o)
 .data          0x00000000a0099918        0x0 c:/sunplus/s_core~1.1/gnu/bin/../lib/gcc/score-elf/4.2.1/../../../../score-elf/lib/mel\libc.a(memcpy.o)
 .data          0x00000000a0099918        0x0 c:/sunplus/s_core~1.1/gnu/bin/../lib/gcc/score-elf/4.2.1/../../../../score-elf/lib/mel\libc.a(memset.o)
 .data          0x00000000a0099918        0x0 c:/sunplus/s_core~1.1/gnu/bin/../lib/gcc/score-elf/4.2.1/../../../../score-elf/lib/mel\libc.a(signal.o)
 .data          0x00000000a0099918        0x0 c:/sunplus/s_core~1.1/gnu/bin/../lib/gcc/score-elf/4.2.1/../../../../score-elf/lib/mel\libc.a(strchr.o)
 .data          0x00000000a0099918        0x0 c:/sunplus/s_core~1.1/gnu/bin/../lib/gcc/score-elf/4.2.1/../../../../score-elf/lib/mel\libc.a(syswrite.o)
 .data          0x00000000a0099918      0x388 c:/sunplus/s_core~1.1/gnu/bin/../lib/gcc/score-elf/4.2.1/../../../../score-elf/lib/mel\libc.a(impure.o)
                0x00000000a0099918                _impure_ptr
 .data          0x00000000a0099ca0      0x410 c:/sunplus/s_core~1.1/gnu/bin/../lib/gcc/score-elf/4.2.1/../../../../score-elf/lib/mel\libc.a(mallocr.o)
                0x00000000a009a0ac                __malloc_sbrk_base
                0x00000000a0099ca0                __malloc_av_
                0x00000000a009a0a8                __malloc_trim_threshold
 .data          0x00000000a009a0b0        0x0 c:/sunplus/s_core~1.1/gnu/bin/../lib/gcc/score-elf/4.2.1/../../../../score-elf/lib/mel\libc.a(mlock.o)
 .data          0x00000000a009a0b0        0x0 c:/sunplus/s_core~1.1/gnu/bin/../lib/gcc/score-elf/4.2.1/../../../../score-elf/lib/mel\libc.a(freer.o)

.data1
 *(.data1)

.tdata
 *(.tdata .tdata.* .gnu.linkonce.td.*)

.tbss
 *(.tbss .tbss.* .gnu.linkonce.tb.*)
 *(.tcommon)

.eh_frame
 *(.eh_frame)

.gcc_except_table
 *(.gcc_except_table)

.dynamic
 *(.dynamic)

.ctors
 *crtbegin.o(.ctors)
 *(EXCLUDE_FILE(*crtend.o) .ctors)
 *(SORT(.ctors.*))
 *(.ctors)

.dtors
 *crtbegin.o(.dtors)
 *(EXCLUDE_FILE(*crtend.o) .dtors)
 *(SORT(.dtors.*))
 *(.dtors)

.jcr
 *(.jcr)

.got
 *(.got.plt)
 *(.got)
                0x00000000a009e0b0                _gp = (. + 0x4000)

.sdata          0x00000000a009a0b0        0x4
                0x00000000a009a0b0                _sdata_start = .
 *(.sdata .sdata.* .gnu.linkonce.s.*)
 .sdata         0x00000000a009a0b0        0x4 Debug\main.o
                0x00000000a009a0b0                fb
                0x00000000a009a0b4                _edata = .
                0x00000000a009a0b4                PROVIDE (edata, .)
                0x00000000a009a0b4                . = ALIGN (0x4)
                0x00000000a009a0b4                __bss_start = .
                0x00000000a009a0b4                __bss_start__ = .

.sbss           0x00000000a009a0b4       0x11
                0x00000000a009a0b4                PROVIDE (__sbss_start, .)
                0x00000000a009a0b4                PROVIDE (___sbss_start, .)
 *(.dynsbss)
 *(.sbss .sbss.* .gnu.linkonce.sb.*)
 .sbss          0x00000000a009a0b4        0x4 Debug\libgloss.o
 .sbss          0x00000000a009a0b8        0x8 Debug\ff.o
 *(.scommon)
 .scommon       0x00000000a009a0c0        0x5 Debug\hs_controller.o
                0x00000000a009a0c0                controller
                0x00000000a009a0c5                PROVIDE (__sbss_end, .)
                0x00000000a009a0c5                PROVIDE (___sbss_end, .)
                0x00000000a009e0b0                _gp = (_sdata_start + 0x4000)

.bss            0x00000000a009a0c8    0x80364
 *(.dynbss)
 *(.bss .bss.* .gnu.linkonce.b.*)
 .bss           0x00000000a009a0c8        0x0 Debug\hyperscan_startup.o
 .bss           0x00000000a009a0c8        0x0 Debug\main.o
 .bss           0x00000000a009a0c8    0x80000 Debug\libgloss.o
 .bss           0x00000000a011a0c8        0x0 Debug\uart.o
 .bss           0x00000000a011a0c8        0x0 Debug\tv.o
 .bss           0x00000000a011a0c8        0x0 Debug\norflash.o
 .bss           0x00000000a011a0c8        0x0 Debug\sys_isr.o
 .bss           0x00000000a011a0c8      0x100 Debug\sys_irq.o
 .bss           0x00000000a011a1c8        0x0 Debug\i2c.o
 .bss           0x00000000a011a1c8        0x0 Debug\hs_controller.o
 .bss           0x00000000a011a1c8        0x0 Debug\ff.o
 .bss           0x00000000a011a1c8        0x0 Debug\diskio.o
 .bss           0x00000000a011a1c8        0x0 c:/sunplus/s_core~1.1/gnu/bin/../lib/gcc/score-elf/4.2.1/../../../../score-elf/lib/mel\libc.a(abort.o)
 .bss           0x00000000a011a1c8        0x0 c:/sunplus/s_core~1.1/gnu/bin/../lib/gcc/score-elf/4.2.1/../../../../score-elf/lib/mel\libc.a(memcmp.o)
 .bss           0x00000000a011a1c8        0x0 c:/sunplus/s_core~1.1/gnu/bin/../lib/gcc/score-elf/4.2.1/../../../../score-elf/lib/mel\libc.a(memcpy.o)
 .bss           0x00000000a011a1c8        0x0 c:/sunplus/s_core~1.1/gnu/bin/../lib/gcc/score-elf/4.2.1/../../../../score-elf/lib/mel\libc.a(memset.o)
 .bss           0x00000000a011a1c8        0x0 c:/sunplus/s_core~1.1/gnu/bin/../lib/gcc/score-elf/4.2.1/../../../../score-elf/lib/mel\libc.a(signal.o)
 .bss           0x00000000a011a1c8        0x0 c:/sunplus/s_core~1.1/gnu/bin/../lib/gcc/score-elf/4.2.1/../../../../score-elf/lib/mel\libc.a(strchr.o)
 .bss           0x00000000a011a1c8        0x0 c:/sunplus/s_core~1.1/gnu/bin/../lib/gcc/score-elf/4.2.1/../../../../score-elf/lib/mel\libc.a(syswrite.o)
 .bss           0x00000000a011a1c8        0x0 c:/sunplus/s_core~1.1/gnu/bin/../lib/gcc/score-elf/4.2.1/../../../../score-elf/lib/mel\libc.a(impure.o)
 .bss           0x00000000a011a1c8       0x34 c:/sunplus/s_core~1.1/gnu/bin/../lib/gcc/score-elf/4.2.1/../../../../score-elf/lib/mel\libc.a(mallocr.o)
                0x00000000a011a1c8                __malloc_top_pad
                0x00000000a011a1cc                __malloc_max_sbrked_mem
                0x00000000a011a1d4                __malloc_current_mallinfo
                0x00000000a011a1d0                __malloc_max_total_mem
 .bss           0x00000000a011a1fc        0x0 c:/sunplus/s_core~1.1/gnu/bin/../lib/gcc/score-elf/4.2.1/../../../../score-elf/lib/mel\libc.a(mlock.o)
 .bss           0x00000000a011a1fc        0x0 c:/sunplus/s_core~1.1/gnu/bin/../lib/gcc/score-elf/4.2.1/../../../../score-elf/lib/mel\libc.a(freer.o)
 *(COMMON)
 COMMON         0x00000000a011a1fc      0x230 Debug\ff.o
                0x00000000a011a1fc                fs
                0x00000000a011a42c                . = ALIGN (0x4)
                0x00000000a011a42c                . = ALIGN (0x4)
                0x00000000a011a42c                _end = .
                0x00000000a011a42c                _bss_end__ = .
                0x00000000a011a42c                __bss_end__ = .
                0x00000000a011a42c                __end__ = .
                0x00000000a011a42c                PROVIDE (end, .)

.stab
 *(.stab)

.stabstr
 *(.stabstr)

.stab.excl
 *(.stab.excl)

.stab.exclstr
 *(.stab.exclstr)

.stab.index
 *(.stab.index)

.stab.indexstr
 *(.stab.indexstr)

.comment        0x0000000000000000      0x17a
 *(.comment)
 .comment       0x0000000000000000       0x12 Debug\main.o
 .comment       0x0000000000000012       0x12 Debug\libgloss.o
 .comment       0x0000000000000024       0x12 Debug\uart.o
 .comment       0x0000000000000036       0x12 Debug\tv.o
 .comment       0x0000000000000048       0x12 Debug\norflash.o
 .comment       0x000000000000005a       0x12 Debug\sys_irq.o
 .comment       0x000000000000006c       0x12 Debug\i2c.o
 .comment       0x000000000000007e       0x12 Debug\hs_controller.o
 .comment       0x0000000000000090       0x12 Debug\ff.o
 .comment       0x00000000000000a2       0x12 Debug\diskio.o
 .comment       0x00000000000000b4       0x12 c:/sunplus/s_core~1.1/gnu/bin/../lib/gcc/score-elf/4.2.1/../../../../score-elf/lib/mel\libc.a(abort.o)
 .comment       0x00000000000000c6       0x12 c:/sunplus/s_core~1.1/gnu/bin/../lib/gcc/score-elf/4.2.1/../../../../score-elf/lib/mel\libc.a(memcmp.o)
 .comment       0x00000000000000d8       0x12 c:/sunplus/s_core~1.1/gnu/bin/../lib/gcc/score-elf/4.2.1/../../../../score-elf/lib/mel\libc.a(memcpy.o)
 .comment       0x00000000000000ea       0x12 c:/sunplus/s_core~1.1/gnu/bin/../lib/gcc/score-elf/4.2.1/../../../../score-elf/lib/mel\libc.a(memset.o)
 .comment       0x00000000000000fc       0x12 c:/sunplus/s_core~1.1/gnu/bin/../lib/gcc/score-elf/4.2.1/../../../../score-elf/lib/mel\libc.a(signal.o)
 .comment       0x000000000000010e       0x12 c:/sunplus/s_core~1.1/gnu/bin/../lib/gcc/score-elf/4.2.1/../../../../score-elf/lib/mel\libc.a(strchr.o)
 .comment       0x0000000000000120       0x12 c:/sunplus/s_core~1.1/gnu/bin/../lib/gcc/score-elf/4.2.1/../../../../score-elf/lib/mel\libc.a(syswrite.o)
 .comment       0x0000000000000132       0x12 c:/sunplus/s_core~1.1/gnu/bin/../lib/gcc/score-elf/4.2.1/../../../../score-elf/lib/mel\libc.a(impure.o)
 .comment       0x0000000000000144       0x12 c:/sunplus/s_core~1.1/gnu/bin/../lib/gcc/score-elf/4.2.1/../../../../score-elf/lib/mel\libc.a(mallocr.o)
 .comment       0x0000000000000156       0x12 c:/sunplus/s_core~1.1/gnu/bin/../lib/gcc/score-elf/4.2.1/../../../../score-elf/lib/mel\libc.a(mlock.o)
 .comment       0x0000000000000168       0x12 c:/sunplus/s_core~1.1/gnu/bin/../lib/gcc/score-elf/4.2.1/../../../../score-elf/lib/mel\libc.a(freer.o)

.debug
 *(.debug)

.line
 *(.line)

.debug_srcinfo
 *(.debug_srcinfo)

.debug_sfnames
 *(.debug_sfnames)

.debug_aranges  0x0000000000000000      0x180
 *(.debug_aranges)
 .debug_aranges
                0x0000000000000000       0x20 Debug\hyperscan_startup.o
 .debug_aranges
                0x0000000000000020       0x20 Debug\main.o
 .debug_aranges
                0x0000000000000040       0x20 Debug\libgloss.o
 .debug_aranges
                0x0000000000000060       0x20 Debug\uart.o
 .debug_aranges
                0x0000000000000080       0x20 Debug\tv.o
 .debug_aranges
                0x00000000000000a0       0x20 Debug\norflash.o
 .debug_aranges
                0x00000000000000c0       0x20 Debug\sys_isr.o
 .debug_aranges
                0x00000000000000e0       0x20 Debug\sys_irq.o
 .debug_aranges
                0x0000000000000100       0x20 Debug\i2c.o
 .debug_aranges
                0x0000000000000120       0x20 Debug\hs_controller.o
 .debug_aranges
                0x0000000000000140       0x20 Debug\ff.o
 .debug_aranges
                0x0000000000000160       0x20 Debug\diskio.o

.debug_pubnames
                0x0000000000000000      0x542
 *(.debug_pubnames)
 .debug_pubnames
                0x0000000000000000       0x22 Debug\main.o
 .debug_pubnames
                0x0000000000000022       0xbb Debug\libgloss.o
 .debug_pubnames
                0x00000000000000dd       0x43 Debug\uart.o
 .debug_pubnames
                0x0000000000000120       0xd3 Debug\tv.o
 .debug_pubnames
                0x00000000000001f3       0xc3 Debug\norflash.o
 .debug_pubnames
                0x00000000000002b6       0x32 Debug\sys_irq.o
 .debug_pubnames
                0x00000000000002e8       0x3c Debug\i2c.o
 .debug_pubnames
                0x0000000000000324       0x4f Debug\hs_controller.o
 .debug_pubnames
                0x0000000000000373      0x111 Debug\ff.o
 .debug_pubnames
                0x0000000000000484       0xbe Debug\diskio.o

.debug_info     0x0000000000000000     0x48fc
 *(.debug_info .gnu.linkonce.wi.*)
 .debug_info    0x0000000000000000       0xc4 Debug\hyperscan_startup.o
 .debug_info    0x00000000000000c4      0x11a Debug\main.o
 .debug_info    0x00000000000001de     0x1115 Debug\libgloss.o
 .debug_info    0x00000000000012f3      0x15f Debug\uart.o
 .debug_info    0x0000000000001452      0x4f6 Debug\tv.o
 .debug_info    0x0000000000001948      0x28a Debug\norflash.o
 .debug_info    0x0000000000001bd2       0xa0 Debug\sys_isr.o
 .debug_info    0x0000000000001c72      0x1ab Debug\sys_irq.o
 .debug_info    0x0000000000001e1d      0x151 Debug\i2c.o
 .debug_info    0x0000000000001f6e      0x2d7 Debug\hs_controller.o
 .debug_info    0x0000000000002245     0x2104 Debug\ff.o
 .debug_info    0x0000000000004349      0x5b3 Debug\diskio.o

.debug_abbrev   0x0000000000000000      0x872
 *(.debug_abbrev)
 .debug_abbrev  0x0000000000000000       0x14 Debug\hyperscan_startup.o
 .debug_abbrev  0x0000000000000014       0x5f Debug\main.o
 .debug_abbrev  0x0000000000000073      0x1ce Debug\libgloss.o
 .debug_abbrev  0x0000000000000241       0x69 Debug\uart.o
 .debug_abbrev  0x00000000000002aa       0xa8 Debug\tv.o
 .debug_abbrev  0x0000000000000352       0x97 Debug\norflash.o
 .debug_abbrev  0x00000000000003e9       0x14 Debug\sys_isr.o
 .debug_abbrev  0x00000000000003fd       0x9f Debug\sys_irq.o
 .debug_abbrev  0x000000000000049c       0x80 Debug\i2c.o
 .debug_abbrev  0x000000000000051c       0xcf Debug\hs_controller.o
 .debug_abbrev  0x00000000000005eb      0x190 Debug\ff.o
 .debug_abbrev  0x000000000000077b       0xf7 Debug\diskio.o

.debug_line     0x0000000000000000     0x11bd
 *(.debug_line)
 .debug_line    0x0000000000000000       0xa8 Debug\hyperscan_startup.o
 .debug_line    0x00000000000000a8       0x84 Debug\main.o
 .debug_line    0x000000000000012c      0x198 Debug\libgloss.o
 .debug_line    0x00000000000002c4       0x77 Debug\uart.o
 .debug_line    0x000000000000033b      0x12e Debug\tv.o
 .debug_line    0x0000000000000469       0xd2 Debug\norflash.o
 .debug_line    0x000000000000053b       0xfa Debug\sys_isr.o
 .debug_line    0x0000000000000635       0x72 Debug\sys_irq.o
 .debug_line    0x00000000000006a7       0x83 Debug\i2c.o
 .debug_line    0x000000000000072a       0xf8 Debug\hs_controller.o
 .debug_line    0x0000000000000822      0x85e Debug\ff.o
 .debug_line    0x0000000000001080      0x13d Debug\diskio.o

.debug_frame    0x0000000000000000      0xd8c
 *(.debug_frame)
 .debug_frame   0x0000000000000000       0x30 Debug\main.o
 .debug_frame   0x0000000000000030      0x184 Debug\libgloss.o
 .debug_frame   0x00000000000001b4       0x5c Debug\uart.o
 .debug_frame   0x0000000000000210      0x15c Debug\tv.o
 .debug_frame   0x000000000000036c      0x100 Debug\norflash.o
 .debug_frame   0x000000000000046c       0x60 Debug\sys_irq.o
 .debug_frame   0x00000000000004cc       0x60 Debug\i2c.o
 .debug_frame   0x000000000000052c       0x5c Debug\hs_controller.o
 .debug_frame   0x0000000000000588      0x6e4 Debug\ff.o
 .debug_frame   0x0000000000000c6c      0x120 Debug\diskio.o

.debug_str      0x0000000000000000       0x57
 *(.debug_str)
 .debug_str     0x0000000000000000       0x1f Debug\libgloss.o
 .debug_str     0x000000000000001f       0x1b Debug\tv.o
 .debug_str     0x000000000000003a        0xf Debug\ff.o
 .debug_str     0x0000000000000049        0xe Debug\diskio.o

.debug_loc      0x0000000000000000     0x1a28
 *(.debug_loc)
 .debug_loc     0x0000000000000000       0x43 Debug\main.o
 .debug_loc     0x0000000000000043      0x2c6 Debug\libgloss.o
 .debug_loc     0x0000000000000309       0x8d Debug\uart.o
 .debug_loc     0x0000000000000396      0x288 Debug\tv.o
 .debug_loc     0x000000000000061e      0x1e8 Debug\norflash.o
 .debug_loc     0x0000000000000806       0x99 Debug\sys_irq.o
 .debug_loc     0x000000000000089f       0x99 Debug\i2c.o
 .debug_loc     0x0000000000000938       0x9e Debug\hs_controller.o
 .debug_loc     0x00000000000009d6      0xe27 Debug\ff.o
 .debug_loc     0x00000000000017fd      0x22b Debug\diskio.o

.debug_macinfo
 *(.debug_macinfo)

.debug_weaknames
 *(.debug_weaknames)

.debug_funcnames
 *(.debug_funcnames)

.debug_typenames
 *(.debug_typenames)

.debug_varnames
 *(.debug_varnames)
OUTPUT(Debug\hyperscan.elf elf32-littlescore)

.pdr            0x0000000000000000     0x1020
 .pdr           0x0000000000000000        0x0 Debug\hyperscan_startup.o
 .pdr           0x0000000000000000       0x20 Debug\main.o
 .pdr           0x0000000000000020      0x1c0 Debug\libgloss.o
 .pdr           0x00000000000001e0       0x60 Debug\uart.o
 .pdr           0x0000000000000240      0x180 Debug\tv.o
 .pdr           0x00000000000003c0      0x100 Debug\norflash.o
 .pdr           0x00000000000004c0        0x0 Debug\sys_isr.o
 .pdr           0x00000000000004c0       0x60 Debug\sys_irq.o
 .pdr           0x0000000000000520       0x60 Debug\i2c.o
 .pdr           0x0000000000000580       0x40 Debug\hs_controller.o
 .pdr           0x00000000000005c0      0x6e0 Debug\ff.o
 .pdr           0x0000000000000ca0      0x120 Debug\diskio.o
 .pdr           0x0000000000000dc0       0x20 c:/sunplus/s_core~1.1/gnu/bin/../lib/gcc/score-elf/4.2.1/../../../../score-elf/lib/mel\libc.a(abort.o)
 .pdr           0x0000000000000de0       0x20 c:/sunplus/s_core~1.1/gnu/bin/../lib/gcc/score-elf/4.2.1/../../../../score-elf/lib/mel\libc.a(memcmp.o)
 .pdr           0x0000000000000e00       0x20 c:/sunplus/s_core~1.1/gnu/bin/../lib/gcc/score-elf/4.2.1/../../../../score-elf/lib/mel\libc.a(memcpy.o)
 .pdr           0x0000000000000e20       0x20 c:/sunplus/s_core~1.1/gnu/bin/../lib/gcc/score-elf/4.2.1/../../../../score-elf/lib/mel\libc.a(memset.o)
 .pdr           0x0000000000000e40      0x100 c:/sunplus/s_core~1.1/gnu/bin/../lib/gcc/score-elf/4.2.1/../../../../score-elf/lib/mel\libc.a(signal.o)
 .pdr           0x0000000000000f40       0x20 c:/sunplus/s_core~1.1/gnu/bin/../lib/gcc/score-elf/4.2.1/../../../../score-elf/lib/mel\libc.a(strchr.o)
 .pdr           0x0000000000000f60       0x20 c:/sunplus/s_core~1.1/gnu/bin/../lib/gcc/score-elf/4.2.1/../../../../score-elf/lib/mel\libc.a(syswrite.o)
 .pdr           0x0000000000000f80        0x0 c:/sunplus/s_core~1.1/gnu/bin/../lib/gcc/score-elf/4.2.1/../../../../score-elf/lib/mel\libc.a(impure.o)
 .pdr           0x0000000000000f80       0x20 c:/sunplus/s_core~1.1/gnu/bin/../lib/gcc/score-elf/4.2.1/../../../../score-elf/lib/mel\libc.a(mallocr.o)
 .pdr           0x0000000000000fa0       0x40 c:/sunplus/s_core~1.1/gnu/bin/../lib/gcc/score-elf/4.2.1/../../../../score-elf/lib/mel\libc.a(mlock.o)
 .pdr           0x0000000000000fe0       0x40 c:/sunplus/s_core~1.1/gnu/bin/../lib/gcc/score-elf/4.2.1/../../../../score-elf/lib/mel\libc.a(freer.o)
